.@Microsoft unveils cloud-based #AI #cybersecurity tools #cloudsecurity #CyberAttacks #databreach #dataprotection #HealthTech #infosec #tech #news https://t.co/Uygl6anrzq
#Cybersecurity companies look to artificial intelligence as they struggle to find human workers #AI #dataprotection #infosec #tech #news https://t.co/gl6qZg0Nbg
RT @Netskope: Netskope’s new integration with the @CrowdStrike Falcon Platform will enable enterprises to extend advanced #threatdetection…
RT @USCERT_gov: Cisco Releases Security Updates https://t.co/wmoZVI5CL5 #cyber #cybersecurity #infosec
RT @USCERT_gov: National Consumer Protection Week https://t.co/OMsUM59Otr #cyber #cybersecurity #infosec
RT @USCERT_gov: OpenSSL Releases Security Update https://t.co/tSQTKrnTMl #cyber #cybersecurity #infosec
RT @symantec: Use of malicious PowerShell scripts increased by 1,000 percent in 2018, as attackers continued the movement towards living of…
RT @ColoTechAsn: CO Blockchain is open for business! @GovofCO #techobsesed https://t.co/vEwwkmtU3f
RT @trace3: How to put your data to work. #451Research #dataintelligence #bigdata https://t.co/qGUITUcjux
RT @trace3: Misconfiguration Leads to Major Health Data Breach #databreach #cybersecurity https://t.co/r270UHu27O
RT @trace3: The Importance of Security Expertise &amp; Broad Qualifications - NEW on the Trace3 Blog | Trace3 https://t.co/YCAitW7vGm https://t…
RT @DarkReading: 'Cloudborne': Bare-Metal Cloud Servers Vulnerable to Attack https://t.co/mQrAR4RwYZ #cyberattack #IBM #vulnerability
#Cybersecurity VC Investment in #China, #UK, and #Israel via @SCV_Cyber #infosec #databreach #dataprotection #tech #news https://t.co/yLMcIuKlbG
ISTR 24: @symantec Annual Threat Report Reveals More Ambitious and Destructive Attacks #cybersecurity #CyberAttack #databreach #dataprotection #infosec #Ransomware #tech #news 	https://t.co/YKdc07LhM9
RT @arstechnica: Supermicro hardware weaknesses let researchers backdoor an IBM cloud server https://t.co/ZKGYRh79gN by @dangoodin001
"Once the firmware is infected, there's really no way to know if it is still infected or to recover from it." @eclypsium @IBM @BMCSoftware @Supermicro_SMCI #cybersecurity #cloudsecurity #infosec #hacking #Malware #tech #news https://t.co/qEC9hRyCHM
RT @cloudsa: New privacy regulations like #GDPR and #CCPA make finding and protecting personal information more critical than ever. This We…
.@Intuit Denies #DataBreach At @turbotax #cybersecurity #infosec #tech #news	https://t.co/sSzy6mzd5i
.@mozilla fears #encryption law could turn its employees into insider threats #cybersecurity #infosec #tech #news 	https://t.co/6Uy8TpK1V9
RT @Netskope: Smart Cloud Sessions: Learn how Netskope secures your sensitive data in Public Cloud Infrastructure https://t.co/c97gIbCQHc #…
RT @CyberScoopNews: NEW: North Korean hackers go on phishing expedition before Trump-Kim summit https://t.co/NiMV9oMoIm https://t.co/UQtOUe…
RT @SymantecGov: Government networks are faced with millions of #cyberthreats every day, and responding proactively and appropriately to th…
RT @LogRhythm: "How Financial Firms Can Use Technology To Combat Today’s Cybercriminals." Learn more in this recent article from Finance Di…
RT @DigitalGuardian: Learn about Zero Trust and why it may just be more secure than traditional network security in this week's #DataProtec…
RT @DigitalGuardian: It's time to stop managing intellectual property on a wing and a prayer. Great read here via @SupplyChainDive, especia…
RT @McAfee: Do you know how much information is stored in your photos? “Hackable?” explores the risks behind photos and posting them on soc…
RT @LogRhythm: Formjacking is becoming the new favorite way for hackers to steal personal data. Read more via @FortuneMagazine: 	https://t.…
RT @LogRhythm: Find out how #UEBA can help you prevent a data exfiltration attempt. Watch the #demo: https://t.co/tjkG31qFNy https://t.co/s…
RT @symantec: Products that work together is always the goal. And our Integrated Cyber Defense Platform will be making new waves doing just…
RT @avtestorg: Congratulations! The AV-TEST Awards 2018 go to Symantec: https://t.co/PT7SZAixzM @symantec @NortonOnline https://t.co/uH2Wmn…
RT @briankrebs: It gets tiring to read story after story about a claimed "breach" at a company that is down to credential re-use. There is…
RT @briankrebs: Repeat after me, folks: Successful credential stuffing attacks does not equal breach. This happens to 100% of companies tha…
How @symantec Aced the AV-Test – Again #cybersecurity #infosec #DataProtection #tech #news	https://t.co/A0kOG5SpNs
RT @cloudsa: Here are the top cybersecurity stories of recent weeks:  https://t.co/W7ssyXvx31
.@CyberArk Named Best Privileged Access Security Solution #cloudsecurity #cybersecurity #DataProtection #infosec #tech #news https://t.co/2mtwlRSDpj
RT @USCERT_gov: SB19-056: Vulnerability Summary for the Week of February 18, 2019 https://t.co/uSjx2ElI0t #cyber #cybersecurity #infosec
The 12 Most Critical Risks for Serverless Applications via @cloudsa #cybersecurity #infosec #cloudsecurity #tech #news https://t.co/uHOTnBmx5u
New @USCIS data reveal the @realDonaldTrump crackdown on high-skilled immigration has hit the IT services sector the hardest @Apple @amazon @Cognizant @facebook @Microsoft @BillGates @tim_cook @JeffBezos @sherylsandberg #cybersecurity #infosec #tech #news 	https://t.co/iVotoWKJXG
How to Tell if Your @gmail @facebook @instagram @Outlook @Twitter @Yahoo Account Has Been Hacked #cybersecurity #hacking #infosec #databreach #dataprotection #dataprivacy #tech #news https://t.co/tPxQ9Z56rv
No @Intuit @turbotax @IRStaxpros #DataBreach #cybersecurity #dataprotection #infosec #TaxReturn #tech #news https://t.co/8O8H5fJLIf
RT @turbotax: @CybersecurityC6 There was NO data breach of Intuit where a third party improperly accessed Intuit systems. For accurate info…
Zcash Solves #GDPR Compliance with Shielded Addresses and P4 Protocol #blockchain #cybersecurity #dataprotection #fintech #infosec #tech #news @EmmanuelMacron	https://t.co/l5qpLYQIAi
.@Intuit Discloses a Successful #TaxReturns Stuffing Attack Against @turbotax Customers #cybersecurity #databreach #dataprotection #infosec #tech #news https://t.co/CMA6gwLOmK https://t.co/yUTdOb9KZ0
RT @LogRhythm: Learn how to get started with the #threathunting basics in this on-demand webinar: https://t.co/NnAc24EN8q
Newly Patched WinRAR Vulnerability Existed for 19 Years @Windows @Microsoft @BillGates @CheckPointSW @_CPResearch_ #cybersecurity #infosec #malware #tech #news https://t.co/MzmWOZqfYu
RT @symantec: There’s a need for integrated platforms in the #cybersecurity industry, so we’re leading a #platformshift. Are you in? https:…
Death, taxes, and #cybersecurity @turbotax @Intuit @IRStaxpros Are you safeguarding critical data during this tax season? #CyberAttack #databreach #DataProtection #Infosec #Hacking #TaxReturns #tech #news https://t.co/t3i51iEvSB
#Cybersecurity success still depends on getting the basics right #infosec #cyberattack #dataprotection #tech #news	https://t.co/rq6ZTLLLbF
RT @proofpoint: Cybercriminals engaged in phishing campaigns have adopted a new technique to help disguise nefarious webpages. https://t.co…
Apps Send Sensitive User Information Directly to @facebook #cybersecurity #infosec #dataprivacy #gdpr #tech #news https://t.co/btkCzZ19om
.@Google @googlemaps starts program in Colorado to combat opioid crisis, identify drug disposal locations @cvspharmacy @Walgreens @DEAHQ @jaredpolis @pettersen4co @AlecGarnett #cybersecurity #infosec #dataprivacy #HealthTech #tech #news #copolitics	https://t.co/Mao7CSUbvq
California bill aims to strengthen #databreach notification law @XavierBecerra @MarcLevine @GavinNewsom #cybersecurity #CyberAttack #infosec #DataProtection #tech #news https://t.co/3aEKdjgPnU
RT @schneierblog: Gen. Nakasone on US CyberCommand https://t.co/n5rAQQmMu6
RT @TechCircleIndia: How #cybersecurity firm Forcepoint plans to speed up India #growth | @ForcepointSec 	https://t.co/wuJD2HyGvj https://t…
RT @symantec: The supply chain continues to be a weak point for online retailers and e-commerce sites. Here’s how attackers are getting ste…
RT @symantec: Cyber criminals have a new favorite attack method: formjacking. @FortuneMagazine has the details about this year's #ISTR. htt…
RT @ColoTechAsn: Looking to technology to avoid doctors’ offices and emergency rooms - Denver Business Journal  https://t.co/7sSooXcqM7
RT @ColoTechAsn: Unanimously passed Colorado cryptocurrency token exemption bill heads to governor’s desk  https://t.co/biWv7z2ioO
RT @Netskope: What can we learn from the chatbot attacks we’ve seen so far? https://t.co/2QAeansAJb
RT @CISAgov: Learn more about how @IRSnews communicates electronically with	taxpayers here: https://t.co/OaLV8XDE45.	@cyber #CyberAware #Cy…
RT @CISAgov: This tax season, beware of scam artists attempting to pose as legitimate IRS agents. @IRStaxpros do NOT initiate contact with…
RT @CISAgov: Don’t slouch when it comes to your @cyber posture. It’s important to always be in on-guard position, to protect your data from…
Sen. @MarkWarner enlists #healthcare industry help on #cybersecurity #infosec #HealthTech #HIPAA #tech #news 	https://t.co/KCIl9SGiwz
RT @SymantecEMEA: Our latest Internet Security Threat Report has found more than 4,800 websites are being hit by #FormJacking attacks every…
Why #IoT devices pose a bigger #cybersecurity risk than most realize #CyberAttack #infosec #hacking #malware #tech #news	https://t.co/1qGWDOsXOh
RT @LogRhythm: Learn how to mature your security operations and reduce your mean time to detect and respond to #cyberthreats. See how to ap…
RT @USCERT_gov: ISC Releases Security Updates for BIND https://t.co/8OByuT4L8b #cyber #cybersecurity #infosec
RT @cloudsa: Security needs to be an integral part of the DevOps roadmap. https://t.co/EQiFgjoJwt  @symantec
RT @USCERT_gov: Adobe Releases Security Updates https://t.co/ICVHnxpyoo #CISA #cyber #cybersecurity #infosec
RT @USCERT_gov: Drupal Releases Security Updates https://t.co/lsdgOoNlXU #cyber #cybersecurity #infosec
Anatomy of a MITM #cybersecurity attack #infosec #hacking #tech #news https://t.co/6jBIjwKYki
RT @briankrebs: New breed of fuel pump skimmer uses SMS and Bluetooth, creates Bluetooth hub that collects card data from compromised pumps…
RT @cloudsa: Join Josh Stella, @FugueHQ as he explores two different approaches to address critical #misconfiguration issues, comparing the…
.@Netskope Extends #CloudSecurity to @Google #Cloud Platform #cybersecurity #infosec #dataprotection #tech #news  https://t.co/OdvKfZPReY
RT @McAfee: Before you embark on your #cloud journey, explore where you are now, where you want to go, and what obstacles you may face. Our…
RT @McAfee: We'll keep innovating security, so you can keep innovating the world. See what true device-to-cloud cybersecurity looks like. h…
RT @CyberScoopNews: Researchers paint different portraits of hackers behind Ryuk ransomware  https://t.co/6O0AqcZ1mC by @snlyngaas https://…
RT @briankrebs: Lead NYT story on Chinese and Iranian hackers renewing attacks on US companies touches on some of the issues raised in my s…
RT @symantec: Are you dealing with fragmented cyber security tools, increased complexity and spending more and more on security? Don't miss…
RT @USCERT_gov: Cisco Releases Security Updates https://t.co/gmrjzKFUTh #CISA #cyber #cybersecurity #infosec
RT @proofpoint: Proofpoint Named a Leader for the 7th time in a row in the latest #Gartner Magic Quadrant for Enterprise Information #Archi…
RT @ZDNet: Cyber espionage warning: The most advanced hacking groups are getting more ambitious https://t.co/NiVUvwvksB by @dannyjpalmer
RT @ColoTechAsn: Member Blog Post: Read @ColoTechAsn member @Sopheon's CTO Paul Heller's article on why Denver has become a hotbed for #inn…
RT @ColoTechAsn: The countdown is on for #CLevel2019! Check out the C-Level Celebrities you can bid on and get your tickets to Colorado tec…
With new and emerging security threats to #blockchain projects, it's time to consider building decentralized security applications #cybersecurity #infosec #tech #news https://t.co/sArx9f2yJA
RT @SymantecGov: While technology continues to innovate in the #cybersecurity space, the pace of innovation has not always kept up with adv…
RT @LogRhythm: Download the new Definitive Guide to #SOAR e-Book to learn how to optimize your team’s workload and reduce manual tasks: htt…
RT @ForcepointSec: The US @DeptofDefense must embrace cross-domain security and continuous monitoring. Forcepoint's #CTO of global governme…
RT @schneierblog: Details on Recent DNS Hijacking https://t.co/GW6zjjw6D7
RT @USCERT_gov: SB19-049: Vulnerability Summary for the Week of February 11, 2019 [[https://t.co/8urtvICIin]] #NCCIC #cyber #cybersecurity…
RT @RansomBank: @symantec @CybersecurityC6 Congrats
#cybersecurity #blockchain #CannabisCommunity #compliance #datasecurity #infosec #privacy #HealthTech #fintech #HIPAA #PIPEDA @GovCanHealth @CannabisCCI @KarinaCCI @jj_cci https://t.co/S70GutynyS
RT @Gartner_inc: Gartner survey reveals that 75 percent of organizations implementing #IoT already use #digitaltwins or plan to within a ye…
RT @RansomBank: @CybersecurityC6 @Oreo @MDLZ Cool article!
RT @symantec: We are honored to be named a Leader in The #ForresterWave for Cloud Security Gateways Q1 2019. Download the report here: http…
What does #CyberWarfare look like? We're about to find out, but from an unlikely source @Oreo @MDLZ #CyberSecurity #dataprotection #infosec #Hacking #malware #tech #news	https://t.co/YtNjpFVvDT
With just $60 and internet access, researchers found and tracked @NATO troops and even tricked them into disobeying orders #cybersecurity #CyberAttack #infosec #pentest #redteam	#Hacking #tech #news	https://t.co/ck64MvSrS2
#IoT devices make our lives easier. However, IoT security risks are an increasing concern in a connected world. Learn how you can reduce vulnerability and mitigate risk &gt;&gt; https://t.co/8DZcNUQ7EF #cybersecurity #dataprotection #infosec #fintech #HealthTech #retail #tech #news https://t.co/VtYomcJQx2
Password Managers @LastPass @KeePass Can Be Vulnerable to #Malware Attacks #cybersecurity #infosec #databreach #dataprotection #tech #news 	https://t.co/nrMsQ0RRkv
European standards org releases consumer #IoT #cybersecurity standard #infosec #dataprotection #dataprivacy #GDPR #tech #news 	https://t.co/zBSSuAGkvg
Unearthed emails could be smoking gun in epic #GDPR battle against @Google, #adtech giants #cybersecurity #infosec #databreach #dataprotection #dataprivacy #tech #news	https://t.co/WnmpUm3zFK
.@Wendys to pay $50M in #databreach settlement #cybersecurity #infosec #CyberAttack #Hacking	#tech #news 	https://t.co/jP6eFnTGcz
Critical Flaw Uncovered In @WordPress That Remained Unpatched for 6 Years #cybersecurity #infosec #databreach #CyberAttack #Hacking #tech #news 	https://t.co/4WZWqJV5VG
.@github widens the scope of its bug bounty program and increases rewards #cybersecurity #infosec #Hacking #tech #news 	https://t.co/HassfezlZ3
Virus attack! #Hackers unleash social media worm after bug report ignored #cybersecurity #infosec #tech #news	https://t.co/u449FKpt7h
Can we trust @Huawei with #5G? #cybersecurity #CyberAttack #databreach #infosec #IoT #tech #NationalSecurity #news	https://t.co/7WQXgfGoKw
.@BlueShieldCA @AltaMedHealthS Patient Data Breached in Business Associate Hack #cybersecurity #infosec #Databreach #healthtech #Hacker #HIPAA #tech #news 	https://t.co/eAbtByxgeI
.@Google vs. #GDPR: the ripple effect of the biggest #dataprotection fine to date #cybersecurity #Databreach #infosec #tech #news	https://t.co/4S2lofXLzt
Enterprises need to embrace top-down #cybersecurity management #infosec #dataprotection #CISO #tech #news	https://t.co/gFPu66Kxcv
#Databreach hits 50 Arizona businesses including @chompiesaz @ZippsSports @Someburros #cybersecurity #dataprotection #infosec #tech #news 	https://t.co/j1CcnhYQOt
Can the @USArmy's Strykers be #hacked? Cyber vulnerabilities found in upgunned vehicles #cybersecurity #infosec #CyberAttack #tech #news 	https://t.co/vdGfDgmYVr
How To Kill The #Internet: An Annotated Guide via @gzeromedia @ianbremmer #cybersecurity #infosec #tech #news 	https://t.co/aHc1VfCoaK
15 #Cybersecurity Stocks to Watch as the Industry Heats Up #infosec #dataprotection #dataprivacy #databreach #Hacker #tech #news 	https://t.co/M9p2KxhOZA
Protecting Your Personal Info From #Cybersecurity Threats #infosec #dataprivacy #DataBreach #Hacker #tech #news 	https://t.co/nLiRUyKriK
.@Microsoft study shows poor employee habits threaten #Cybersecurity #infosec #databreach #dataprotection #Hacker #tech #news 	https://t.co/uk59h7sOnf
RT @proofpoint: Fraud and #phishing on #SocialMedia has increased significantly over the past 1-2 years; Fraud is also widespread on other…
RT @MuleSoft: Moving to the cloud is often fraught with unforeseen challenges. Learn how APIs make it a seamless migration.
RT @InfoSecHotSpot: This Cybersecurity CEO Says Your Company's Success Can be Predicted By a Single Quality https://t.co/19V4DKKw1g via @In…
RT @cloudsa: Join our Chief Blockchain Officer, @kurtseifried for a demo on CSA’s blockchain based solution that uses new and innovative te…
RT @LogRhythm: With @LogRhythm #compliance automation modules, you’ll be able to easily deploy prebuilt reports for audit and management re…
RT @LogRhythm: SANS analyzed LogRhythm CloudAI for #UEBA to learn how it can enhance user-borne threat detection capabilities.		See how Log…
RT @proofpoint: #Cybersecurity and compliance company Proofpoint has released its Email Fraud in #Healthcare 2019 Report. https://t.co/3PW3…
RT @cloudsa: Join Josh Stella, @FugueHQ as he explores two different approaches to address critical #misconfiguration issues, comparing the…
RT @TechCrunch: We live in the chapter of computing when data is mostly unprotected because of corporate indifference https://t.co/dq8tgLww…
RT @cloudsa: When aligning security into the DevOps roadmap, what are the recommended best practices for putting DevSecOps into action? htt…
Chinese and Iranian #Hackers Renew Their Attacks on U.S. Companies #cybersecurity #CyberAttack #infosec #tech #news https://t.co/nMdcr2HbmA
RT @CyberScoopNews: How hackers could control cranes by abusing radio frequencies https://t.co/TApmSrNGK1
RT @PaulNemitz: Enforcing #GDPR is expensive work, says UK watchdog ⁦@ICOnews⁩ :670 staff to feed now: UK's ICO fines 100 firms that failed…
RT @cloudsa: There is plenty of talk about regulations such as #GDPR and #CCPA, and new anxieties about the role that organizations must pl…
Security and risk management leaders, including CISOs and #privacy professionals, must recognize maturing privacy regulations to ensure a privacy-friendly operation via @Gartner_inc #cybersecurity #Infosec #dataprotection #dataprivacy #gdpr #tech #news	https://t.co/d8m61FpKs1
RT @WSJ: Silicon Valley and its Republican allies are pushing for a national standard that would override state regulations to rein in Big…
RT @TechCrunch: After years of bubbling valuations and buzzword-laden marketing, customers are getting smart around data protection https:/…
RT @Claire_Harris82: Why #hackers hack? 		Very interesting #infographic.		#vulnerability #Infosec #IoT #cybersecurity #cybercrime #DataProt…
RT @TechRepublic: By embracing the cloud, security, and data protection, MSPs aim to stay ahead of competitors, according to a Kaseya repor…
RT @NewYorker: In the face of smartphones and virtual realities, the neurologist @OliverSacks found that privacy is disappearing: https://t…
RT @NewYorker: In the face of smartphones and virtual realities, the neurologist @OliverSacks found that privacy is disappearing: https://t…
RT @dhh: Been using https://t.co/lsHVyufnhd as my primary search engine on desktop for a few weeks now. The best thing I can say is that I'…
RT @TheEconomist: Switzerland aims to digitise its border procedures with the EU fully by 2026 https://t.co/8xV0sNdNlV
RT @TheEconomist: Should funding for cyber-security and infrastructure count towards defence spending? Italy thinks so https://t.co/NtVdZhv…
RT @TheEconomist: What would happen if Facebook was turned off? https://t.co/UUn7F1c24g
RT @TheEconomist: When even Jeff Bezos's digital privacy is at risk, power in modern business and politics is increasingly fragile https://…
RT @ArmsControlWonk: This ought to be the cold open to War Games II. https://t.co/m7tKJUgSN4
RT @USCERT_gov: VMware Releases Security Updates https://t.co/pGXKCAINET #NCCIC #cyber #cybersecurity #infosec
EU Considers Response to China #Hacking After U.K. Evidence, Sources Say #cybersecurity #gdpr #infosec #dataprotection #dataprivacy #tech #news	https://t.co/nOB4QTw5tj
RT @WorldTrendsInfo: “ #IoT attacks: #Top10 things you need to know" #Infographic #CyberSecurity #infosec #Security #DDoS #BigData #DataSci…
RT @TamaraMcCleary: #Cybersecurity Starts With Access Control https://t.co/5yg5NQuCNp #cloud #AccessControl https://t.co/ztVHE80bff
RT @orangeinkmike: #Cybersecurity in 2019: A Time for Bigger Budgets and More Talent https://t.co/LoZqKalf1g https://t.co/DoBs2yYsUD
RT @Softnet_Search: “ #IoT attacks: #Top10 things you need to know" #Infographic #CyberSecurity #infosec #Security #DDoS #BigData #DataScie…
RT @InfoSecHotSpot: Three Things To Know About Cybersecurity In 2019 https://t.co/jIFxnoErkt via @InfoSecHotSpot https://t.co/kC4TVmfIK2
RT @hickforco: Our global leadership has weakened under this president. Currently at the #munichsecurityconference discussing global trade,…
RT @business: A Cybersecurity Powerhouse Is Wide Open to Election Manipulation https://t.co/gaMzUfUbQK
RT @HarvardBiz: Not everything needs to be connected to the internet	https://t.co/2kJWOLemoL
RT @symantec: The key to protecting your connected technologies might be connection itself. See how more talk between IT and OT specialists…
RT @Gartner_inc: Increasingly complex technology ecosystems present unique challenges to technical professionals leading their organization…
RT @LogRhythm: Curious how LogRhythm works? Explore the LogRhythm NextGen #SIEM platform with this interactive dashboard and see how LogRhy…
RT @SAFECode: What is the role of a security champion in DevOps? Register for our webinar on Feb. 20 to find out. https://t.co/likhnUeSBe
Congress oversight body recommends #gdpr-style #privacy laws @realDonaldTrump @SenBlumenthal @JerryMoran @senatemajldr @SpeakerPelosi @AOC @JasonCrowCO6 @tim_cook @sherylsandberg @GavinNewsom	https://t.co/mREhrJXOAG #cybersecurity #infosec #DataProtection #dataprivacy #tech #news
China data leak exposes vast hi-tech surveillance operation in Xinjiang #cybersecurity #infosec #dataprotection #dataprivacy	#tech #news	https://t.co/Vz4ZGXTKAv
Readers respond: U.S. needs strict #cybersecurity defense @RonWyden @realDonaldTrump @senatemajldr @SenSchumer @SpeakerPelosi @JasonCrowCO6 @AOC #infosec #databreach #dataprotection #tech #news https://t.co/5qvyNFosqT
RT @CyberScoopNews: WordPress plugin patches flaw that gave hackers potential access to 40,000 websites https://t.co/EyPoGAwNmT
RT @GreyNoiseIO: GreyNoise has identified ~2100 unique IPs scanning the Internet for TCP/8000, a ~900% uptick over the 30-day rolling avera…
RT @cloudsa: Want to transition on-premises workloads to the cloud, but are concerned about consistently securing access? Preview two of ou…
RT @cloudsa: Enroll in #CCSK Plus class for 2-days of cloud training with hands-on labs at #RSAC. Use code 1U9CSAFD to get $100 off a Full…
RT @symantec: How do CISOs choose between spending money on services or security strength? Here's how you can demonstrate the value of uppi…
RT @iampaulferron: 6 Recs on How to Prevent Becoming an Identity Theft Victim https://t.co/QwRJv6kPKm #idtheft #infosec https://t.co/dfXmzc…
RT @usnistgov: NIST Director Dr. Walter Copan: “AI is a force multiplier for science” - and on the SI redefinition “this was a shining mome…
RT @alienvault: Check out our Beginner's Guide to IDS tools!   https://t.co/89EAhl5ZSc
RT @symantec: Your email could be acting as a massive distribution for ransomware attackers. Here’s how to stay protected. https://t.co/e0h…
RT @ValaAfshar: These are the new job categories that will be created in the age of AI https://t.co/RJZBgJeV0e https://t.co/cFtYahe6fe
RT @Fisher85M: 2018 Cyber Criminal Shopping List {Infographic}		#CyberSecurity #cybercrime #Retail #socialmedia #fintech @fisher85m #infose…
7 Steps to Protect Your Data Against Insider Threats via @Imperva #cybersecurity #dataprotection #infosec #gdpr #riskmanagement https://t.co/7zIbyzt3pe
RT @symantec: Be sure to double-check permissions requested by apps. New research on #cryptojacking apps, live on our blog. Get the details…
RT @symantec: Save time and guard brand reputation by ensuring your business is protected against email fraud. https://t.co/ejOyDokAAp
RT @USCERT_gov: Mozilla Releases Security Update for Thunderbird https://t.co/ystpqGajSm #NCCIC #cyber #cybersecurity #infosec
RT @cryptorobby_: @CybersecurityC6 @jpmorgan That´s great for blockchain tech and $BTC! 	https://t.co/Yk9GyeLyom	#WeNeedMoreOfThat		#Return…
Digital transformation requires security transformation. Find out how your business can stay safe in the digital age &gt;&gt; https://t.co/8DZcNUQ7EF #cybersecurity #dataprotection #infosec #riskmanagement #tech #news https://t.co/xyZ1Ockks5
California Governor @GavinNewsom Talks #Blockchain and #DataPrivacy in State of the State Speech #cybersecurity #infosec #dataprotection #AI #BigData #fintech #tech #news https://t.co/MAPl9kLl0X
.@coffeembagel announces a #databreach on #ValentinesDay	#cybersecurity #dataprotection #infosec #Hacker #tech #news 	https://t.co/UhiztPRelW
.@jpmorgan is rolling out the first US bank-backed #cryptocurrency to transform payments business #cybersecurity #infosec #blockchain #fintech #jpmcoin #tech #news https://t.co/VDo9Qu8MJ8
RT @LogRhythm: Keeping up with an increasingly sophisticated threat landscape while facing resource constraints isn’t easy. Discover how yo…
Did your Nigerian prince boyfriend forget to send you chocolate harvested by child slave labor? #Hackers love #ValentinesDay too! #cybersecurity #dataprotection #infosec #malware #phishing #tech #news https://t.co/07QmahkDrH https://t.co/8zCNH65WV7
French #DataProtection Authority Takes on @Google #cybersecurity #GDPR #infosec #privacy #tech #news https://t.co/l7Fthbs53z
North Carolina Reintroduces Strict #DataBreach Notification Law @JoshStein_ @JasonSaine97th #cybersecurity #dataprotection #HIPAA #infosec #Ransomware #tech #news	https://t.co/8HzfhcLgq6
.@Wendys to pay $50M to settle lawsuit from #databreach #cybersecurity #infosec #tech #news https://t.co/v0fGFt7Hdp
What the @DeptofDefense's new #AI strategy means for #cybersecurity #cyberattack #hacking #infosec #tech #news https://t.co/CWoP4RMD5j
Cyber Deterrence Done Right: The Coordinated Actions Against @Huawei #cybersecurity #infosec #tech #news https://t.co/XduGdVjg5f
Web 3.0 Explained #cybersecurity #infosec #IoT #Blockchain #privacy #tech #news https://t.co/OFn8GB22g8
The great @Equifax mystery: 17 months later, the stolen data has never been found, and experts are starting to suspect a spy scheme #cybersecurity #CyberAttack #databreach #dataprotection #Hacker #infosec #tech #news	https://t.co/KobhY8Qipg
RT @StreamAnalytix: #IoT data can fuel a large set of use cases that need real-time streaming analytics. This needs software platforms that…
What Have We Learned About #DataProtection After Another Year of Breaches? #cybersecurity #infosec #databreach #Cyberattack #GDPR #tech #news 	https://t.co/uIRXdvceIa
RT @proofpoint: Proofpoint Research Reveals #Healthcare #Email Fraud Attack Attempts Jump 473% Over Two Years. https://t.co/u65QFu3YDt @Aus…
‘Go back to paper ballots’: #Cybersecurity expert says there’s ‘no digital solution’ to #election #hacks #databreach #infosec #Cyberattacks #Hacker #tech #news 	https://t.co/eUC6h37tkt
#Security and #privacy in the age of #IoT via @Deloitte #cybersecurity #dataprotection #infosec #mobile #tech #news https://t.co/2o2i41lxnT
More than 90K Coloradans' private data has been breached since start of consumer data #privacy law @JeffBridges @colewist @pweiser @jaredpolis #cybersecurity #copolitics #databreach #infosec #Hacker #tech #news https://t.co/Di8ztO6ai6
Data breaches compromised 15.1M patient records last year #cybersecurity #databreach #infosec #healthcare #Hacker #tech #news	https://t.co/8JjgTQGA6g
From Survive To Thrive In #Cybersecurity #infosec #tech #news 	https://t.co/DUQmmIycfn
RT @IBMWatson: "There’s no AI without IA – information architecture. Every client has to go along the journey of the #AI ladder, from how y…
RT @cloudsa: Raj Patel shares his perspective on the kinds of changes and tools organizations need to embrace to mitigate risk in an increa…
RT @SAFECode: Organizations need Security Champions to help foster security best practices to ensure a security-supportive culture. Learn m…
RT @McAfee_Home: What steps have you taken to safeguard your security? https://t.co/MQcu9uQCNe
RT @schneierblog: Cyberinsurance and Acts of War https://t.co/OUrVtBY94k
RT @ForcepointSec: Why it’s time to make #cybersecurity a national priority: https://t.co/zi8LN36Sqh https://t.co/GZ1zMhnorl
RT @usnistgov: NIST Marks Fifth Anniversary of Popular #Cybersecurity Framework https://t.co/q2GSHhAxha https://t.co/AXM54FAavv
RT @symantec: The cloud generation brings new security challenges. With our acquisition of @LuminateSec, we ensure you have access to top-g…
RT @Gartner_inc: Gartner’s @cdekate provides CIOs with 5 top predictions for #AI in 2019. https://t.co/5c370dimER #GartnerEA #CIO
RT @LogRhythm: Discover how the LogRhythm NextGen #SIEM Platform can help organizations address the SWIFT Customer Security Controls Framew…
Over 59K #GDPR Infractions Reported in the Last Eight Months #cybersecurity #infosec #tech #news https://t.co/4FtTsCUnJR
RT @RedHat: #RedHat works through and with thousands of #opensource projects and communities. Paul Cormier explains: https://t.co/CFE3Q1BKd…
RT @Jorge_Delrio: SANS https://t.co/mQ6R1WHzTQ
RT @ckhave: @CybersecurityC6 @SANSInstitute Pro-tip - These event-ids are for old versions of Windows but adding 4096 to the event-id takes…
.@SANSInstitute Critical Log Review Checklist For Security Incidents #cybersecurity #infosec #cyberattacks #databreach #Hacker #tech #news https://t.co/PnmuM8qdxg
A new strain of the Astaroth Trojan exploits #cybersecurity software in order to steal online credentials and personal data #infosec #databreach #Malware #phishing #Hacker #tech #news 	https://t.co/ty68tUadUN
67% of #cybersecurity professionals said they do not have the time and resources to mitigate all security vulnerabilities to avoid a #databreach #infosec #cyberattacks #Hacker #tech #news 	https://t.co/aom5YqbVNW
RT @USCERT_gov: Mozilla Releases Security Updates for Firefox https://t.co/hbBq38gHyM #NCCIC #cyber #cybersecurity #infosec
RT @LogRhythm: You've got 99 problems, but #phishing doesn't need to be one. Learn the 10 best ways avoid a phishing scam: https://t.co/sWf…
#AI, #MachineLearning and the Need for Innovation in #Cybersecurity #databreach #infosec #tech #news 	https://t.co/VlicgB6FJn
RT @USCERT_gov: Adobe Releases Security Updates https://t.co/nQd19VxL9N #NCCIC #cyber #cybersecurity #infosec
RT @USCERT_gov: Internet Romance Scams https://t.co/mOPagLHps4 #NCCIC #cyber #cybersecurity #infosec
RT @USCERT_gov: Microsoft Releases February 2019 Security Updates https://t.co/f1rmFc2kFC #NCCIC #cyber #cybersecurity #infosec
Major Container Security Flaw Threatens Cascading Attacks #cybersecurity #CyberAttack #cloud #infosec #Hacker #runc #tech #news https://t.co/2zMglXpN3c
RT @USCERT_gov: Cisco Releases Security Update https://t.co/RAWezPZcKx #NCCIC #cyber #cybersecurity #infosec
Email provider @VFEmail has suffered a catastrophic destruction of all of its servers by an unknown assailant who wiped out almost two decades' worth of data #cybersecurity #CyberAttack #DataProtection #InfoSec #hacker #tech #news 	https://t.co/rSMuTFz0B8
RT @cloudsa: Help us determine the most significant cloud security issues in 6 minutes! The report will be free to download so the better o…
RT @USCERT_gov: New Session Added: CISA Awareness Briefing on Chinese Malicious Cyber Activity https://t.co/pD1UAu4zJY #NCCIC #cyber #cyber…
NIST: #Blockchain Provides Security, Traceability for Smart Manufacturing		https://t.co/FCqSOeJbY1 		#cybersecurity #infosec #tech #news https://t.co/XSr9yJrsMR
RT @Gartner_inc: Great #innovation requires failure. Watch our free webinar, 'To Succeed at Innovation, Define Failure Not Success' with @M…
RT @LogRhythm: "Facebook reaching 15 – a stark reminder of the value of data" - @ross_brewer, LogRhythm vice president and managing directo…
RT @LogRhythm: "LogRhythm’s #NextGen #SIEM Platform stood out as being best-in-breed after a year of testing multiple solutions." Discover…
RT @symantec_health: Kicking things off at #HIMSS19! Visit @symantec to learn more about unifying #cloud &amp; on-premise #security to protect…
RT @TestingPens: Wondering about Android and Apple phone security? Here's an objective chart to help you decide: https://t.co/3LBJQpZqxm
#Blockchain Is Going Mainstream, Redefining #Cybersecurity #infosec #fintech #healthcare #tech #news 	https://t.co/hxKsEdoSLr
Russia to disconnect from the #internet as part of a planned test. What could go wrong? ¯\_(ツ)_/¯ #cybersecurity #infosec #tech #news 	https://t.co/7gUX4r2Vnd
RT @ronrossecure: Final countdown beginning for the Draft NIST SP 800-171, Rev 2 launch on Thursday morning. Enhanced security requirements…
.@AWS Issues Alert for Multiple Container Systems #cybersecurity #infosec #tech #news	https://t.co/T2RBO6xLyu
Which countries have the worst (and best) #cybersecurity?		https://t.co/XJZl2nAMYr		#cyberattack #infosec #malware #tech #news https://t.co/xy8ZWVaNlX
RT @USCERT_gov: runc Open-Source Container Vulnerability https://t.co/tJVpIRxAiZ #NCCIC #cyber #cybersecurity #infosec
Server configuration error exposes mortgage data for thousands of borrowers #cybersecurity #databreach #infosec #tech #news	https://t.co/TC45QNExyR
Users complain of account hacks, but @okcupid denies a #databreach #cybersecurity #infosec #hacking #tech #news 	https://t.co/ys3SszFyYD
The Secret To Comprehensive, Scalable, And Effective #Cybersecurity #infosec #riskmanagement #tech #news 	https://t.co/qjQmFKHNS4
.@McDonalds app users hatin’ it after being #hacked by hungry hamburglars #cybersecurity #infosec #tech #news	https://t.co/hRvLkViaQi
Hard times don't last, hardened people do. #cybersecurity #infosec #MotivationalMonday
RT @Gartner_inc: What are the most influential technology trends impacting your workforce? Join us on February 11 at 10 a.m. ET for a free…
RT @symantec: Proud to share that the 2018-2019 @IDC MarketScape named Symantec a leader in #Mobile Threat Defense. https://t.co/ueKFeHgRHE…
RT @symantec: We invest in increasing your cyber security in an increasingly cloud-enabled world. https://t.co/UaWu43tkvE
RT @LogRhythm: Recognize indicators of compromise with complete endpoint visibility with our @LogRhythm and @cylanceinc integration! Learn…
RT @ronrossecure: On 02-28-2019 from 1:00-3:00 PM Eastern, NIST will provide an overview and deep dive of the recently released SP 800-37,…
.@usnistgov #Cybersecurity Framework #infosec #riskmanagement #tech #news https://t.co/oIUrbQBtnN https://t.co/OycinjEJya
Average #DDoS attack volumes grew by 194% in 12 months #cybersecurity #CyberAttack #infosec #tech #news https://t.co/3Ofs5Uf5H0
#Cybersecurity Workers Scramble to Fix a Post-#Shutdown Mess #infosec #databreach #CyberAttack #tech #news @realDonaldTrump @SpeakerPelosi @senatemajldr @AOC @JasonCrowCO6 @JoeNeguse @amyklobuchar	https://t.co/SIPUlGBgOj
Have you checked your cyberhygiene yet? #cybersecurity #infosec #phishing #malware #tech #news https://t.co/NS337a3ttb
Security Controls Overview #cybersecurity #infosec #dataprotection #hacking #tech #news https://t.co/V7BwMx34rk
#IoT Security Threat Map #cybersecurity #infosec #HealthTech #fintech #hacking #ransomware #tech #news https://t.co/arzQAW84gv
RT @CyberScoopNews: FBI warns industry that hackers could probe vulnerable connections in building systems https://t.co/jW0OJLECJ4
Email remains the primary channel through which organizations are infected with #malware, according to @verizon Data Breach Report #cybersecurity #databreach #infosec #hacking #tech #news https://t.co/TbOw2xzBb4
The password continues to be a weak link in an organization’s security chain, according to @verizon Data Breach Report #cybersecurity #databreach #infosec #hacking #tech #news https://t.co/EAqctVtLbu
RT @RodolfoPozoA: @CybersecurityC6 One of the benefits digitized ID could bring is Voting. Once you could identify citizens through the web…
.@Apple patches two flaws reportedly exploited in #zeroday attacks #cybersecurity #infosec #hacking #tech #news	https://t.co/gJyN142dQ4
#Blockchain for Government Services #cybersecurity #infosec #healthtech #fintech #news https://t.co/FY4Zgnz6uk
RT @ArmyFuturesGrp: “Red teaming can’t fix stupid.”
Cryptojacking #malware gets past #cloud security programs by uninstalling them #cybersecurity #Crypto #Infosec #tech #news	https://t.co/FmO9mxDjkw
5 #cybersecurity threats #healthcare faces in 2019 and beyond #infosec #databreach #IoT #Ransomware 	https://t.co/T93PpAZV82
Complacency leaves the #Internet and other critical infrastructure vulnerable to #cyberattack #cybersecurity #infosec #hackers #riskmanagement https://t.co/HtlCKrlnB9
A comparison between #Blockchain and #Database #cybersecurity #Crypto #infosec #tech #news https://t.co/N72lEk3JBC
Types of Industrial Control Systems via @galactic_ss #cybersecurity #ICS #InfoSec #tech #news https://t.co/hccF8Qopif
Why the culture of #cybersecurity is broken–and how to fix it #infosec #tech #news	https://t.co/4kc8lA75s4
Here’s What #Cybersecurity Experts Worry About This Year #CyberAttack #databreach #IoT #AI #tech #news	https://t.co/nyf8geIpix
#Cybersecurity Starts With Access Control #infosec #tech #news 	https://t.co/IEau4275qL
RT @USCERT_gov: Apple Releases Multiple Security Updates https://t.co/DmfqgV3kAq #NCCIC #cyber #cybersecurity #infosec
RT @proofpoint: #SocialEngineering attacks aren't limited to #phishing emails. Our #StateOfThePhish Report found that vishing, smishing, an…
Does your organization have a #ransomware rescue plan? #cybersecurity #infosec #tech #news https://t.co/PSQ7yR6f77
RT @LogRhythm: Identifying #insiderthreats can be extremely difficult. Discover how to better protect your organization from user-based thr…
E-ticketing system exposes airline passengers' personal information via email @SouthwestAir @airfrance	@KLM @vueling @JetstarAirways	@transavia @AirEuropa @TCAirlinesUK #cybersecurity #infosec #tech #news https://t.co/SDwuHPYIkh
Protecting #data and thwarting #cyberattacks now have ascended alongside dealing with natural catastrophes as the most pressing #threats demanding the world’s full attention. #cybersecurity #infosec #GDPR #tech #news 	https://t.co/Mg2LmZEgnQ
The rise of connected devices poses a real threat to #cybersecurity, says @ABCSharkTank's @robertherjavec #infosec #IoT #tech #news	https://t.co/8NoZBrVeH4
20 Ways to Block #Mobile Attacks #cybersecurity #infosec #hacking #phishing #Malware #tech #news https://t.co/Dw91H20arA
RT @symantec: Cyber criminals are coming up with new scams that look more legitimate. Here’s what we know about the latest ones targeting c…
7 ways to protect yourself on the Internet #saferinternetday2019 #cybersecurity #infosec #privacy #tech #news https://t.co/eo8zl69mhQ
RT @LogRhythm: Learn how to use your SIEM to detect #DNS tunneling in this blog: https://t.co/1O9kf6ZjDZ https://t.co/KvyaWYr63W
RT @symantec: Keeping pace with current and emerging threats requires Endpoint Detect and Response tools with pre-breach and post-breach ca…
RT @Gartner_inc: Gartner survey shows corporate legal departments expect to spend less on #outsidecounsel, more on #legal IT systems and so…
RT @schneierblog: Facebook's New Privacy Hires https://t.co/t55i5t7Jy2
RT @briankrebs: GoDaddy says it fixed an issue that cybercriminals were using to blast out spam through legitimate, dormant domains. But se…
RT @YuanfenYang: engineering v social engineering: a study in family visits to China		my dad: prepares intl roaming, commercial VPN, backup…
According to @PwC 22nd Annual Global CEO Survey, #cybersecurity is a top threat CEOs are worried about. #infosec #riskmanagement #tech #news https://t.co/4hWqQpljCH
.@usnistgov #Cybersecurity #IoT Program releases draft discussion of core security capabilities for IoT devices. Are you a stakeholder with feedback? &gt;&gt; https://t.co/B2wpmtdxQZ #infosec #tech #news
10 coolest jobs in #cybersecurity #infosec https://t.co/oVQ6On06UU
RT @symantec: Targeting Active Directory is more common than you think. Here's our take on why, plus how you can stay protected. https://t.…
RT @USCERT_gov: NSA Releases Updated Guidance on Side-Channel Vulnerabilities https://t.co/JFiKJYDQ88 #NCCIC #cyber #cybersecurity #infosec
RT @thecyberwire: #CWPodcast Partner Mike Benjamin of @CenturyLink shares information on #TheMoon #botnet &amp; how it #targets websites. #cybe…
RT @CSObservatory: Potential Attacks on Connected Vehicles 	https://t.co/GaXN83vgpi	Follow us on Twitter @CSObservatory	#CyberSecurity #Inf…
RT @tictoc: The U.S. military’s cybersecurity capabilities aren’t advancing fast enough to stay ahead of hackers https://t.co/I1cW5E9UPz
RT @ITCenStaReviews: Congrats to @IBM for being one of the top ranked products in Endpoint Protection on IT Central Station https://t.co/pZ…
RT @ITCenStaReviews: Congrats to @Forcepointsec for being #1 in this month's rankings for Web Content Filtering on IT Central Station https…
RT @ITCenStaReviews: Congrats to @LogRhythm for being #1 in this month's rankings for Threat Intelligence Platforms on IT Central Station h…
RT @LogRhythm: LogRhythm were proud to support @TheUAETRA with their National #Cybersecurity Drill. The exercise is part of a wider strateg…
RT @LogRhythm: Discover how the LogRhythm NextGen #SIEM Platform can help organizations address the SWIFT Customer Security Controls Framew…
RT @symantec: Honored to be named a 2018 Top Player by the @RadicatiGroup for Endpoint Security. Find out more here. https://t.co/DuaoA5gPN…
RT @symantec: Need help improving your cloud security posture in 2019? Check out our new AWS cloud security best practices guide for tips o…
.@TheJusticeDept discloses government hack to expose reach of North Korean #cyberattack #cybersecurity #infosec #tech #news 	https://t.co/Bm7ia37O3r
#Cybersecurity coalition calls for integrating medical device, health IT security initiatives #HealthTech #infosec #tech #news	https://t.co/l15f034dIK
4 #InfoSec Trends for 2019 #cybersecurity #privacy #tech #news	https://t.co/gL8BOkmhFk
#Cookieminer: New #malware targets Macs to steal from #cryptocurrency wallets #infosec #tech #news 	https://t.co/jF1v5Zgy4U
Surprising ways the government #shutdown actually boosted federal #cybersecurity #infosec #tech #news 	https://t.co/quwO0yIUqn
Four Ways to Curtail Insider #Cybersecurity Threats #infosec #tech #news 	https://t.co/k2FMK5AMyG
How @taylorswift13 became a #cybersecurity icon #infosec #tech #news 	https://t.co/HfOBq0PYp3
#Ransomware attacks take down Sammamish city hall and Salisbury PD #cybersecurity #cyberattack #infosec #tech #news 	https://t.co/BcYXbUmsbF
Is your #business Dave proof? Find out how you can overcome human error in #cybersecurity &gt;&gt; https://t.co/8DZcNUQ7EF #datasecurity #infosec #riskmanagement #tech #news https://t.co/KEMdm74JY0
Three Trends That Could Keep #Cybersecurity On Its Toes In 2019 #infosec #tech #news 	https://t.co/m7PuRRopKY
Has the fight over #privacy changed at all in 2019? #cybersecurity #infosec #tech #news 	https://t.co/GLkI7p1Mjb
RT @USCERT_gov: Mozilla Releases Security Update for Thunderbird https://t.co/F3nMRpzofX #NCCIC #cyber #cybersecurity #infosec
RT @USCERT_gov: MS-ISAC Releases Advisory on DNS Flag Day https://t.co/nWiXkLJLNj #NCCIC #cyber #cybersecurity #infosec
RT @USCERT_gov: NCCIC Awareness Briefing on Chinese Malicious Cyber Activity https://t.co/xE3UAS8D5Y #NCCIC #cyber #cybersecurity #infosec
RT @USCERT_gov: Google Releases Security Updates for Chrome https://t.co/WMOCOaMFCR #NCCIC #cyber #cybersecurity #infosec
RT @McAfee: The McAfee Global Threat Intelligence cloud contains a petabyte of data. What do we do with all that data? Find out now. https:…
RT @McAfee: As #serverless #architecture continues grow and evolve, the way we approach securing our technology has to shift. @DigitalSecAr…
RT @analyticbridge: Advanced Machine Learning with Basic Excel https://t.co/xKp4Psuc7l
#SpecialReport: Inside the UAE's secret #hacking team of US mercenaries #cybersecurity #infosec #privacy #surveillance #tech #news	https://t.co/M140zLspTg
RT @cloudsa: 8 minutes. That’s all it takes to help update the challenges, security strategies and concerns in hybrid and multi-cloud secur…
RT @cloudsa: Do you have #threats to your cloud workloads? Tell us how you're keeping up with the #cloud by taking this survey: https://t.c…
New #cybersecurity threats putting Americans at risk #infosec #tech #news	https://t.co/xMAfarKPjY
Five threats the #cybersecurity industry will face in 2019 #infosec #tech #news	https://t.co/ZwllBTHAN4
RT @SecurityWeek: Symantec Adds New Features, Services to Endpoint Security Offering - https://t.co/RuShO7MwyU
RT @DarkReading: Symantec Rolls Out New Endpoint Security Tools, Updates https://t.co/LlHOEgd9ZR #endpoint #EDR
RT @LogRhythm: Massachusetts amends law protecting consumers from security breaches: https://t.co/WxugSTZ2Ts https://t.co/tvbmvpJpGo
.@facebook is to #DataSecurity what @realDonaldTrump is to #Politics ... a disaster #cybersecurity #dataprivacy #dataprotection #infosec #surveillance #projectatlas https://t.co/yhTbolp344
Systematic changes are needed to address the #cybersecurity talent gap. Diversity, job training, and lifelong learning are key to building an effective cyber workforce. #infosec #tech #news https://t.co/3hs5gJu2hi
Data Loss Prevention (DLP) is most effective as part of a holistic data-centric security program, and integrates well with other security solutions to enhance its capabilities. #DataPrivacyDay #dataprotection #cybersecurity #infosec #tech #news https://t.co/naTjzhA4oo
RT @symantec: As we leave behind digital trails day after day, it's important to learn more about how your personal data is being used. #Da…
#DataPrivacyDay is a reminder that #cybersecurity and data privacy are not mutually exclusive. Data privacy applies to everyone. Find out how your organization can protect privacy and ensure security by visiting https://t.co/8DZcNUQ7EF #infosec #tech #news https://t.co/zmaAKIeonP
#Shutdown raises fear of #hackers, #cybersecurity 'brain drain' #infosec #tech #news @realDonaldTrump @senatemajldr @SenSchumer @SpeakerPelosi	https://t.co/WTRh07yHbE
Business failing to see strategic value of #cybersecurity #infosec #tech #news	https://t.co/ptzufpcp7J
Only 56.9 percent of people surveyed are taking measures that #cybersecurity experts say are more critical #dataprotection #infosec #tech #news	https://t.co/imkwBxG3pj
ALERT: DNS Infrastructure Hijacking Campaign via @DHSgov @USCERT_gov #cybersecurity #infosec #tech #news 	https://t.co/tCwhEMD7XS
RT @iampaulferron: 6 Sites Where You Should Really Use Two-Factor Authentication to Stay Safe https://t.co/fzngJfXvCp #infosec #datasecurit…
RT @LogRhythm: 69% of organizations reported a recent insider data exfiltration attempt. Discover how you can protect your organization fro…
RT @CyberScoopNews: BREAKING: DHS is preparing to issue a rare "emergency" directive ordering federal civilian agencies to secure login cre…
.@Google fined $57 million for violating Europe's data #privacy law. Is your organization #GDPR compliant? #cybersecurity #infosec #tech #news https://t.co/uOBAjuqNOJ
.@Windows Contacts Remote Code Execution #ZeroDay Gets Micropatch #cybersecurity #infosec #tech #news https://t.co/x7kRKlhm0y
PC security warning: That out-of-date software is putting you at risk #cybersecurity #infosec #tech #news https://t.co/wVLY6t85Td
RT @symantec: As cyber criminals have become extremely sophisticated, more companies are likely to use #AI for security this year. https://…
Two thirds of US consumers say Government should do more to protect data #privacy #cybersecurity #GDPR #infosec @realDonaldTrump @RonWyden @SenSchumer @senatemajldr	@SpeakerPelosi @JasonCrowCO6 @RepDianaDeGette @JoeNeguse @jaredpolis @MichaelBennet	https://t.co/iFxUwFentP
Is your organization cyber resilient? Learn how to improve your #cybersecurity posture today! https://t.co/8DZcNUQ7EF https://t.co/xsLDyqWaqb
RT @ColoTechAsn: Thank you @mikebiselli for hosting our Insights Series this morning and giving all of us a tour of @CatalystHTI! #techobse…
RT @benimmo: BREAKING: Facebook just took down 364 pages and accounts for coordinated inauthentic behaviour in the former USSR. 		Who was r…
Researchers identify #malware that can dismantle #cloud security protections #cybersecurity #infosec #tech #news	https://t.co/HvHNAv7NZN
#CyberAttack Quick Response #cybersecurity #infosec #tech #news https://t.co/oIhaif1YJV
RT @LogRhythm: Discover how the LogRhythm NextGen #SIEM Platform helps you stay one step ahead of #cyberthreats by providing the advanced s…
RT @DefenseBaron: Here's some interesting @DefenseOne reporting and commentary on #missiledefense for background // Inspectors Find Big Cyb…
RT @Proven_Data: @CybersecurityC6 We forecast that mobile attacks will be on the rise in 2019 and beyond as more people engage regularly wi…
Oklahoma gov data leak exposes @FBI investigation records, millions of department files @GovStitt @realDonaldTrump #cybersecurity #databreach #dataprotection #infosec #tech #news 	https://t.co/nZ0sHKp7wa
Largest collection of over 700M email addresses and passwords discovered on hacking site #cybersecurity #infosec #tech #news 	https://t.co/MLhxgFvVxM
Facebook's '10 Year Challenge' Is Just a Harmless Meme - Right? #cybersecurity #privacy #AI #tech #news	https://t.co/ROaG3t0mge
RT @symantec: Next week's webinar will cover real-life security challenges with moving to the cloud. Register now. https://t.co/ZZqTyxnkjN…
The @wef has identified rapidly evolving #cyber and technological threats as one of the top risks to global stability in 2019 #cybersecurity #databreach #infosec #tech #news https://t.co/m90hOPf7Xo https://t.co/tD2pOrF5n6
The American Military Sucks at #Cybersecurity #infosec #tech #news @realDonaldTrump @SpeakerPelosi @SenSchumer	@JasonCrowCO6 @RepDianaDeGette https://t.co/hrbL5LtdBI
ThreatList: $1.7M is the Average Cost of a #CyberAttack #cybersecurity #infosec #tech #news 	https://t.co/w1CoA2elvw
Arm yourselves for #healthcare's #cybersecurity war #infosec #tech #news	https://t.co/a1VXgetGzw
#Cybersecurity Predictions for 2019 #infosec #tech #news 	https://t.co/2CfNGbKNYs
How cyber competitions can help fill the #cybersecurity talent shortage #infosec #tech #news	https://t.co/gY5tbXugBP
How the government #shutdown is putting national #cybersecurity at risk @realDonaldTrump @SpeakerPelosi	@SenSchumer @RepDianaDeGette @JasonCrowCO6 @JoeNeguse https://t.co/lLXr6Y3NuD
Dear 2020 candidates, #cybersecurity chief is your most important hire. Don't screw it up. #dataprotection #infosec #tech #news https://t.co/9vAsueOrws
#SIEM helps enterprises cut number of breaches and detect them sooner #cybersecurity #dataprotection #infosec #tech #news	https://t.co/3LcYSQenro
Bug Bounty Lifecycle #cybersecurity #infosec #tech #news https://t.co/Qp6Xroxq4c
UK’s Russia Attribution for NotPetya Upends $100 Million Lawsuit #cybersecurity #tech #news https://t.co/4rdjsJ3y3U
A new taxonomy for #SCADA attacks #cybersecurity #infosec #malware #tech #news #SIEM https://t.co/QiXa9AeCJ0
Criminals wielding #Ryuk #ransomware specialize in targeting enterprises #cybersecurity #dataprotection #infosec #tech #news https://t.co/AeVZcka8cy
Flaws in a Card Access Control System May Allow #Hackers to Bypass Security #cybersecurity #infosec #tech #news https://t.co/W65XhuIysh
90% of companies face significant obstacles with digital transformation #cybersecurity #CISO #infosec #tech #news https://t.co/PMWHkuVRlN
Proof-Of-Concept #Malware Reveals Smart Building Vulnerabilities Your Business Needs To Deal With #cybersecurity #IoTSecurity #tech #news https://t.co/ZuTfzZKjfb
Average cost of a #cyberattack passes $1 million #cybersecurity #tech #news https://t.co/nMkaKMrqKO
How Digital Transformation Has Made the #CISO Indispensable via @VMware #cybersecurity #tech #news https://t.co/H7ZdhFxjDy
End-to-End Encryption Explained #cybersecurity #infosec #tech #news https://t.co/rBkc2urpzM
The Information Security Ethical Compass #cybersecurity #infosec #tech #news https://t.co/Twm9m8icDd
20 Ways to Block Mobile Attacks #cybersecurity #infosec #tech #news https://t.co/zTDTs8IiZS
RT @symantec: Hackers are always looking for ways to steal valuable information. Watch this video to find out how you might be leaving your…
#Infosec Wheel #cybersecurity #tech #news https://t.co/sTnTdewhWU
.@Marriott Faces Sprawling Class-Action Lawsuit Over Hotel Reservation #DataBreach #cybersecurity #dataprotection #infosec #tech #news	https://t.co/7xAOl4g87H
Average cost of US #databreach #cybersecurity #infosec #tech #news https://t.co/mG8OzCnwde
The #Shutdown Is Hurting #Cybersecurity #infosec #tech #news	https://t.co/H7nPn7eTiP
In #cyberattacks against US power utilities, Russian #hackers stole employee credentials to gain access to corporate systems #cybersecurity #dataprotection #SCADA #tech #news via @WSJ https://t.co/mhGWgY3w4B
#Blockchain in #cybersecurity #infosec #tech #news https://t.co/ilswvIoT7l
RT @WSJ: Strange emails from an Oregon construction company. Fake résumés with tainted attachments. How Russian hackers got inside the U.S.…
What keeps you up at night as a security professional? Find out how to better protect your critical data assets https://t.co/8DZcNUQ7EF #CISO #cybersecurity #dataprotection #infosec #tech #news https://t.co/AFqSaN8j4X
Centralized vs Decentralized Internet #cybersecurity #tech #news https://t.co/mbJ7UhDw6s
US telcos @TMobile @ATT @sprint caught selling your location #data again: Senator @RonWyden demands new laws @FCC @realDonaldTrump #cybersecurity #infosec #tech #news https://t.co/XoHntjdxAJ
World's biggest #databreaches #cybersecurity #infosec #tech #news https://t.co/LSAhRfyhff
#GDPR: Five tips for organizations to remain compliant #cybersecurity #infosec #tech #news https://t.co/z5PUQtJJaV
Understanding how #data becomes intelligence is central for any successful #security program #cybersecurity #infosec #tech #news https://t.co/a7MOr08Pga
10 Steps to #Cybersecurity #infosec #tech #news https://t.co/Y7y9aJEJUi
#GDPR May Add Up To $8.8B @Marriott's #DataBreach Expenses #cybersecurity #tech #news https://t.co/EJyRalltu7
How an Experimental Billion-Dollar #Privacy Lawsuit Could Clobber @facebook #cybersecurity #dataprotection #infosec #GDPR #tech #news	https://t.co/t9TYI5RAQm
RT @briankrebs: Exclusive: A new U.S. Secret Service alert warns credit card thieves increasingly are hedging their chances of getting caug…
What a major #cyberattack could mean for markets #cybersecurity #tech #news 	https://t.co/ZFzfzHmHsj
#Cybersecurity may suffer as shutdown persists @DHSgov @BennieGThompson @realDonaldTrump @JasonCrowCO6 @DeGette5280 @JoeNeguse @Ed4Colorado @MichaelBennet #tech #news	https://t.co/Ndrlc5in7o
‘Unprecedented’ DNS Hijacking Attacks Linked to Iran #cybersecurity #tech #news 	https://t.co/8y144rtn19
#Privacy becomes a selling point at tech show #cybersecurity #dataprotection #tech #news #CES2019	https://t.co/VjBH1G5v4t
Does your business utilize #cloud services? Take the @cloudsa Top Threats to Cloud Computing Survey and get a chance to win $20 @amazon vouchers or a CCSK token! https://t.co/bSUQVOs4Ih #cybersecurity #dataprotection #infosec
#Privacy and #Cybersecurity Are Converging. Here’s Why That Matters for People and for Companies #infosec #dataprotection #tech #news	https://t.co/gZIMXcXigY
RT @CyberScoopNews: The Dark Overlord releases first batch of hacked "9/11 Files" in effort to raise bitcoin  https://t.co/DbJ83ofcqA by @j…
RT @CyberScoopNews: Warner, Rubio introduce bill to protect U.S. from supply chain security issues  https://t.co/KkKMCjpyf8 by @zbajee http…
RT @symantec: Attackers only have to be right once. As cyber warriors, we need to be right every time. Find out how we stay steps ahead of…
RT @J0hnnyXm4s: We troll bots for a living. This one made 3.7M unsuccessful HTTP requests in 24 hrs, and we responded to each with a js cry…
RT @SCV_Cyber: Trying to make it through the first week of the year before #CES19 and mind blowing #TechTrends. https://t.co/yfj9Amw1pk
The intersection of #cybersecurity and physical security is more critical than ever. Is physical security part of your organization's information security framework? Find out how you can improve your cybersecurity posture today! https://t.co/0w4yPbyD2d https://t.co/wOSosDHVTk
Cyber Kill Chain via @IBM #cybersecurity #infosec #tech #news https://t.co/YK3S2190W9
Cyber Kill Chain via @LockheedMartin https://t.co/rzLaZLyVZP
Top #cybersecurity certifications to advance your career in 2019 via @CompTIA https://t.co/QU5JOLfUXz
Four big questions for #cybersecurity in 2019 #tech #news https://t.co/pyxKzsuLDh
#Cybersecurity trends 2019 #tech #news	https://t.co/eu0ksdi5iC
RT @th3j35t3r: #Flashback 😂 https://t.co/9ZVej0U6ls
#HappyNewYearsEve #HappyNewYear2019 https://t.co/vdWfA7UWMl
The worst passwords of 2018 #cybersecurity #infosec #tech #news https://t.co/JlAM2aDVCp
Here’s what to expect in #cybersecurity in 2019 #tech #news	https://t.co/jVQArk55bA
RT @th3j35t3r: Twitter Hackers Hijack New Accounts After Company Claims It Fixed Bug https://t.co/ZGrDRNrcb3
RT @WIRED: Learn how HackerOne uses the Cloud to fix security vulnerabilities at scale. @awscloud #sponsored
A government #shutdown affects America's #cybersecurity workforce. Hope you already downloaded all the relevant #NIST standards! #MAGA #infosec #shutdownstories @realDonaldTrump @SpeakerRyan @senatemajldr @NancyPelosi @SenSchumer @JasonCrowCO6 @jaredpolis @RepDianaDeGette https://t.co/BQWX61mELP
#Cyberattack hits US newspaper distribution @latimes @tribpub	@nytimes @WSJ @sdut #cybersecurity #malware	https://t.co/flcZ2e2neM
Pwned? The 1 minute #cybersecurity risk assessment #infosec #tech #news #doyouknowcyber https://t.co/NW6vitCxhR
Are you taking the right steps to keep critical data safe in a world of BYOD? #cybersecurity #dataprotection #tech #news https://t.co/DBiL63PqNc
Consent of data subjects? Right of erasure? If 2018 was the year of #GDPR implementation, then 2019 will be the year of enforcement. How is your organization safeguarding personal data? #cybersecurity #dataprotection #tech #news	https://t.co/InCT9AfBKb
According to 2018 @HIMSS survey, the top 3 potential threats for #healthIT are #databreach/#dataleakage, #ransomware, and credential-stealing #malware #cybersecurity #healthtech #news	https://t.co/F3ID7FMzf1
#Cybersecurity resolutions you may want to consider for 2019 #dataprotection #tech #news	https://t.co/GSfMT203LN
By 2020, 50% of organizations will have suffered damage caused by fraudulent data and software #cybersecurity #AI #tech #news	https://t.co/FuDcXhuDrx
What the future of artificial intelligence means for #cybersecurity #AI #tech #news	https://t.co/D4KEBRMwzx
#Cybersecurity #Predictions For 2019 #tech #news	https://t.co/0h4NE0PsoE
Is #quantumcomputing a #cybersecurity threat? #tech #news 	https://t.co/AoxQjP2bF8
Beware of Chinese spies offering laptops, women, or educational stipends #cybersecurity #dataprotection #infosec #tech #news 	https://t.co/NCzkIbtwmL
Microgrid #Cybersecurity Tightens With Standards Adoption #tech #news	https://t.co/o887taPzqs
#Cybersecurity 101: Five simple security guides for protecting your #privacy #tech #news 	https://t.co/fuzNeC1M4z
Automated #CyberAttacks Are the Next Big Threat. Ever Hear of 'Review Bombing'? #cybersecurity #AI #tech #news	https://t.co/4m7xBaz0Bb
Someone is trying to take entire countries offline and #cybersecurity experts say 'it's a matter of time because it's really easy' #tech #news	https://t.co/wOyg5gjMwI
Anonymous patient data may not be as private as previously thought #cybersecurity #dataprivacy #dataprotection #infosec #AI #tech #news	https://t.co/hhFd0jOcGm
Hopefully #Santa and his #dataprivacy elves are #GDPR compliant this holiday season. #cybersecurity #privacy #dataprotection https://t.co/d6VUQp6Fxb
RT @symantec: With your digital privacy at risk in unprecedented ways, there’s new urgency to protect your personal information. Our expert…
#Hackers Intercepted EU Diplomatic Cables for 3 Years #cybersecurity #infosec #tech #news 	https://t.co/7yVOQEjQnO
#Hackers Succeed in @NASA Mission, Lifting Thousands of Employee Records #cybersecurity #tech #news	https://t.co/j31zferNzn
#Cybersecurity Awareness #infosec https://t.co/sK1PlmpqiA
Czech #cybersecurity agency warns @Huawei and @ZTEPress products pose security threat #tech #news 	https://t.co/Ab0JaOgrnY
#Hacking democracy efforts continue with upticks in #malware deployments #cybersecurity #news https://t.co/btsGluVBZg
RT @GreyNoiseIO: GreyNoise has identified a 400% increase in scan traffic for 513/TCP (Rlogin) with traffic mostly originating from the 185…
IT firms, telcos among dozens hacked in new info-stealing #malware attack #cybersecurity #news	https://t.co/kp0kLsjhAt
Massive #botnet chews through 20,000 @WordPress sites #cybersecurity #news https://t.co/HIc18IbKWB
RT @snessim: Gartner's Top Predictions For 2018 and Beyond - #Infographic	RT via @Fisher85M by @Gartner_inc	#CyberSecurity #IoT #Artificial…
Advancing Security Operations Through the Power of a #SIEM Platform #cybersecurity #DataProtection #cloud #IoT https://t.co/WEMiqNlIyq
What is #cyberwar? Everything you need to know about the frightening future of digital conflict #cybersecurity #tech #news https://t.co/3Tp8vl5dw7
RT @evanderburg: White House Facial Recognition Pilot Raises Privacy Alarms https://t.co/HuZfJY7RaK https://t.co/q6HInbpt9K
.@Gartner_inc Magic Quadrant for Privileged Access Management @CyberArk @BeyondTrust #cybersecurity #tech #news https://t.co/1L6bX1WwO4
Filling the #Cybersecurity Jobs Gap – Now and in the Future #tech #news https://t.co/x1yho1OYFC
.@facebook user #data for sale. Read secret internal emails released by UK parliament here 		https://t.co/NwIHzlGIlC 		#GDPR #Six4Three #tech #news
UK Lawmakers Publish Seized Internal @facebook Emails Online #data #tech #news https://t.co/QuqzHHw91G
UK consumers threaten #databreach backlash #cybersecurity #tech #news https://t.co/aZpJv7bsML
Emails of top @NRCC officials stolen in major 2018 hack @GOP @SpeakerRyan @kevinomccarthy @SteveScalise @realDonaldTrump #cybersecurity #DataBreach #CyberAttack #tech #news https://t.co/pl2sAJ0bR2
Foreign trolls are targeting #veterans on @facebook @DeptVetAffairs #cybersecurity #OPM #databreach #cyberattack #cyberhygiene	https://t.co/6lUmyETEkM
US Financial Firms to Further Increase #Cybersecurity Spending #fintech #tech #news	https://t.co/4mLxNYHM8I
Top Three 2019 #Healthcare #Cybersecurity Trends #tech #news	https://t.co/XgAKDuirqL
Can #Blockchain Fix #Cybersecurity? #tech #news 	https://t.co/RcZTdFwu6w
60 #Cybersecurity Predictions For 2019 #tech #news	https://t.co/mEN52Mxclr
What The #Cybersecurity Of Our Critical Infrastructure Can Learn From The #ClimateChange Debate #tech #News	https://t.co/qQ7Pi8aqWT
Will #GDPR apply to the @Marriott #databreach? #cybersecurity #infosec #tech #news	https://t.co/cnLbmHUbRh
Arizona joins multistate lawsuit over 2015 health #databreach #cybersecurity #HealthTech #tech #news	https://t.co/Zco4XeQOJP
Senators call for #datasecurity law in wake of @Marriott #databreach #cybersecurity #tech #news 	https://t.co/KBwM2oVf1k
.@amazon launches @AWS Ground Station to help companies transmit satellite #data #cloud #tech #news https://t.co/ibzCLwbS4J
What to do when #hackers steal your passport number #cybersecurity #CyberAttack #infosec #tech #news https://t.co/NzeNo0MeuF
#Hackers breach @Quora and steal password data for 100 million users #cybersecurity #CyberAttack #databreach #infosec #tech #news https://t.co/8iqTkPAPNN
Lawsuit Claims Pegasus #Spyware Helped Saudis Spy on Khashoggi #cybersecurity #malware #tech #news https://t.co/AvupjPRmeh
What you need to know about #SamSam #ransomware via @DHSgov @FBI #cybersecurity #CyberAttack #infosec #tech #news 	https://t.co/uimuTNU06z
How is your organization safeguarding sensitive data? Improve your #cybersecurity posture today! https://t.co/D7DxsbTuBr #databreach #CyberAttack #infosec #tech #news https://t.co/dRuWO8oTLO
The 5 Most Cringe-Worthy Privileged Data Breaches of 2018 via @MoreyHaber @BeyondTrust #cybersecurity #databreach #tech #news	https://t.co/9ckVBUVY3v
31 #Tech Predictions for 2019 #cybersecurity #news	https://t.co/P6xH1WB0er
Benefits of Using #CASB in Financial Services #cybersecurity #fintech #tech #news	https://t.co/7LGYk2Ozwx
Consumer #privacy, as we once knew it, is dead #cybersecurity #tech #news	https://t.co/CwDOtofcD7
Why Cloud Access Security Brokers Are Essential for Cloud Security #cybersecurity #tech #news 	https://t.co/gwzmi2C9ZG
.@Marriott #databreach: what consumers can do to protect themselves #cybersecurity #tech #news	https://t.co/rdyFr7we1q
500 million guest records stolen in massive, extended #databreach at @Marriott @StarwoodBuzz #cybersecurity #cyberattack #tech #news https://t.co/BobmDds0bR
.@DeptofDefense Pentagon Travel Record #DataBreach Highlights Impact of #Hacker Dwell Time #cybersecurity #tech #news	https://t.co/i6mCWBNGvx
About 2.65M patients at Charlotte's @AtriumHealth hit with third-party #databreach #cybersecurity #CyberAttack #tech #news	https://t.co/ElTWm41eXa
A Plan to Turn New York Into a Capital of #Cybersecurity #tech #news 	https://t.co/7JWrI5csw8
#Hackers are opening SMB ports on routers so they can infect PCs with @NSAGov malware @Akamai	https://t.co/GFOMXaTxBf
.@dunkindonuts accounts may have been #hacked in credential stuffing attack #cybersecurity #CyberAttack #databreach #tech #news 	https://t.co/xVt80ctWa5
.@Dell announces security breach #cybersecurity #CyberAttack #databreach #tech #News	https://t.co/4zvL4OT7HX
.@Gartner_inc Magic Quadrant for Secure Web Gateway @symantec @zscaler #cybersecurity #tech #news https://t.co/r2wsvO6Cz4
The total cost of a successful #cyberattack at the endpoint is over $5 million, or $301 per employee. Biggest itemized cost is system downtime. How are you mitigating #cybersecurity risk? #databreach #infosec #tech #news https://t.co/Sqqh0pLEuq
US companies lead the world in lost business caused by a #databreach with $4.2M lost per incident #cybersecurity #infosec #tech #news https://t.co/0cQVguOBzh
Percentage change in #databreach measures over the past year #cybersecurity #tech #news https://t.co/W884nVAyMN
Average number of #databreach records by country #cybersecurity #tech #news https://t.co/VoZcOVDFm1
#Databreach root cause analysis #cybersecurity #cyberattack #infosec #tech #news https://t.co/yC2sOgl71L
Cost of a #databreach in the US. How is your organization safeguarding critical data assets? #cybersecurity #tech #news https://t.co/F8iOxp4Of9
#Cybersecurity 2019: Predictions you can’t ignore #tech #news	https://t.co/r4K3FF1q44
Vulnerability found in @Cisco @Webex meetings #cybersecurity #tech #news https://t.co/yQ62pyPT8g
.@NASA's InSight landed on #Mars today and beamed this photo of the red planet back to Earth using the first interplanetary CubeSat network. In 8 minutes. We live in an amazing time. #BuiltInColorado @LockheedMartin https://t.co/jItCb5feoE
California’s Unique #IoT #Cybersecurity Law #tech #news https://t.co/vgD2koShWl
How #IoT and Edge Computing Contribute to #Cybersecurity #tech #news https://t.co/mYEPyjzzSQ
Securing Mobile Devices During #Holiday Travel #cybersecurity #tech #news https://t.co/k2E6GJTXSj
How to avoid getting #hacked on #CyberMonday #cybersecurity #tech #news https://t.co/AqSm3e69q9
Anatomy of a #botnet attack #cybersecurity #tech #news https://t.co/FVxPr2Cr4T
US urging allies to shun @Huawei citing #cybersecurity risks: @WSJ #tech #news	https://t.co/DGerP73Cpy
#IoT &amp; #Cybersecurity: Where we are and what needs to change	https://t.co/cmbouWWkf4
Airport #cybersecurity, are we there yet? #tech #news	https://t.co/9UZKxR1RmC
Why military #veterans might be key to closing the #cybersecurity jobs gap #tech #news	https://t.co/sLGfFbDZqJ
'Mylobot' #botnet now downloading second-stage #malware meant to siphon data #cybersecurity #tech	#news https://t.co/UUgYgNIsga
What types of information are you most concerned about protecting from #cyberattacks? #cybersecurity #infosec #tech #news https://t.co/M0qii6shJQ
What were the root causes of the #databreaches your business experienced? #cybersecurity #infosec #tech #news https://t.co/hKz6PqIOpf
What types of #cyberattacks has your business experienced? #cybersecurity #infosec #tech #news https://t.co/sVKAIECe2x
Has your organization experienced a #cyberattack and #databreach in the past 12 months? #cybersecurity #infosec #tech #news https://t.co/NaeqnlvRBr
How can retailers safeguard from #cyberattack this #CyberMonday? https://t.co/MKHj5cpczX
RT @CyberScoopNews: 30 years ago, the world's first cyberattack set the stage for modern cybersecurity challenges https://t.co/vHx0MZS1fw b…
Why #Retailers Must Prioritize #Cybersecurity in the Mobile Era	https://t.co/aPHABOHWY9
NCSC warns on #BlackFriday security threats #cybersecurity #tech #news	https://t.co/YEvA6lwNzP
GCHQ warns on #BlackFriday cyber-threat #cybersecurity #tech #news	https://t.co/KWQ8cnYmp3
#BlackFriday security warning: Seven top tips to keep you safe from cyber criminals #cybersecurity #tech #news	https://t.co/wpZJFbPPuQ
Hack Friday -- How To Avoid Five Major #Cybersecurity Risks #Thanksgiving #BlackFriday #CyberMonday	https://t.co/AlLzkZci1R
#Manufacturers Remain Slow to Recognize #Cybersecurity Risk #tech #news	https://t.co/AVhwvPmI5h
Both consumers and retailers need to up their #cybersecurity to make holidays happy #Thanksgiving	#BlackFriday #CyberMonday #tech	#news https://t.co/mo7CsskJ9z
RT @JasonCrowCO6: Proud to join this group of veterans who will use our military experience to fight for climate change, cybersecurity, imm…
10 #cybersecurity tips to remember for shopping #BlackFriday through #CyberMonday	https://t.co/URzUXMa2j0
Tips to stay Cyber Safe for #Thanksgiving, #BlackFriday and #CyberMonday	https://t.co/EktxBsKmFy
6 #cybersecurity trends we’re thankful for #tech #news 	https://t.co/vSr6x9e9j1
.@amazon #databreach exposes customer names, emails #cybersecurity #tech #news	https://t.co/6M0GFvMCec
6 mobile security threats you should take seriously in 2019 #cybersecurity #tech #news	https://t.co/G8GpdCzOak
RT @iampaulferron: To Open or Not to Open: Common File Types That Could Contain Malware https://t.co/4BguKb31RF #malware #onlinesecurity ht…
RT @TechRepublic: These are the biggest dangers of artificial intelligence https://t.co/FtWynYVzms https://t.co/4H8KosN5pJ
RT @BeyondTrust: Ukraine detects new Pterodo backdoor #malware, warns of Russian #cyberattack. via @arstechnica #cybersecurity #cyberthreat…
Top 6 Cyber Threats for 2018 #cybersecurity #news https://t.co/RANSWzPLpV
RT @SteveCase: “Nobody in Silicon Valley can solve homelessness or figure out how to hire with diversity, but 11 electric scooter companies…
Strategic guidance and actionable results for #GDPR compliance. #cybersecurity #infosec #tech #news https://t.co/GeOMZY8FlT
.@TalkTalk hack attack: Friends jailed for cyber crimes #cybersecurity #CyberAttack #DataBreach #Hackers #InfoSec #tech #news 	https://t.co/UhzZGMe87x
As technology reshapes #cybersecurity and privacy models, security fundamentals are essential for an effective program. What are your privacy priorities? #cyberattack #databreach #dataprotection #GDPR #tech #news https://t.co/BGGX10ecQx
The future of #cybersecurity is in the #cloud. How are you safeguarding sensitive business data? #dataprotection #databreach #tech #news https://t.co/ihMBqNolFx
#Cybersecurity and #data protection are leading indicators of business success. How are you proactively combating #cyberattacks and risk? #tech #news https://t.co/cKyAotN79q
Data Loss Prevention: Best Practices for 2020 #cybersecurity #DataProtection #DLP #GDPR #infosec #tech #news 	https://t.co/vFbG7ciyGq
Europe’s #Privacy Rules Are Having Unintended Consequences #cybersecurity #GDPR #DataProtection #infosec #tech #news 	https://t.co/NGNNZdrHD0
Think You Ticked All the Boxes for #GDPR? Think Again. #cybersecurity #privacy #DataProtection #infosec #tech #news 	https://t.co/JWl5M6TVlt
1-877-@Kars4kids had a #databreach #cybersecurity #tech #news	https://t.co/P26LIccfW5
Massive Data Leaks Keep Happening Because Big Companies Can Afford to Lose Your Data #cybersecurity #CyberAttack #databreach #tech #news	https://t.co/VV9T97Rxzs
.@firefox warns if the website you're visiting suffered a #databreach #cybersecurity #CyberAttack #tech	#news	https://t.co/2t4ZSUr9u2
Government Contractors Face New #DataBreach Disclosure and Investigation Requirements #cybersecurity #tech #news	https://t.co/ocDNEG8X0Z
RT @TheNextWeb: A beginner’s guide to AI: Human-level machine intelligence https://t.co/IJ9h3TRFg4
.@usnistgov Teams Up with @IBMWatson to Rate How Dangerous Computer Bugs Are	#cybersecurity #AI #tech #news https://t.co/yRaCznEQoT
RT @CyberScoopNews: Why NIST's privacy framework could help security efforts https://t.co/KOmzxS76sw
#China ‘has taken the gloves off’ in its thefts of #US technology secrets #cybersecurity #CyberAttack #databreach #infosec #Tech #news 	https://t.co/6xeGZw2sEu
Power outages, bank runs, changed financial #data: Here are the #cyber 9/11 scenarios that really worry the experts #cybersecurity #cyberattacks #tech #FinTech #healthtech #news	https://t.co/ujN3xatByr
Consumers are more concerned with #cybersecurity and #data #privacy in 2018 #tech #news 	https://t.co/8dTMKzVH3u
Congress May Consider a US Version of #GDPR #cybersecurity #tech #news	https://t.co/qUlS8et6js
.@WordPress #GDPR compliance plugin #Hacked #cybersecurity #tech #news	https://t.co/V3UGgfbv3e
Surgery center #databreach affects more than 2,000 patients #cybersecurity #healthcare #HealthTech #CyberAttack #phishing #tech #news 	https://t.co/lG0iJuVK6u
#databreach at regional surgery center affects 2,393 patients #cybersecurity #healthcare #healthtech #CyberAttack #tech	#news	https://t.co/JZIlhzbBU9
Security breach at @Nordstrom exposed sensitive employee data #cybersecurity #databreach #CyberAttack #tech #news	https://t.co/4D3cC4DcSS
Fines and Lawsuits Are Adding to the Cost of Corporate #DataBreach #Cybersecurity #CyberAttack #tech #news	https://t.co/fRS9mqTkXR
.@Microsoft Office collects email data in breach of #GDPR, regulator rules #cybersecurity #tech #news	https://t.co/HNnXxC4W1J
.@Microsoft Patches Windows #ZeroDay Exploited in #CyberAttacks #cybersecurity #tech #news	https://t.co/0B8a2oOFI4
Publicly Available Tools Seen in Cyber Incidents Worldwide #cybersecurity #tech #news https://t.co/labgchyq7F
Professional #hackers reveal why most companies don't stand a chance #cybersecurity #CyberAttack #databreach #tech #news 	https://t.co/2oOaCXnD5m
#NorthKorea-linked #hackers stole tens of millions from ATMs across the world #cybersecurity #CyberAttack #malware #trojan	#tech #News 	https://t.co/rsOIGpVk7S
5 critical settings so #hackers can’t access your #bank accounts #cybersecurity #CyberAttack #tech #News	https://t.co/o1LW09NPEM
How to solve the #human challenges of #cybersecurity #CyberAttack #databreach #tech #News 	https://t.co/zws4ZuB6lo
RT @shultz_jackie: If you think every employee in your organization realizes the implications of just “accepting” pop ups when they are usi…
.@US_FDA isn't doing enough to prevent medical device #hacking, @HHSGov report says #cybersecurity #CyberAttack #healthcare #tech #news 	https://t.co/iz7WCoQhbp
How medical devices like pacemakers and insulin pumps can be #hacked #cybersecurity #CyberAttack #healthcare #tech #news 	https://t.co/MTU1IBoVhn
#cybersecurity #GDPR #cookies https://t.co/kwoW3E66st
Campaign #cybersecurity poses next major challenge for federal election officials #CyberAttack #Election2018 #Midterms2018 #Russia #China #hacking #infosec #tech #News 	https://t.co/qYb7x9T4Px
How companies are amping up #cybersecurity to prevent #election meddling #Election2018 #Midterms2018	#infosec #tech #News 	https://t.co/pzbv4iOf7r
The status of, and threats against, midterm #election security #cybersecurity #CyberAttack #Election2018 #Midterms2018	#Russia #China #Hackers #InfoSec #tech #News 	https://t.co/YOQKXXqf0n
.@DHSgov reaches out to @DeptofDefense for help with #election #cybersecurity #Election2018 #Midterms2018	#Russia #China #cyberattacks #infosec #tech #News  https://t.co/OOa9LN4n2P
Decentralized #election system is viewed as both #cybersecurity blessing and curse #cyberattacks #Election2018 #Midterms2018 #Russia #Hackers #InfoSec #tech	#news https://t.co/p8gtBWzp48
The real victim in #health #data breaches? Patients' medical identities #cybersecurity #GDPR #HITECH #HIPAA #databreach #infosec #tech #News	https://t.co/gMQ11WN0er
#Colorado #Hack Offers Larger Lessons for Cybersafety #cybersecurity #ransomware #CyberAttack #InfoSec #tech #news	https://t.co/o0BU47FNf7
How #Colorado #voting became a #cybersecurity leader long before #Russians tried to #hack it #CyberAttack #copolitics #tech #news #Elections2018 https://t.co/waf02YBmfB
.@FTC #Consumer Protection Chief Makes Case For #EU #DataPrivacy Cooperation #cybersecurity #infosec #tech #news #GDPR	https://t.co/Bd9y2rxW8m
.@Apple CEO takes aim at #SiliconValley #data hoarders: 'This is #surveillance' #cybersecurity #dataprotection #privacy #infosec #tech #news #GDPR 		https://t.co/NSXrHfkpHH
Hong Kong police visit @cathaypacific HQ to investigate major #databreach that hit 9.4 million customers #cybersecurity #Privacy #dataprotection #infosec #tech #news	https://t.co/xRdLBNUpAF
5 Steps to #GDPR Compliance #cybersecurity #privacy #dataprotection #infosec #tech #Fintech #news	https://t.co/fhAQAd6xXp
Have Questions About the #GDPR? #privacy #cybersecurity #dataprotection #infosec #tech #news	https://t.co/yrSypyShQx
Still struggling with #GDPR? Here are some tips for #SMEs #CyberSecurity #privacy #infosec #tech #news	https://t.co/zb80qZqgGy
Here’s how face recognition #tech can be #GDPR compliant #cybersecurity #infosec #news	https://t.co/J1xOA7LYg0
Risky #Business: Navigating #Privacy and Compliance in a #GDPR World #cybersecurity #infosec #tech #news	https://t.co/Snd0xfX578
.@Apple @tim_cook calls for strong #US #privacy law, rips "data-industrial complex" #cybersecurity #databreach #Tech #News #GDPR	https://t.co/acnIwAe4sL
#CFO guide to building a #cybersecurity dashboard #DataAnalytics #cyberattacks #databreach #Healthcare #HealthTech #Tech #news 	https://t.co/3lRFYmDVo1
#Cybersecurity And The Human Element: Creating Realistic Solutions For A Safer #Digital World #databreach #infosec #Tech #news 	https://t.co/Uqv7B6YgTj
The biggest challenge in building #cybersecurity #CyberAttack #hackers #Tech #News 	https://t.co/DKgyn8mqse
Bridging State-level #Cybersecurity Resources #tech #news #Elections	https://t.co/EZr3OZ7dGo
Top #cybersecurity facts, figures and statistics for 2018 #infosec #Tech #news	https://t.co/46eN9qsxuL
Stolen laptop prompts #databreach concern for 10,000 @raleys #pharmacy customers #Cybersecurity #Healthcare #healthtech #PHI #PII #HIPAA	https://t.co/cpnWFq6q7Z
Most #consumers have #Cybersecurity concerns, but a fraction take action #nationalcybersecurityawarenessmonth	https://t.co/unogyikk6m
.@girlscouts personal information affected by recent #databreach #cybersecurity #tech #news	https://t.co/1qV0dnwXW5
How to Bounce Back from a #databreach and Regain Public Trust #cyberattacks #cybersecurity #hacking #tech #news	https://t.co/zX8otmWgKv
Two #hackers behind 2016 @Uber #databreach have been indicted for another hack #cybersecurity #Tech	#news	https://t.co/VRJeLDVYM5
#Russia #Malware Was Apparently Used in an Attempt to Sabotage a #Saudi Petrol Plant #cyberattacks #cybersecurity #tech #news	https://t.co/ZfQeLBGlQV
.@FireEye links #Russian research lab to Triton ICS #malware #cyberattacks #cybersecurity #tech #news	https://t.co/LbgTvIiOZU
A #cyberattack could stop the country #cybersecurity #IoT #SmartCities #tech	https://t.co/5e3q7tAZjM
A Deepening #US #China #Cybersecurity Dilemma #AI #BusinessNews 	https://t.co/d5VtETiO1G
The #US Needs a #Cybersecurity Civilian Corps	https://t.co/YkJTYy5ito
#Africa needs to beef up #cybersecurity urgently: experts	https://t.co/HZKCPQNDpf
#Cybersecurity is not a #technology problem, it’s a #leadership problem	https://t.co/cPM1yGil4U
Debunking #AI Impact on the #cybersecurity Skills Gap	https://t.co/fZfaiBXBdv
.@Equifax engineer who designed breach portal gets 8 months of house arrest for insider trading #cybersecurity #databreach #BusinessNews	https://t.co/nhbFGxwpZ9
#UK Court of Appeal rules against @Morrisons in #databreach case #cybersecurity #dataprotection #BusinessNews #GDPR	https://t.co/MWssf0rM9e
Life-threatening #CyberAttack inevitable. Are you prepared? #cybersecurity #infrastructure #IOT #energy #HealthTech #SupplyChain #BusinessNews https://t.co/tY6j4bumgB
RT @SkyNewsBreak: British Airways owner IAG says that a further 185,000 customers may have had their personal details compromised during a…
RT @itvnews: British Airways admits 185,000 more customers compromised in cyber attack	https://t.co/0IWWF8PbxZ https://t.co/VPazua9iZn
RT @British_Airways: Update on British Airways Cyber Attack (Thursday 25 October, 2018) - https://t.co/r9GHTlSowd
RT @spacerog: A random malware infection is not a “#cyberattack”. https://t.co/gm4CWIe4n7
RT @awscloud: Transform log data into visualized, operational intelligence with with no operational overhead. Sign-up today.
RT @johnrobertsFox: Spokeswoman for Chinese Foreign Ministry says if @realDonaldTrump is worried about his iPhone being bugged, "he can alw…
RT @IBMLinuxONE: Move away from selective encryption to pervasive encryption. Secure 100% of application, cloud service, and database data,…
RT @Poynter: A new study found that Americans aren't very good at telling fact from opinion online https://t.co/xPYvML21x1
#BREAKING @British_Airways Reveals Even More Victims Of Massive #CyberAttack #cybersecurity #BusinessNews #Infosec	https://t.co/zfqn0XUOWj
RT @femaregion2: How can a cyberattack on critical infrastructure impact our daily lives? Find out in a #ChatSTC Twitter cha today at, 3 p.…
RT @ftcompanies: British Airways: a further 185,000 customers targeted in cyber attack https://t.co/i5wEGMjvDK
RT @fastFT: British Airways: a further 185,000 customers targeted in cyber attack https://t.co/Y8NcYUUGix
RT @FT: British Airways: a further 185,000 customers targeted in cyber attack https://t.co/34PiYDk8me
RT @pluralsight: These 10 technologies will transform the global economy by 2025. Is your workforce prepared? Get the free e-brief. https:/…
RT @Heart4CNews: It's been confirmed 185,000 further British Airways customers may have had personal details compromised during a cyber att…
RT @DailyMirror: BA says 185,000 customers' personal details compromised in cyber attack https://t.co/cBI9ZaPH5Y https://t.co/XyJIDgBKYQ
RT @EveningExpress: British Airways admits 185,000 more customers compromised in cyber attack  https://t.co/0NEGhvCwvv https://t.co/whP2P7w…
RT @sam_vinograd: Putin’s destroying us with a cyber attack that’s less than .1% of his defense budget. We don’t need more nukes to stop th…
RT @IlvesToomas: EU under cyber attack by Russia and China | Re:Baltica https://t.co/NeQumf3dkn
RT @CBCNews: 'If you can figure out a way to affect the software, then that's a potential vulnerability.' https://t.co/fjSx9Hg5QQ
RT @DailyMailUK: British Airways admit further 185,000 customers may have had their personal details compromised in cyber attack https://t.…
RT @jamesvgingerich: Former Obama official: U.S. 'very vulnerable' to power grid cyberattack from Russia.  (Yahoo!)  #Data #Security  https…
RT @TheIBMMSPTeam: #EndpointSecurity and #mobilesecurity go beyond your own protection - it affects your employees, partners and customers,…
RT @edri: Complaints? Fines? Breaches? Whatever aspect of the #GDPR you are interested in, #GDPRToday is covering it https://t.co/P9WmEzVyL…
RT @DKTechAmb: Anyone still questioning why the EU is spearheading personal data protection? #TechPlomacy #GDPR https://t.co/uFtiNBL9e8
RT @tim_cook: GDPR has shown us all that good policy and political will can come together to protect the rights of everyone.
RT @JonMikelBailey: Between data breaches, GDPR rollout, and fake accounts popping up everywhere, it’s never been more important to build b…
RT @BrianHonan: So this is the response to my SAR under #GDPR that I got from @MeetApollo after they lost my personal data due to a breach.…
RT @BNNBloomberg: Cathay Pacific suffers biggest airline data breach ever, affecting 9.4M customers https://t.co/DcCTzbZ8pY https://t.co/qx…
RT @duosec: Every organization should prioritize securing their RDP access to avoid ransomware infection, a data breach or compromise, loss…
RT @evanderburg: Facebook Fined £500,000 for Cambridge Analytica Data Scandal https://t.co/at3wXICpKg #CambridgeAnalytica #databreach #Face…
RT @evanderburg: ERS Online Coding Error Exposes 1.25M Users to Health Data Breach https://t.co/dOOQg2tYQC https://t.co/wQVIXxsEVa
RT @NvidiaAI: NVIDIA and @RedHat are simplifying #AI development and manageability. @TonyPaikeday discusses the benefits and implications o…
RT @neirajones: UK ICO Issues Maximum £500,000 Fine to #Facebook for Cambridge Analytica #DataBreach 	https://t.co/W45auNyF1q 	#dataprotect…
RT @BeyondTrust: Cathay Pacific got #hacked, compromising the data of millions of passengers. https://t.co/6uzo4UqPov via @CNNBusiness @jet…
RT @TripwireInc: Yahoo Agrees to Pay $50M in Damages to Settle Data Breach Lawsuit https://t.co/nxrDMdjK5D via @DMBisson #breach #Yahoo
RT @OneMileataTime: Yet Another Massive Data Breach Hits A Major Airline: This Time, Cathay Pacific https://t.co/4IJMF7yKh5 https://t.co/xd…
RT @Reddit_Privacy: Cathay Pacific Data Breach Exposes 9.4 Million Passengers via /r/privacy https://t.co/4q9r7S8yP0
RT @SecurityRT: Raise awareness and increase vigilance to help you protect your employees and your organization.
RT @Inc: Have a Yahoo account any time between 2013 and 2016? You may be entitled to $375 for the data breach. https://t.co/XIVBcXGe8W
RT @EntergyMS: Smarter energy begins with a smarter power grid. Learn more about our new technologies at https://t.co/DnMQO0iiBL. https://t…
RT @tictoc: ⚡️ Cathay Pacific is the target of the world’s biggest airline data breach		https://t.co/OOqEF5PXla
RT @EricBowman_: World’s Biggest Airline Data Breach Impacting 9.4 Million Travelers https://t.co/XPqo2tRPDb via @TravelPulse
RT @TimesofIsrael: UK watchdog fines Facebook over data breach in Cambridge Analytica scandal https://t.co/IW1Ov9ffjX
RT @TechCrunch: Cathay Pacific says 9.4M passenger records affected by data breach https://t.co/BOFVmZZ6iY by @zackwhittaker https://t.co/l…
RT @TheHackersNews: Facebook finally faces its first "maximum" fine of £500,000 for Cambridge Analytica data #privacy scandal by UK's Regul…
RT @DeutscheBank: Can my bank data work for me? Find out now! #MyDataAndI
RT @faisaly: Pentagon Disclosed Data Breach At Department Of Defense #cybersecurity https://t.co/KBv5icWhuj https://t.co/ibSnqV5lA7
RT @IBMLinuxONE: As an #IT manager, you face several critical challenges related to your enterprise data such as shifting regulatory requir…
RT @LuxSci: #Pentagon Travel Provider Data #Breach Counts 30,000 Victims via @euroinfosec 	https://t.co/Ww1VWTjLkR https://t.co/fTNEpJ0Ri6
RT @iampaulferron: Bank Data Breach Exposed User Data For Over A Year https://t.co/umxt2u4005 #databreach #infosec https://t.co/KQLQNnCmU1
RT @astepanovich: US data breach notification laws are woefully inadequate &gt; https://t.co/Me4Pfr2aBH
RT @RossThomson_MP: This is the reply I received from @JeaneF1MSP following my tweet expressing concern at @Scotambservice staff data breac…
RT @MailOnline: Cathay Pacific warns 9.4 MILLION passengers have had their details stolen in huge data breach https://t.co/yEQQeqY33p https…
RT @WilsonCGroupLLC: #GDPR requires organizations to maintain a plan to detect a data breach, regularly evaluate the effectiveness of secur…
RT @cnni: Cathay Pacific, one of Asia's top airlines, has discovered a data breach in which the personal information of more than 9 million…
RT @business: Cathay Pacific shares slump after the airline reports a data breach affecting 9.4 million passengers https://t.co/H4PCLQ5Bgx…
RT @AFP: #BREAKING Cathay Pacific shares plunge 6.5% in Hong Kong after admitting data breach https://t.co/RmpKqEHBK7
RT @FoxBusiness: Yahoo to pay $50M in damages and provide two years of free credit monitoring services over the company's massive data brea…
RT @FoxBusiness: Yahoo to pay $50M in damages and provide two years of free credit monitoring services over the company's massive data brea…
RT @cnni: Cathay Pacific, one of Asia's top airlines, has discovered a data breach in which the personal information of more than 9 million…
RT @AmericNews: UK watchdog fines Facebook over users' data breach https://t.co/QW55OaB3JX https://t.co/fn7UyDThTI
RT @CNN: Cathay Pacific, one of Asia's top airlines, has discovered a data breach in which the personal information of more than 9 million…
RT @evankirstel: #CyberSecurity: An International Challenge {Infographic}		#Security #infosec #Education #databreach @fisher85m #cybercrime…
RT @DEADLINE: Facebook Fined $645K For Its Role In The “Serious” Cambridge Analytica Data Breach https://t.co/251DjHtmHd https://t.co/N864J…
RT @Slate: Why Facebook is doing almost nothing to help the victims of its data breach. https://t.co/olGtggqbO7 https://t.co/VBkBtNPBqH
RT @AP: BREAKING: The UK has fined Facebook 500,000 pounds ($644,000) in the Cambridge Analytica scandal. https://t.co/Tlo67a2RnG
RT @jamesvgingerich: @Facebook's #Data #Breach and what it means for you.  (Mashable)   https://t.co/zhgwhRXrwe https://t.co/H2CbBYCLbP
RT @AccentureTech: We're excited to welcome @DAZ_Systems to the team - a leading Oracle #ERP #Cloud services provider with an impressive tr…
RT @kvotis: IBM food trust leverages blockchain to address food industry concerns!! https://t.co/QGIkkbxc90
RT @rstropek: Recording of my talk (German) about #Blockchain is available now: https://t.co/SnCVb7G9Bz #ethereum https://t.co/iMnXsoa3iP
RT @AzminAli: Received the Ambassador of Ukraine, H.E. Olexander Nechytaylo, and his colleague at Parliament to discuss how Malaysia and Uk…
RT @EHWSLimited: How Secure Is #Blockchain Technology?: https://t.co/iSVyAk8sSm https://t.co/yXFtsqgJhp
RT @inc_wisdom: Canada-based blockchain and crypto company DMG Blockchain Solutions Inc. (DMG) has announced the development of a global su…
RT @coindesk: Germany's central bank and Deutsche Börse say they have successfully completed a blockchain trial for securities settlement.…
RT @L7Defense: The reality of data breaches #CyberSecurity https://t.co/XMawWFjCau
RT @TheHackersNews: Hacker releases zero-day exploit for a new unpatched #vulnerability in Microsoft Windows 10		https://t.co/9SH2LvYPTO		#…
RT @thehill: County election websites lack cybersecurity protections that could leave voters vulnerable to misinformation: report https://t…
RT @TheHackersNews: Cybersecurity researchers claim (with “high-confidence") that Russia-based CNIIHM research lab helped state-sponsored h…
RT @medITadv: Great start of @nzhealthit #cybersecurity session at @OrionHealth https://t.co/aXF2nS972t
RT @USMC: Cyber Security is one of the Corps’ newest military occupational specialties.		Watch this video to learn all about the MOS: 		htt…
RT @Fisher85M: #Top10 Hot Data #Security And #Privacy Technologies —𝘐𝘯𝘧𝘰𝘨𝘳𝘢𝘱𝘩𝘪𝘤		[@Forbes @GilPress]		#CyberSecurity @fisher85m #BigData #E…
RT @TamaraMcCleary: #DigitalTransformation: 73% investing in #IoT, 54% in #ArtificialIntelligence https://t.co/5Xk8ZDMr3V #AI #Industry40 #…
RT @Qualcomm: The next generation of wireless technology, 5G, is being developed in the U.S.—and is set to transform life as we know it.	ht…
9 in 10 Enterprises Report Gaps Between the #Cybersecurity Culture They Have and the One They Want #BusinessNews #NationalCyberSecurityAwarenessMonth	https://t.co/2B2S6cMpuu
.@facebook's and @Google's #databreach Show It’s Time for an Internet Bill of Rights #cybersecurity #dataprotection #BusinessNews #NetNeutrality	https://t.co/hK9gIxu2gJ
The advantages of operating in the #cloud come with unique #DataProtection challenges. How are you reducing risk? WP via @LogRhythm #cybersecurity #SIEM #BusinessNews #TechnologyNews 	https://t.co/jexUKMD0Em
RT @CyberScoopNews: A group of amazing #womenintech participated in today's Cyber Women on Capitol Hill: Women's Cybersecurity Leadership S…
America's next #tech hub? Silicon Mountain #Denver #Colorado #cybersecurity #BusinessNews #techstartups #copolitics	https://t.co/rivG9SUq0U
Pentagon @DeptofDefense #Cyber #Breach May Have Affected 30,000 #Defense Workers #cybersecurity #BusinessNews #DataBreach #infosec 	https://t.co/MkiF1UOIkj
RT @CyberScoopNews: NEW: Breach of Pentagon travel records exposes defense personnel PII https://t.co/sZiWI68tLX by @snlyngaas https://t.co…
New Evidence of #Hacked @Supermicro_SMCI Hardware Found in #US Telecom #cybersecurity #CyberAttack #databreach #China #infosec 	https://t.co/4MRxYJyNVf
RT @CyberScoopNews: Advice for the U.S. government: Stop talking and start doing https://t.co/6iey7fMkZH
RT @CyberScoopNews: Do we need a 'cyber 911?' A former FBI cyber agent thinks so. https://t.co/tXhObWCHMi
.@Google is shutting down Google+ following massive #databreach #cybersecurity #BusinessNews #dataprotection #infosec	https://t.co/ehXjPX9bPS
.@Google ends bid for @DeptofDefense Joint Enterprise Defense Infrastructure cloud contract #JEDI #AI #cybersecurity #CloudComputing #dataprotection #BusinessNews #TechnologyNews 	https://t.co/jQL50mafHx
#Chinese spy chips are a threat to #US economy &amp; national security. Sounds like an opportunity for microchips #MADEinUSA @realDonaldTrump @DHSgov @facebook @amazon @JeffBezos @intel @Supermicro_SMCI #cybersecurity #CyberAttack #BusinessNews #USMCA https://t.co/OvPg8Dpmnq
RT @Nectar_Gan: More fallout from China's cybersecurity law: 		From Nov 1, police can inspect internet service providers (yes, including Ap…
RT @Info_Sec_Buzz: Weak Passwords To Be Banned In California - https://t.co/dtZxuz5mbp #infosec #cybersecurity https://t.co/cSX2X5tTyr
RT @officialmcafee: The "Presidential alerts": they are capable of accessing the E911 chip in your phones - giving them full access to your…
RT @AkshayKurhade12: Google's 20th birthday: Google Doodle celebrates the search engine's milestone. Happy birthday Google 🎂🎂🎂🎂 #HappyBirth…
RT @AkshayKurhade12: Secure your workplace with our Services.🙂🙂🙂🙂	 @CybersecurityC6 @ChuckDBrooks @IOT_Recruiting @Hyken @simonlporter @hud…
#TradeWars #cyberthreats keep #supplychain managers up at night #cybersecurity #databreach #CyberAttack #BusinessNews	https://t.co/3ghTLhp9yt
Five Weakest Links in #Cybersecurity That Target the #supplychain #BusinessNews #TechnologyNews #infosec	https://t.co/vHAcXJdk5j
.@realDonaldTrump's Reckless #Cybersecurity Strategy via @josephinecwolff @nytimes #dataprotection #CyberAttack #stuxnet #NSPM13 #maga	https://t.co/ZAwxBypvNf
Senate passes key #cyber bill cementing #cybersecurity agency at @DHSgov #BusinessNews #GovTech	https://t.co/KMOUYgYZe6
RT @AkshayKurhade12: I am covering a broad spectrum of penetration services to enable my clients with clear visibility of the vulnerable an…
The Big #Hack: How #China Used a Tiny Chip to Infiltrate #US Companies #cybersecurity #CyberAttack #databreach #BusinessNews #TechnologyNews 	https://t.co/QKGpMsZN2g
Only you can prevent poor #cyber hygiene #NationalCyberSecurityAwarenessMonth #cybersecurity #BusinessNews #InfoSec #dataprotection https://t.co/qwlntQQWs2
.@facebook blocked users from posting some stories about its security breach #cybersecurity #CyberAttack #databreach #dataprotection #BusinessNews #TechnologyNews https://t.co/HoZIlZRbqD
How @Facebook Was #Hacked And Why It's A Disaster For Internet Security #cybersecurity #CyberAttack #BusinessNews #TechnologyNews 	https://t.co/KupMenAQBH
10 Tactics For Teaching #CyberSecurity Best Practices To Your Whole Company #BusinessNews #infosec 	https://t.co/MrOVd8TqQA
How to stay ahead of #CyberSecurity issues and keep your customers’ #data safe #CyberAttack #databreach #BusinessNews 	https://t.co/7MV1bdeQgY
RT @AkshayKurhade12: If you are in IT infrastructure, you should know how to prevent the security flaws by using security testing service.…
Latest @facebook Network Breach Affects Up to 50 Million Users @FTC #cybersecurity #databreach #CyberAttack #BusinessNews #TechnologyNews #GDPR	https://t.co/Inkg6YcdqV
RT @AkshayKurhade12: Do you really want to know what is blockchain technology and how it is works? If your answer is yes then understand th…
.@USNavy @NavalAcademy #cybersecurity program receives accreditation #GoNavy	https://t.co/CnDUwkLImi
RT @AkshayKurhade12: To address these challenges, Our aims to craft managed managed service solution that are most appropriate for your bus…
RT @mjweissman: Thank you @copirg for your work to spread the word about how Coloradans can protect their personal financial information.…
7 security principles to protect your #business #data #cybersecurity #BusinessNews #GDPR #infosec https://t.co/ko5Vtsnja4 https://t.co/QE9mphwotM
Am I logged in or not? #GDPR case study on the example of @googlechrome #browser change #cybersecurity #dataprotection https://t.co/ndns4MFVRE
RT @newsycombinator: Google Chrome 69 update violates GDPR? https://t.co/erfwo5J9gk
RT @HarvardBiz: "As part of GDPR, we’re now constantly seeing pop-ups that say, 'Hey, we use cookies — click here.' This doesn’t help. You…
US @DeptofDefense 2018 #cyber Strategy Report #cybersecurity #BusinessNews #CyberAttack #infosec #Russia #China #NorthKorea #Iran #Hackers 	https://t.co/oDmcFHZMhr
The @realDonaldTrump admin has authorized the use of "offensive #cyber operations" as part of a new national #cybersecurity strategy #NSPM13 #DoD #IoT #BigData #cloud #BusinessNews #MAGA	https://t.co/4zS9lamygp
How organizations overcome #cybersecurity hiring challenges #BusinessNews #infosec	https://t.co/33hnkgxr03
RT @AkshayKurhade12: How to do VAPT audit for your organization? Look over here-https://t.co/KLEPax2k1N	#VaptProcess  #VAPTAudit @Cybersecu…
US @DeptofDefense #Cybersecurity Market, Forecast to 2023 #BusinessNews 	https://t.co/IGWQbYpWwi
How's your #cybersecurity posture? Answer these 5 crucial security questions #CyberAttack #databreach #Hackers #BusinessNews 	https://t.co/adEVcicHSM
A CTO guide: standout #technology predictions for the #cybersecurity space #AI #cloud #IoT #dataprotection #BusinessNews 	https://t.co/EgMxcVI548
.@Equifax slapped with UK’s maximum penalty over 2017 #DataBreach #cybersecurity #CyberAttack #BusinessNews 	https://t.co/HFEZRrgPZO
#Hackers stole customer credit cards in @Newegg #DataBreach #cybersecurity #CyberAttack #BusinessNews 	https://t.co/3SRKUHnExp
RT @AkshayKurhade12: IT security can be daunting. Learn the difference between IT vulnerability assessments &amp; penetration testing. #VAPT #P…
.@British_Airways #Data Hack A Test Case For #GDPR #cybersecurity #CyberAttack #databreach #BusinessNews #Magecart #infosec	https://t.co/qTImOmSiiG
It took #hackers just 22 lines of code to steal @British_Airways customer #data #cybersecurity #CyberAttack #databreach #Magecart #BusinessNews #infosec 	https://t.co/Hv01g8B5Bu
RT @grattongirl: The future intersection of #Cybersecurity and #technology https://t.co/KLwoDYzXeI
RT @StrategicSec: A reminder about government-backed phishing. #cybersecurity #cyber #IT -&gt; https://t.co/0tNsqzz2jl
RT @Ronald_vanLoon: #SmartCity Network Diagram [#INFOGRAPHICS] 	 by @MikeQuindazzi | 	 	 #InternetOfThings #IoT #SmartTech #IIoT #Industria…
Unnecessary when you follow the #data @RiskIQ @ClearskySec #cybersecurity #Magecart #CyberAttack #databreach #BusinessNews #TechnologyNews 	https://t.co/pjJ8Crtijv https://t.co/W0hxEjS84D
Nefarious Russian #hacker groups is not that fantastical of an idea. Remember @Ticketmaster? Facts are inconvenient things. #cybersecurity #CyberAttack #databreach #BusinessNews https://t.co/5x3xuUYhbQ https://t.co/BtWskzbptp
RT @Ano_Nym777: @CybersecurityC6 @sectest9 @British_Airways «We now believe ...» I thought that were the job of priests? And who are these…
Russian #hackers were behind massive @British_Airways #data theft that forced thousands of Brits to cancel their bank cards, experts claim #cybersecurity #CyberAttack #BusinessNews #infosec #databreach	https://t.co/ZsuM55u2un
Sharing Classified #CyberThreat Information With the Private Sector #cybersecurity #BusinessNews #TechnologyNews #CyberAttack https://t.co/Hjkg7eAbn7
RT @smallbizpatriot: President signs #SmallBiz @cybersecurity Act into law - @SenatorRisch @clairecmc and other #bipartisan leaders in effo…
RT @cybersecurity: Our #Cybersecurity event is bringing expert advice to #DC! Register to join us October 11 https://t.co/JwlrTj7BYq  #NexG…
RT @Sec_Cyber: Senators grill Pompeo on vulnerable #cybersecurity at State Department https://t.co/cruBg4BoJN
RT @CyberTaters: RT @CybersecurityC6: #Potatosecurity: A Major Concern And A Great #Business Opportunity #dataprotection #infosec #PotatoAt…
.@StateDept is failing at basic #cybersecurity standards, senators say @realDonaldTrump @SecPompeo @SenCoryGardner @RonWyden	@EdMarkey @RandPaul @SenatorShaheen @DHSgov #CyberAttack #infosec #TechnologyNews #BusinessNews #coleg #Russia #NorthKorea #Iran https://t.co/vKQd7EDZfP
When It Comes To #Cybersecurity Assessment Nothing Beats The Real Thing #BusinessNews 	https://t.co/m0lfIbSrKQ
Explaining The 'New Normal' In #Cybersecurity To The C-Suite #BusinessNews	https://t.co/YHTWGIxwKT
U.S. Silently Enters New Age of #Cyberwarfare #cybersecurity #cyberweapon #cyberattack #Stuxnet @realDonaldTrump @VP	@USCyberCommand @DHSgov	https://t.co/5rXwXFMFK3
RT @WDSecurity: Compromised software supply chains can allow attackers to sneak malware into computers using everyday normal processes. Wat…
RT @CodeForDenver: First project pitch tonight: 	Generation schools network	Community partner: Genschools https://t.co/dBLP0eeOcx
The enemy is us: a look at insider threats #CyberSecurity #dataprotection #infosec #BusinessNews #CyberAttack #Ransomware #phishing	https://t.co/O93dgRC7up
RT @Sebdraven: Friday I've published connections between Goblin Panda and TEMP.Periscope, hackers chinese group which targets	Cambodia Ahea…
Why #SIEM Is a Process, Not a Product #cybersecurity #dataprotection #BusinessNews #TechnologyNews #CyberAttack #databreach	https://t.co/u6qtFEu0EY
Is #SIEM dead? #cybersecurity #dataprotection #ThreatIntel #BusinessNews #infosec #CyberAttack 	https://t.co/zFRhimzN12
RT @JeffBridges: Colorado now has the strongest consumer data privacy protections in the nation. Proud to have sponsored this bill with @co…
RT @USGAO: The federal government faces a shortage of workers trained in #cybersecurity. @DHSgov is responsible for protecting the nation's…
RT @TechRepublic: Cybersecurity programs have drastically improved since 2017, according to a recent DomainTools survey. Here's how you can…
RT @Fisher85M: The Internet of #Ransomware Things {Infographic} 		[@ipfconline1] MT	#CyberSecurity #IoT #IoTsecurity #CyberAttacks #CyberCr…
.@SenCoryGardner #cybersecurity bill deals automatic sanctions, unless POTUS says no @realDonaldTrump #Russia #BusinessNews #coleg	https://t.co/f0CuA9r0Ce
How did #hackers manage to lift the details of @British_Airways customers? #cybersecurity #CyberAttack #DataBreach #BusinessNews #infosec 	https://t.co/jMb2F2BqEI
The @Equifax #databreach, in one chart #Cybersecurity #BusinessNews	https://t.co/yYI6Q1Hywp
Fears of being ‘outed’ as a #cannabis user linger as #cybersecurity concerns hang over legalization #BusinessNews 	https://t.co/vuga7qyDVK
The #Cybersecurity 202: The U.S. is warning Congo that using electronic #voting machines could backfire #Elections	https://t.co/lhkdBz6B4K
A year after @Equifax, #cybersecurity is still seeking Holy Grail #dataprotection #infosec #CyberAttack #BusinessNews 	https://t.co/wgn272tiXY
#Cybersecurity: A Major Concern And A Great #Business Opportunity #dataprotection #infosec #CyberAttack #BusinessNews #hacker	https://t.co/Q5yOIWx6wF
#Cybersecurity in the #energy sector: A danger to society – Part 1 #CyberAttack #Hackers #infosec #BusinessNews 	https://t.co/MxmsNdL1fL
.@British_Airways #databreach: 380K card details stolen by #Hackers #cybersecurity #CyberAttack #infosec #dataprotection #BusinessNews 	https://t.co/IFHzmtLFG6
RT @PaoliCGPI: ✔ 3 ages of #data #processing #Attacks 🌂 ☔ ⛈	💊Era of #virus (From 90 to 2000)	⚔Era of #Military [&amp;state-sponsored] #cyberatt…
Colorado’s new #consumer #dataprotection law among the most demanding in the country #cybersecurity #infosec #cybercrime #CyberAttack #BusinessNews #coleg @GovofCO @JeffBridges https://t.co/efgNz7oqVa
RT @LogRhythm: Insider threat is the cause of most reported cybersecurity incidents. LogRhythm UEBA can help you detect and respond to insi…
Machine Learning and #Malware: The next big thing in #cybersecurity? #dataprotection #AI #CyberAttack #BusinessNews 	https://t.co/G8c2sqIQrC
The #CyberSecurity 202: #Privacy advocates are back in court fighting @NSAGov #surveillance. It's an uphill battle.	https://t.co/w75Hvbq4Eh
The rise of #cybersecurity insurance #infosec #databreach #CyberAttack #BusinessNews 	https://t.co/DlyBTQ96Wc
Facial Recognition Tool That Tracks People Across #socialmedia Now Available to #Hackers #cybersecurity #dataprotection #privacy https://t.co/vgNhNnEvlV
RT @ZDNet: VMware looking towards IoT and the edge https://t.co/lLeJpvG2rd
RT @CBSDenver: Denver Prepares For ‘Very Important’ Wireless Emergency Test https://t.co/gRvHPzjX8n https://t.co/2AO6wukqCi
#GDPR: Compliance cheat sheet for #HR departments #cybersecurity #dataprotection #dataprivacy #infosec #BusinessNews 	https://t.co/ZX85gsQi7T
What #Government Organizations Can Learn From The #PrivateSector About #Cybersecurity #dataprotection #infosec #BusinessNews 	https://t.co/Z76yglAgSB
RT @Webimprints: #cybersecurity New Instagram security measures are not that secure https://t.co/JQoouJX0h0 https://t.co/Re9al90Xgc
.@Google and @Mastercard Cut a Secret Ad Deal to Track #Retail #Sales #dataprotection #dataprivacy #BusinessNews 	https://t.co/Ooa73H4oVc
Private sector isn’t sharing #data with @DHSgov threat portal #cybersecurity #dataprotection #BusinessNews #infosec #CyberAttack https://t.co/ChrRZgIHAc
.@premera accused of destroying evidence in #databreach lawsuit #cybersecurity #dataprotection #BusinessNews #healthcare 	https://t.co/OfctxZCU7p
A good time to beef up #CyberSecurity #dataprotection #infosec #BusinessNews #technews	https://t.co/mnzQTLDEZj
RT @CyberScoopNews: House panel rips CVE contracting and oversight policies https://t.co/D7EDhtGmkQ
Study Reveals Rise of Threat Hunting to Combat the Wave of #CyberSecurity Threats #CyberAttack #databreach #dataprotection #Hackers #BusinessNews #infosec #Pentesting https://t.co/Elh5fP58xx
Is #Blockchain #Technology Good or Bad for #Healthcare? #cybersecurity #BusinessNews #dataprotection #HIPAA #PII https://t.co/wV6aEYfnWq
#Blockchain is one of the hottest skills right now #cybersecurity #AI #IoT #technology #BusinessNews https://t.co/b1102LYgHz
Why #phishing remains a critical #CyberAttack vector #cybersecurity #dataprotection #databreach #BusinessNews https://t.co/oARjK11s18
RT @symantec: Internet usage adds up when you have 160,000 employees. Check out how we helped @TNTMediaHub regulate and reduce bandwidth co…
RT @ingliguori: How #Blockchain Can Transform Artificial Intelligence 	@antgrasso @HaroldSinnott @FrRonconi @enricomolinari @vinod1975 @akw…
.@Google Now Provides a #BigData View of the @ethereum #blockchain #cybersecurity #TechnologyNews #BusinessNews #CryptoNews	https://t.co/qGRmaufUFf
"Don't mistake activity with achievement." ~ John Wooden #LaborDay
Fighting Chinese cyber-espionage could cost US #5G dominance #cybersecurity #dataprotection #infosec #BusinessNews https://t.co/zoBtmfsNGv
Every type of personal #Data @Equifax lost to #hackers: 145 million Social Security numbers, 99 million addresses and more #CyberSecurity #dataprotection #infosec #BusinessNews #CyberAttack #DataBreach 	https://t.co/4OuCxqnuOl
Very Good Security raises $8.5 million to handle companies' sensitive #data #cybersecurity #dataprotection #BusinessNews https://t.co/ckFVUq9qxe
RT @TechRepublic: How to turn on two-factor authentication in Mozilla Firefox https://t.co/bbm8MFdTmq https://t.co/XAkIjHNZPd
7 Companies Using #Blockchain To Power #AI Applications #cybersecurity #dataprotection #BusinessNews https://t.co/PovoFTRTxS
#California #NetNeutrality Bill Heads to Governor’s Desk @JerryBrownGov @FCC #cybersecurity #BusinessNews	https://t.co/65plxMYm8u
#California Legislators Are Working to Send #Blockchain to Governor's Desk @JerryBrownGov #CyberSecurity #dataprotection #infosec #BusinessNews 	https://t.co/Za103Dnb5S
Evolution of #CyberSecurity in #Healthcare #BusinessNews #HIPAA #dataprotection 	https://t.co/wl2kPGXZYB
80% of enterprises struggle to protect machine identities #cybersecurity #dataprotection #BusinessNews #infosec 	https://t.co/Uue2bUdkAx
Experts Call for Transparency Around @Google Chinese-Made #Security Keys #cybersecurity #dataprotection #BusinessNews #infosec 	https://t.co/Zvb8tpAcB7
.@Qualcomm Medical Gateway Has Critical #Cybersecurity Vulnerability #dataprotection #infosec #CyberAttack #BusinessNews #healthcare #HIPAA	https://t.co/AwwdoSc78M
RT @CyberScoopNews: Why should you attend #DCCyberWeek? To network with the most influential leaders in #cybersecurity! Register: https://t…
The state of #ransomware in 2018 #CyberSecurity #CyberAttack #BusinessNews	https://t.co/7LLdUgPYvd
#Cryptojacking attacks spiked in first half of 2018 #CyberSecurity #CyberAttack #Malware #Ransomware #SCADA	https://t.co/a1nPa96mr5
Japanese Police Adopt #Cybersecurity Software to Trace #Bitcoin Transactions https://t.co/ckf0PoZM8g
Personal details of 37,000 @eir customers exposed after the theft of a laptop #cybersecurity #dataprotection #DataBreach #CyberAttack #infosec #BusinessNews #GDPR https://t.co/0pnLQQnq5a
How Not To Pay A Ransom: 3 Tips For #Enterprise #Security Pros #cybersecurity #Ransomware #dataprotection #CyberAttack #BusinessNews https://t.co/T24iz3Pla6
Is #Blockchain The Answer To A Better #Healthcare Industry? @officialmcafee @pmarca	@VitalikButerin	#cybersecurity #DataProtection https://t.co/hmdl4ky9Co
RT @officialmcafee: https://t.co/pvxmEelpdJ
#Internet-driven 2020 #census faces thousands of #security weaknesses #cybersecurity #CyberAttack #DataProtection #infosec @USGAO @DHSgov @realDonaldTrump @HouseDemocrats @HouseGOP @dscc @SenateGOP	https://t.co/90vI1Tyt5v
What will be the impact of the new @Windows 10 #zeroday? #cybersecurity #dataprotection #BusinessNews #infosec #CyberAttack #databreach https://t.co/JfoB5MQjxo
RT @WorldTrendsInfo: #Tech &amp; #Innovation: Are you ready for the top technologies of the future ?#Infographic #cloud #mobile #cybersecurity…
RT @MalwareJake: What's it like to work in information security? This sums it up better than words ever could... https://t.co/CXgmIA84Es
RT @MarcWilczek: Federal Agency Data Under Siege		71% of #ITsecurity professionals in US federal agencies have reported breaches in their o…
#databreaches to fuel increase in global #infosec spending, according to @Gartner_inc #cybersecurity #dataprotection #CyberAttack #BusinessNews	https://t.co/pqE3GdI8ou
What Is #Data Loss Prevention (#DLP)? #cybersecurity #dataprotection #CyberAttack #BusinessNews #GDPR #PCIDSS #HIPAA #infosec	https://t.co/gXqVZyRhf3
Bolster Your #Data #Security Strategy with Intelligent Data Loss Prevention Software #cybersecurity #BusinessNews #GDPR #DLP #CyberAttack #dataprotection	https://t.co/Hb8InwdPxP
Insiders Pose Greatest Threat to #Data #Security in #Healthcare #cybersecurity #dataprotection #databreach #CyberAttack #BusinessNews #HIPAA https://t.co/QOACfcQFJ8
#GDPR at the minimum: The #Data #Security reality you should know #cybersecurity #dataprotection #privacy #BusinessNews	https://t.co/SRBjMlVTDe
Why proactively addressing #cybersecurity is vital to #Business Growth #dataprotection #BusinessNews #CyberAttack #infosec	https://t.co/oK8qI1bQAt
#CyberCrime: The Growing Underground Market #cybersecurity #dataprotection #CyberAttack #databreach #Darknet #deepweb https://t.co/pfRFwLTZuj
RT @SunshineTheGrey: #SNIFF #FOLLOWTHEMONEY https://t.co/v524z5YC98
The #Cybersecurity 202: @FBI's #encryption fight with @facebook could have broad impact on smartphone users' #privacy #dataprotection #dataprivacy #TechnologyNews #BusinessNews https://t.co/daGlVv9DX9
Checklists to Keep Your #Cybersecurity Program on Track #dataprotection #BusinessNews #infosec https://t.co/6iAzrq2J58
Why Access Controls Are Not Enough to Stop #DataBreaches #BusinessNews #cybersecurity https://t.co/n2kQ6UsjCt
Why Is #Cybersecurity Important for New Entrepreneurs? #BusinessNews #dataprotection https://t.co/KwkxSDI2Go
RT @privacyint: Why data protection authorities are essential: A cautionary tale for Brazil		NEW blog on why the next step for #Brazil is t…
.@DPCIreland receives over 1,100 reports of #databreach since start of #GDPR rules #cybersecurity #dataprotection #dataprivacy #BusinessNews #infosec	https://t.co/O2rvhuhNQj
Your Super Powers Of Explicit Consent #GDPR #cybersecurity #dataprotection #BusinessNews #dataprivacy #infosec https://t.co/ugrjiqKqAx
142 #healthcare #databreaches in Q2, 30% caused by repeat offenders #cybersecurity #BusinessNews #CyberAttack #infosec #HIPAA	https://t.co/wOXHv2gt01
RT @elie: China is using LinkedIn as a tool to buy American secrets  https://t.co/IJhG9IkrlF
.@AirCanada app #databreach involves #passport numbers #cybersecurity #dataprotection #CyberAttack #dataprivacy #PII	https://t.co/i6yA5frykb
RT @grattonboy: #Cyberattack : Who is at #risk ? #Security #Cybersecurity #Data #BigData #Digitaltransformation #Manufacturing #enterprise…
RT @2morrowknight: Infographic: "10 Steps to Cybersecurity" - great info!	 	#CyberAttack #cybersecurity #infosec #AI #dataviz #insurtech #I…
Use @Gartner_inc roadmap for CISOs to succeed in #cybersecurity and #business #BusinessNews #infosec https://t.co/WuT5HyJElf
RT @CSOonline: #Cryptominers hold 4 of top 10 most common #malware found in the wild. @CheckPointSW, by @menadeau  - https://t.co/ICTQ4jjHcJ
RT @kennethholley: Cryptocurrency Security Must Catch Up With Investor Expansion by @DrInfoSec #cybersecurity #cryptocurrency https://t.co/…
.@Fortinet FortiGuard Labs 2018 Threat Landscape Predictions #cybersecurity #CyberAttack #databreach #Malware #BusinessNews #infosec	https://t.co/wsmP3POz7Z
The Evolving Threat Landscape - #Swarmbots, #Hivenets, Automation in #Malware #cybersecurity #BusinessNews #CyberAttack #databreach https://t.co/3CCmK1GkaE
The #Cybersecurity 202: Why the latest #election #security bill is stalled in #Congress @HouseDemocrats @HouseGOP @dscc @SenateGOP @SpeakerRyan @PRyan @SenateMajLdr @DHSgov @realDonaldTrump	https://t.co/q2nXcjYRkm
What #teenagers need to know about #cybersecurity #BacktoSchool #dataprivacy	https://t.co/YdUlRB2Hy6
The state of #cybersecurity at small organizations #Cyberattack #BusinessNews #TechnologyNews https://t.co/BQQFAA0UAJ
Why standardized #IT equipment can be an effective #cybersecurity strategy for SMBs #BusinessNews #TechnologyNews #infosec https://t.co/x6npNsHs1L
Federal CIO: Expect New #Cybersecurity Reporting Metrics by Year’s End #BusinessNews #dataprotection #TechnologyNews https://t.co/FoFvVgyNoj
RT @thecyberwire: #CWPodcast: The #FiveEyes issue some communiques about cooperation in #cyberspace. #cybersecurity #infosec https://t.co/z…
Critical Flaws in Syringe Pump, Device Gateways Threaten #Patient Safety #cybersecurity #TechnologyNews https://t.co/bowpBbwgLv
RT @grattonboy: How Smart is your City? [Infographic] #SmartCity #Cybersecurity #innovation @Fisher85M #IoT #MachineLearning #Health #Auton…
RT @USCyberMag: Why Hackers Hack: Motives Behind #Cyberattacks	 	[#infographic] via @VisualCap 		#cybersecurity #hacking #MI #ML #AI #IoT #…
RT @BizAtlanta: How is the U.S. staying on top of #cybersecurity? 	We talk about Augusta's Cyber Command Center with experts @pauljudge and…
RT @IdeaGov: #cybersecurity Establish a google voice # tie it to your mobile then use the google voice number to give out as your defacto p…
RT @CiscoSecurity: Just released! @Cisco 2018 Asia Pacific Security Capabilities Benchmark Study highlights regional breach readiness &amp; how…
RT @ValaAfshar: 14 technologies of next decade:		1 #AI (ML)	2 #IoT⌚️	3 #blockchain ⛓	4 3D print 🖨	5 mobile📱	6 autonomous cars 🚗	7 mobile in…
RT @cursedtrilogy: @844CO4Kids @sarahjuliia @CybersecurityC6 @Bob_Bites @DenverWoobie @CHI_LianaM @viney_mel Would love to work with this g…
How One Company’s #Cybersecurity Problem Becomes Another's Fraud Problem #dataprotection #infosec #BusinessNews https://t.co/Jp3VUY4A7n
How to Protect Your Cellphone (and Your #Data) When You #Travel #cybersecurity #dataprotection https://t.co/zkhqGpztTC
RT @grattongirl: 10 Steps to #Cybersecurity #RiskManagement #ArtificialIntelligence #DataScience #AI #IoT @grattongirl @grattonboy @Paul4in…
RT @sagedatasec: Cyber Threat Hunting Guide Download! Learn how to defend your network from cyberattacks by going on the offensive! Downloa…
Why #Cybersecurity Is Becoming A Top-Priority Investment #dataprotection #BusinessNews #infosec https://t.co/rIuaqwbQQN
RT @Raj_Samani: Twitter bot armies are "divided into thematic categories" and "activated wherever insertion or manipulation of a particular…
RT @AkshayKurhade12: Security Testing Techniques to obstruct cyber attacks. @CybersecuritySF @CybersecurityC6 @SecureWorld @simonlporter @K…
RT @844CO4Kids: #ShoutOut to @sarahjuliia @CybersecurityC6 @Bob_Bites @cursedtrilogy @DenverWoobie @CHI_LianaM &amp; @viney_mel for the follow…
RT @Office365: @CybersecurityC6 You can't ever be too secure! Thanks for sharing. 🙂
Researchers enable real-time forensic analysis with new #cybersecurity tool #DataVisualization #dataprotection #infosec #CyberAttack https://t.co/0s7TEdwriW
RT @Fisher85M: #CyberSecurity in an #IoT and #Mobile World {Infographic}		#infosec #Analytics #fintech #education #Security #Malware #Cyber…
RT @TamaraMcCleary: Why Hackers Hack: Motives Behind #Cyberattacks https://t.co/d84yRa8MCc via @VisualCap #cybersecurity #hacking #infograp…
RT @jamesvgingerich: THE CONNECTED WORLD REPORT: Business in the #IoT age.  (Business Insider)   https://t.co/evmFOYzplE https://t.co/8v536…
45% companies don’t have #cybersecurity leader: Study #dataprotection #infosec #BusinessNews #CyberAttack https://t.co/nCcnr3qDh4
RT @evankirstel: Your friendly neighborhood voting machine #Hackers #CyberSecurity #Elections @Fisher85M @evanderburg @cybersecboardrm http…
RT @NJCybersecurity: A vulnerability was discovered  in #Ghostscript, an interpreter for #Adobe’s PostScript and PDF page description langu…
RT @CiscoSecurity: Just released! @Cisco 2018 Asia Pacific Security Capabilities Benchmark Study highlights regional breach readiness &amp; how…
The #Cybersecurity 202: Lawmakers dismiss #voting machine maker's claim that spies benefit from election #hacking demos @KamalaHarris @MarkWarner #cybersecurity #DefCon #databreach #dataprotection #infosecurity #CyberAttack	https://t.co/AmWolKniht
#Cybersecurity 101: Six Basic Fixes to Hackproof Your Factory #Hackers	#dataprotection #infosecurity #CyberAttack #BusinessNews https://t.co/o0p57cMFHL
#GDPR at a glance @sageuk #cybersecurity #dataprotection #BusinessNews #infosec #privacy #cyberattack https://t.co/ZmzZ7qa8iJ
The General #Data Protection Regulation (#GDPR) – a Catalyst for #Digital Transformation #cybersecurity #dataprotection #BusinessNews https://t.co/YQ6QbpJL3A
RT @profcarroll: Under GDPR, inferred data is personal data, so EU Snapchat users would have a right to know how their emotions are being s…
RT @jakedimare: Bingo! We almost made it to lunch before #GDPR was mentioned. #websc
#DataBreach complaints up 160% since #GDPR came into force #cybersecurity #BusinessNews #dataprotection #infosec https://t.co/NNwSK5iUY6
RT @jason_kint: Member of EU Parliament now asking ?s of @vestager and @VeraJourova about research into Google’s data collection practices…
How #GDPR Affects Site Users From the #US #cybersecurity #dataprotection #BusinessNews #infosec https://t.co/1gcOx42qAE
RT @CNN: Executives from three major tech companies are due to appear before Congress next Wednesday to talk about their role in protecting…
RT @businessinsider: The evolution of the cell phone https://t.co/ITgKQ0Wk03
The #Cybersecurity 202: These researchers worry more about #cybercriminals #hacking the grid than nation-state hackers	https://t.co/GeVNCsCOEo
US #retailers lead world in #data breaches #cybersecurity #dataprotection #CyberAttack #infosec	https://t.co/kX4Jw87xdi
RT @DataProtectWF: The #GDPR deadline has come and gone, but the hard work has just begun, our #DPWF workshops will help! 💡		Head to our we…
Marketing In A #GDPR World: A Q&amp;A With @Gartner_inc #dataprotection #business #cybersecurity #infosec https://t.co/lLUwmsrJpo
8 ways to leverage #GDPR for your agency #cybersecurity #business #infosec https://t.co/8bCL5z4VLc
RT @charlesmilander: Prediction About Data Usage Post-GDPR	https://t.co/ov4tvRMCpx Follow on Instagram: https://t.co/q3eGudv70p https://t.c…
RT @MailChimp: 🚨 GDPR-friendly functionality is now available in the API. Enable GDPR fields, sync contacts' marketing permissions, and del…
RT @Independent: Data breach complaints up 160% since GDPR came into force https://t.co/EmNxU2LvLy
A #DDoS Knocked Spain's Central Bank Offline #cybersecurity #CyberAttack https://t.co/8Ptis4qmPH
How #hackers managed to steal $13.5 million in Cosmos bank heist #cybersecurity #CyberAttack #dataprotection #infosec https://t.co/RD0RDIErbp
Few firms have #cybersecurity expert to battle growing #data threats #dataprotection #business #infosec #CyberAttack	https://t.co/vJIcYKUIAw
Iranian #Hackers Target Universities in Global #Cyberattack Campaign #cybersecurity #dataprotection https://t.co/pYXod4RHES
RT @dizshizbiz: If you find yourself constantly resetting passwords, check out my article about #LastPass   https://t.co/CUWUhNQTD5	#CyberS…
Fostering A Culture Of #Cybersecurity #business #infosec https://t.co/xvKUVNAvI2
RT @StartGrowthHack: Smart solutions for smart cities. #IoT #CyberSecurity #BigData #VR #Fintech #Blockchain #Robotics #AI #SmartCity Via @…
6 reasons gamification improves #cybersecurity training #dataprotection #business #infosec https://t.co/0wC6xdeRQj
RT @weedmaps: The DEA wants to increase the amount of #marijuana grown for scientific purposes by 157% and reduce the production of opioids…
High Security: Minimizing #Data Risk in the #Cannabis Industry #cybersecurity #dataprotection #business #infosec #HIPAA #PCIDSS - https://t.co/YtzuSoAjEo https://t.co/rH7O7RVJYo
#IRS to introduce new tax transcript to better protect #taxpayer #data https://t.co/2h4HSF2g1m
Court Approves @AnthemInc $115 Million #DataBreach Settlement #cybersecurity #dataprotection #HIPAA #PHI	https://t.co/FlOEAmgw6x
How To Keep Your #Cannabis #Business Safe From #Hackers #cybersecurity #dataprotection #HIPAA #PCIDSS #PHI #PII	https://t.co/p6O39fKQSO
RT @BrianHonan: North Korean Hacking Group Steals $13.5 Million From Indian Bank https://t.co/vw4XozBUXD
The Consequences Of The #Superdrug #DataBreach #cybersecurity #dataprotection #Password #GDPR https://t.co/DPOWUzcYeL
#Data Protection Leader @TITUS Releases Flexible Solution for G Suite #cybersecurity #infosec #business #TechnologyNews #GDPRCompliance	https://t.co/KMg6HQ4za8
Protecting trade secrets: technology solutions you can use #cybersecurity #dataprotection #business #infosec #TechnologyNews	https://t.co/sUvhkrQXRN
Market Leader @boldonjames Brings Intelligent @Outlook Classification to @Office365 #cybersecurity #dataprotection #infosecurity #GDPR	https://t.co/Sz3woWlqve
Every Executive Needs To Understand #Data Classification Strategy #cybersecurity #dataprotection #business #infosec	https://t.co/WTXVXmmV2v
RT @newsycombinator: Japan to add millions of new nodes to federated Nextcloud network https://t.co/8fyY3GxW6Y
RT @TheHackersNews: A hacker has released an automated exploitation tool for 3 #ApacheStruts vulnerabilities, including the latest RCE flaw…
RT @TheHackersNews: Bug Hunter reported a Remote Code Execution on the Facebook server https://t.co/GJ0m9KdQQT
RT @TheHackersNews: Electron JS—web application framework—has released the latest updates to patch a critical RCE #vulnerability (CVE-2018-…
RT @TheHackersNews: Former #NSA contractor 'Reality Winner' sentenced to more than 5-years in prison for leaking "TOP SECRET" information a…
RT @DeepLearn007: AI &amp; Your Vacation - How Machine Learning Is Changing The Travel Sector	#AI #MachineLearning #DeepLearning #BigData #Mark…
#Cybersecurity: Can tech giants work together against threats? #CyberAttack #cyberthreats #dataprotection #business #infosec	https://t.co/G523IhDXTI
The Human-Factor in #Cybersecurity Training: Why Adopting a Holistic Approach Is Most Valuable #CyberAttack #dataprotection #infosecurity #business #TechnologyNews	https://t.co/NiZ9CrGs3u
How to Improve the #California #Consumer #Privacy Act of 2018 #cybersecurity #infosecurity #dataprotection #PoliticsToday #TechNews	https://t.co/hO8JaaVpde
#California #Consumer #Privacy Act: #GDPR-like definition of personal information #cybersecurity #dataprotection #infosecurity	https://t.co/pke5Nc7Cq8
Mobile #banking being targeted by #hackers #cybersecurity #dataprotection #infosecurity #Malware	https://t.co/MdWzi7AsNw
#Hackers Steal More Than $1M From Global #Economy Every 60 Seconds #cybersecurity #dataprotection #infosecurity https://t.co/T9YkpLHgGt
The #CyberSecurity 202: Tech giants open up about #election #cyberthreats as specter of regulation looms #cybersec #dataprotection #infosecurity #riskmanagement #compliance https://t.co/YK56CnT5zL
Netflix, HBO GO, Hulu #passwords found for sale on the #DarkWeb #cybersecurity #dataprotection #infosecurity #Darknet https://t.co/7rNlbpq5fA
The impact of #GDPR, in 5 charts #cybersecurity #dataprotection	#infosecurity #datagovernance https://t.co/D8BakHRgct
DHS Is Reshaping Federal #CyberSecurity with a $1 Billion Contract #cybersec #dataprotection #DataSecurity #infosecurity	https://t.co/PsvEgVLCJG
4 Reasons #Hackers are Targeting the #Cannabis Industry #cybersecurity #CyberSec #infosecurity #dataprotection https://t.co/BgGe8x33uP
2018 #Cyberthreat Defense Report: Where IT Security Is Going #cybersecurity #cybersec #infosec #dataprotection https://t.co/vE2pgsXL5h
RT @knowlengr: My piece on 5 future #cyberwar events + what might follow https://t.co/61A3qMHcVq @ipswitch #cybersecurity #SCADA https://t.…
Password123 #cybersecurity #databreach #dataprotection #cyberhygiene 	https://t.co/oaTZa4JOvH
RT @DavidePaterlini: #Infographic: How do large companies prepare for Cyber Attacks? (via @Fisher85M) #Cybersecurity https://t.co/BWU6tDd8oB
RT @rmawaters: Weak passwords let a hacker access internal Sprint staff portal #cybersecurity  https://t.co/6eO3K9fu5H
Security researchers found vulnerabilities at @ATT, @TMobile, and @sprint that could have exposed #customer #data #cybersecurity #databreach #infosec #dataprotection	https://t.co/lekML9JGtP
RT @djmyerslaw: 5 Important Healthcare Cloud Security Factors #cybersecurity https://t.co/CSn8EDRgMB
Sprint security lapse gave access to #customer #data #cybersecurity #databreach https://t.co/tAl2Vz11Gh
RT @Gartner_inc: Gartner: Prepare Your #IT Asset Management for 2020 https://t.co/8InuNpoMmP #GartnerITSV #sourcing #cloud
RT @internetsociety: Providing #Internet access in remote locations can be a challenge, but it’s one that we work hard to overcome. Join ou…
RT @ICANN: #ICANN Board Reaffirms Temporary Specification for gTLD Registration Data. Read more here: https://t.co/myrnDYSBfy https://t.co/…
RT @TechRepublic: Top 5: Ways people get scammed on social media https://t.co/QeNuGcz6Ef https://t.co/I6lbiOox2N
RT @TechRepublic: How to establish a productive DevOps environment. https://t.co/AB8RHKqrKx https://t.co/bkjd4G7jg2
RT @briankrebs: Experts urge rapid patching of Apache Struts flaw, for which there is already exploit code available. https://t.co/nWHUm5Gc…
Gartner Forecasts Worldwide #InfoSec Spending to Exceed $124 Billion in 2019 #cybersecurity #GDPR #dataprotection https://t.co/9qKL5C1TIp
#databreach exposes medical histories of 300 high school students #cybersecurity #dataprotection	https://t.co/0CIBRagOnW
Recommendations by @USTreasury could give more help to #databreach victims #cybersecurity @realDonaldTrump #MAGA	https://t.co/7DUFa5OZfe
6.1M #healthcare #databreach victims in 2018: 5 of the biggest breaches so far #cybersecurity #dataprotection #HIPAA https://t.co/pgJyMqXLmf
#DataBreaches Keep Happening. So Why Don’t You Do Something? #cybersecurity #dataprotection	#infosec https://t.co/iPHavCnXcE
A typical #databreach costs a company $3.86M, up 6.4% from $3.62M in 2017 #cybersecurity #dataprotection #infosec	https://t.co/tpNInn4zTu
RT @CNETNews: The man tried to pose as a French citizen in Washington's Dulles Airport.	https://t.co/TfsIxEU5Re
RT @ZDNet: Windows 10 alert: All versions get new Intel patches for Spectre, Foreshadow bugs https://t.co/zf4zX2iJ5w via @LiamT
#Data Mapping May Be the Hardest Part of #GDPR #Compliance #cybersecurity #dataprotection #infosec https://t.co/MCnyaz93lV
The #GDPR Ripple Effect #cybersecurity #dataprotection	#infosec #compliance https://t.co/tsoSuQy2kA
The #Darknet is not a hellhole, it's an answer to #internet #privacy #cybersecurity #DeepWeb	#DarkWeb https://t.co/QCzYGfekVp
Top 10 list of #DarkWeb activities that indicate a #databreach #DeepWeb #cybersecurity #dataprotection #infosec https://t.co/JPALW6SQHt
Nearly 15 Million #Texas #Voters Reportedly Exposed by #DataLeak #DataBreach #Cybersecurity #dataprotection #infosec #DataSecurity #Election https://t.co/itQEDN3GWs
RT @lorenzofb: New: T-Mobile says hackers stole "some" personal data of around 2 million customers in new data breach. https://t.co/XaQBA4l…
Iranian #hackers target 70 universities worldwide to steal research #cybersecurity #CyberAttack #cybercrime #dataprotection #DataSecurity #phishing https://t.co/DRtzLmmUu2
The #Cybersecurity Regulations #Healthcare, #FinancialServices, and #Retail Industries Must Know About #GDPR #HIPAA #FINRA #PCIDSS #InfoSec #PHI #PII #Compliance https://t.co/WIdCcuEmnh
#Cybersecurity: States ramp up #election protections ahead of midterms with $380 million in federal funds #voter #dataprotection #criticalinfrastructure https://t.co/FwUF0UbLop
Utilities still lagging on #cybersecurity says report https://t.co/8lST1mRlUW
RT @GabrielMariya: Very pleasant meeting w/ 🇮🇳 Minister Ravi Shankar Prasad on our common interest and our best practices on #DataProtectio…
RT @privacyint: It's great that #Brazil has finally passed a #dataprotection law. Now they need to take steps to make it truly effective.	h…
More security concerns force @facebook to suspend 400 apps over #DataPrivacy #dataprotection #GDPR #cybersecurity @FCC @EFF https://t.co/bIuZfOPnXX
RT @CGOC_Council: "Privacy protections now increasingly travel with personal information, even if that information is something a company h…
Here's how much money #hackers get for your #SSN and other personal #data on the #blackmarket #cybersecurity #dataprotection #infosec #DarkWeb #DeepWeb https://t.co/rEOxHTT2TN
Sydney airport seizure of phone and laptop 'alarming', say #privacy groups #GDPR #dataprotection #cybersecurity #infosec https://t.co/huLyBokbgr
RT @evankirstel: Price tag of data breaches #Security #dataprivacy @fklivestolearn https://t.co/ejBDoPZwym
How Will #California Consumer Privacy Law Impact The #DataPrivacy Landscape? #Cybersecurity #GDPR #dataprotection #DataSecurity #InfoSec #compliance #TechnologyNews https://t.co/qiZCDiWXVV
"This has been a complex but valuable process."	How can your organization benefit from #GDPR #compliance? #cybersecurity #infosec #dataprotection https://t.co/zKiljMdfJd
RT @DatexInc: The GDPR Ripple Effect	#Compliance #GDPR #PII	 https://t.co/smlWxmSLyo by @DarkReading
RT @FerhatSF: We believe data protection extends far beyond just #backup or archiving. Let us together step back and take a look at the big…
RT @WatchGdpr: Chap asks Facebook for data on his web activity, Facebook says no, now watchdog's on the case • The Register - https://t.co/…
RT @evankirstel: Key #GDPR Changes at a Glance {Infographic}		#CyberSecurity #infosec #BigData #Privacy #Analytics #Security #Education  ht…
RT @jamesvgingerich: #GDPR Could Impact How Remote Teams Work. (SmartData Collective)  https://t.co/JjIdtk6DdY https://t.co/AaSgnyDMfZ
RT @HWillert: #GDPR: Where are we now? And what happens next? https://t.co/BRhGV5jUBE
RT @mediamath: Great read from @IABEurope on why #GDPR impact will be broader than just the EU: https://t.co/y0PZOfKtiF w/ insight from Med…
RT @BhanSawan: How hackers #Hacked INDIAN BANK via ATM.	https://t.co/ya3R8ovnmX		#infosec #CyberSecurity #CyberAttack #cybercrime  #disrupt…
RT @DataVault_UK: If you operate essential services such as #banking #energy #transport #healthcare #internet then you should know about th…
RT @eMarketer: Tech platforms may feel the burn of #GDPR: https://t.co/1PzGrSo6Tv https://t.co/chyWiRxVbg
RT @Torben_Heimann: The impact of #GDPR. Third party cookies plummet on news sites in Europe. https://t.co/ERfWVBVL15 https://t.co/CHyqbZnY…
RT @hannakozlowska: In Europe for the first time since the GDPR and I feel like all I'm doing is clicking "accept"
RT @rauchg: Just had an idea for GDPR 2.0 https://t.co/95d9EaDcIx
The #data of more than half a million @cheddarskitchen customers may have been compromised in #CyberAttack #creditcard #PCIDSS #DataBreach https://t.co/EjUVDKMUgW
Playing offense and defense in the face of #cybersecurity threats #CyberAttack #threatintelligence #dataprotection #Infosec	https://t.co/PLqzn2yyYo
The #Cybersecurity 202: #Security pros defend @DNC handling of #hacking false alarm #CyberAttack #voter #database #InfoSec @DHSgov @FBI #synergy #IncidentResponse https://t.co/lVdjwPhxcX
Corporate #Cybersecurity Is Becoming Geopolitical. Are U.S. Tech Companies Ready? #CyberAttack #infosec #dataprotection https://t.co/SZdfEttLSZ
What tech giants really do with your #data @Apple @amazon @facebook @Google @LinkedIn @Microsoft @Tinder @Twitter @Wikipedia #cybersecurity #dataprotection #GDPR  https://t.co/9XLGbRr91n
RT @TamaraMcCleary: #BIGDATA: By 2020, a #SmartCity of 1 million people will generate 200 million GB of #Data every day. #IoT #AI #Cloud #D…
RT @arstechnica: Running Windows 95 in an “app” is a dumb stunt that makes a good point https://t.co/IK1Asdkyq8 by @drpizza
Kids at #hacking conference show how easily #US #elections could be sabotaged. #DefCon #cybersecurity #voting #data #cyberattack #DHS #Russis #Ukraine #infrastructure https://t.co/qqdUbXHB7H
RT @paulalbright: Why Top #CEOs Denounce Trump Immigration Policy as Threat to U.S. Economy		https://t.co/sEQX010Z7H	#Leadership #AI #ML #D…
RT @comsec: Mystery Hacker Trying to Sell Stolen US #military Documents. How Is the Hacker Getting the Information? https://t.co/fBHZxNjdpk…
RT @MPBorman: Anatomy of a #Cyberattack: Would your firm handle it better than this? https://t.co/PnpqX2JF2A @BBCNews #corpgov #CEO #CFO #C…
RT @swarmnetics: One of Google's newest sister companies is almost ready to go after the $96 billion #Cybersecurity industry on a 'planet .…
RT @rtehrani: How easy is it to hack a voting machine? A pacemaker? https://t.co/Vi004hCQYu		#Cybersecurity #cybercrime #cyberattacks #hack…
RT @GoncMarcIBM: IBM launches a cheaper platform for start-ups to build blockchain projects https://t.co/nb5Q68JTAA  #CyberSecurity #infose…
RT @robrecruitsdata: So You Want A Job In IoT? Here Are The Three Skills Every IoT Company Looks For	#InternetOfThings #IoT #CyberSecurity…
RT @PaoliCGPI: ✔How #AI Is Transforming Cyber Defense⁉️	👉High Speed🚀 #cyber responses but not only...	A🔝📰 @Forbes 👉https://t.co/K6agGZXa5E…
RT @jblefevre60: #China is now policing #cryptocurrency by targeting #WeChat accounts		https://t.co/FGr7RUqm6u v/@qz	#fintech #blockchain #…
RT @KaiGrunwitz: 👉 How To Hack An Aircraft? ... it is easier than you might think 😮	Great article by @KateOflaherty 👏		#cybersecurity #ASIS…
RT @zaibatsu: Phone Numbers Were Never Meant as ID. Now We’re All At Risk https://t.co/ZWrN7Ucx4K #Cybersecurity #Infosec #Privacy https://…
RT @BosBorn1: Opinion: Sizing up the FBI’s new cyber leadership https://t.co/cmLwSO0ZZ9 via @politico #CyberSecurity #cyber #Security #FBIj…
RT @StrategyTriple: You can have the best technology in place to prevent Security breaches, but if you don’t invest in training and teachin…
RT @CioAmaro: The Cybersecurity Talent Gap Is An Industry Crisis https://t.co/sWYWEOGg0O 	 #Article [ @CioAmaro ] #Infosec #CyberSecurity #…
RT @AltaAssociates: The Dangers of Keeping Women Out Of Tech. #WIRED #womenintech #womeninstem #STEM #technology #technews #diversity #gend…
RT @AnnyAllerton: Patch Alert 🚨 @Adobe released critical updates for Photoshop Creative Cloud on Windows and Mac 🎨 #Cyberspiracy #Cybersecu…
RT @johnmcclure00: Just say no: Wi-Fi-enabled appliance botnet could bring power grid to its knees https://t.co/u7bOhropCN #infosec #cybers…
RT @cyberdad: #cybersecurity #NIST https://t.co/xu6OuYScQU
RT @hacking_future: The Untold Story of NotPetya, the Most Devastating Cyberattack in History https://t.co/noe1jkxZA0 #hacking #cybersecuri…
RT @HarbRimah: Through the looking glass of #cybersecurity what does the #blockchain look like?	https://t.co/JRYnlbVuPL 	#crypto #cryptocur…
RT @sbmeunier: How Hacked Water Heaters Could Trigger Mass Blackouts @WIRED #Cybersecurity #hacking		#fintech	➡️https://t.co/UH48lOGOKU htt…
RT @appknox: 5 Best Practices for Setting Up a Security Operations Center https://t.co/c4b1vIpoxO 		#SecurityOperations #DataBreach #CIO #C…
RT @JohnLainhart: DHS, Florida Institute of Technology Demo ‘Federated’ Cyber Defense Approach #cybersecurity #privacy @ExecutiveBiz https:…
RT @kharko_aj: Protection, detection, and response. #Cybersecurity https://t.co/ZrEBNXYmJR via carainholland
RT @lucysecurity: Nice but no added value. Visual Cyber-Security: See Attacks On Real Time https://t.co/kZukjLqbj5	#infosec #cybersecurity…
RT @allittechbuzz: ✔ What’s the difference between the Surface #Web, the #DeepWeb and the #DarkWeb? [#Infographic] https://t.co/gKUC1aSjM9…
RT @cybersecboardrm: T-Mobile Hit With Customer Information Hack https://t.co/wfVsTIfuHs #CyberSecurity #infosec
RT @DavidPJKing: This is how you incentivise security! #incentives #cybersecurity #2FA #MFA https://t.co/3T70Yu53AY
RT @catchathiefuk: UK retailer Superdrug warns 20,000 customers of possible data theft	#Crime #Datafraud #Datatheft	 #CyberSecurity	 https:…
RT @Cybersecinsider: @bitglass Security Spotlight: Yale, LifeLock, &amp; SingHealth  https://t.co/8zYk9aemfw  #Cybersecurity #Technology
RT @Ronald_vanLoon: 2018 #CyberSecurity Top 5 Predictions [#INFOGRAPHICS] 	 by @CyberTrain365 | 		Read more here: https://t.co/G9bBHrl94o…
RT @dridje1: The ABCs of prioritizing cybersecurity. Emphasis on C. https://t.co/m1QA3nCRzc #cybersecurity via @RSAConference
RT @JVLevEsq: Canonical Outs Major #Linux Kernel Updates for All Supported #Ubuntu Releases  - #cybersecurity #cloud #AWS https://t.co/IFuK…
RT @LibertyCenter1: The criminals would compromise a bank or card processor with malware so that they gain access to bank users’ card numbe…
RT @AskIBMSecurity: Not all #cybersecurity solutions are the same. Get three steps you can take to avoid assumptions about #cybersecurity s…
RT @CaCyberhub: Critical Flaws in Ghostscript Could Leave Many Systems at Risk of Hacking	https://t.co/e3XwNUYYIy	#cybersecurity
RT @SANSInstitute: Looking for a way to advance your #cybersecurity career? Check out SANS upcoming #training events: https://t.co/JPv0ahhh…
RT @Fisher85M: The Future of #Cloud ☁️ is Dynamic {Infographic}		#CyberSecurity #SaaS #IoT #BigData #Analytics #fintech #infosec #startups…
RT @mattbertramlive: Gartner Strategic Trends for 2018  #VoiceFirst #AI #ML #bots #blockchain #cryptocurrencies #IT #IoT #Robotics #Cyberse…
RT @cjdampney: #CyberSecurity Good point well made. Share and enjoy https://t.co/g4UMrkTfNC
RT @CiscoSecurity: No matter the threat, improve your #cybersecurity and incident response capabilities. Join and learn how to gain visibil…
RT @Social_Molly: Are you ready for the "Technologies of the Future"?🧠 I #tech #innovation #science #research #cloud #mobile #cybersecurity…
RT @PD_MobileApps: What are the Top 12 #CyberCrime Facts? #Infographics via @BluePencil_Info HT @Fisher85M @Lago72 @MikeQuindazzi #CyberSec…
RT @Social_Molly: 5 Types of Cyberattacks according HERZING University	#Infographics [ @CioAmaro ] #Infosec #CyberSecurity #CyberAttack #Ha…
RT @AndroidAuth: Become an ethical hacker and take on the bad guys https://t.co/APB8ORf0cx #cybersecurity #hacking
RT @ProffiFG: Based on AI, I strongly  believe there is a chance to write a security software (antivirus etc if wanted), that can use the s…
RT @chboursin: What are 5 Major Sectors in #SmartCities? {Infographic}		#CyberSecurity #AI #P2P #SmartCity @fisher85m #CX #Healthcare #info…
RT @HallidaysCyber: User Education and Awareness!!! - RT @repairshopgr "10 Steps To #Cybersecurity - Infographic via UK's National Cyber Se…
RT @JimLangevin: Our #cybersecurity response must not be divided along partisan lines. Kudos to my friend @SenWhitehouse and @LindseyGraham…
RT @Harry_Robots: What are some #BlockChain use-cases?	#Infographic #IoT #Industry40 #CyberSecurity #FinTech #Bitcoin #innovation #voting #…
RT @S_Galimberti: #CyberSecurity perceived vulnerability to cyber attacks. https://t.co/1cVD8RaLQp
RT @hudson_chatbots: 10 Steps To Cyber Security: At-a-glance https://t.co/rbT4M9hG58 …		#CyberSecurity #infosec #Tech #IoT #AI #wearables #…
RT @evankirstel: Roller skating #robot calls elevators, climb stairs, navigates difficult terrain &gt;&gt; @MikeQuindazzi &gt;&gt; #autonomous #ai #rob…
RT @MikeQuindazzi: A graphical concept of the definition of sine and cosine &gt;&gt; @MikeQuindazzi &gt;&gt; #trigonometric #dataviz #stem #4IR &gt;&gt; http…
In 2018 consumer #dataprotection has never been more important for a #business. #cybersecurity #DataSecurity https://t.co/fL4zdQesUl