@TomiLahren .@TomiLahren you really prove that there is no baseline to how #dumb you can be. It‚Äôs almost adorable. #dumbblonde #moron #loser #loserawards2018 #moronathon #tomilahren #GroundhogDay  #FoxNews #foxsnooze
@DonaldJTrumpJr .@DonaldJTrumpJr can you say #Daddy lol #Bullshit #Hypocrite @realDonaldTrump
@IngrahamAngle @IngrahamAngle I am SO fucking excited about the new faces! They are going to be the reason you are homeless and turning tricks for once for a paycheck.
Hello.
@TomiLahren @kathygriffin Dumb. White. Bitch.
@TomiLahren @foxandfriends You‚Äôre desperate to make sexual assault and rape cool again thanks to your ability to secure a job in a low-life network. How are the knees? #trash
@TomiLahren You when your boss says ‚Äúsuck my dick for a job‚Äù.
@IngrahamAngle @OECD The fact that you believe what @RealJamesWoods says is evidence you should be euthanized.
@Bethenny @UnitedAirlines @AmericanAir @Delta @JetBlue @SouthwestAir @VirginAmerica I‚Äôm allergic to you. Fly private from now on you trash box hooker. #RHONY
.@IvankaTrump #LOCKHERUP! #IvankaTrump #Trump https://t.co/UM9CPwnDe5
She is everything. #FakeFoxNews https://t.co/HSNAF6JGGy
.@SenatorCollins I just donated to your opponent and I suggest all Americans do. #ImpeachKavanaugh #ByeFelicia
Dear dumb @SenatorCollins, he #LIED to you like he did to the #JudiciaryCommittee when he committed perjury just to get the job. He fooled you. But we won‚Äôt be fooled #ByeFelicia https://t.co/jUe1pzl6YJ
@SenatorCollins #Kavanaugh #Disgusted #Sad #GoodLuckInTheFuture #ByeFelicia
.@Sen_JoeManchin You‚Äôre a disgrace not just to party but to mankind and decency everywhere. Hope you enjoy your spot in history as a failure who supports rapists &amp; liars. Can‚Äôt wait to support your opponent in the future. For now, bask in the glory of the deplorables. #Kavanaugh
.@SenatorCollins Why can‚Äôt you see that #Kavanaugh committed perjury at his hearing just to get this confirmation? Why don‚Äôt you share the same disgust for Kavanaugh as a majority of this country and your constituents? I‚Äôm looking forward to helping your opponent now. #Shame
.@Sen_JoeManchin you‚Äôre a disgrace. #disgrace #manchin
No one wants to hear your disgusting, deplorable excuse. #Kavanaugh is simply unfit for Supreme Court Justice, as evidenced by his lying performance yesterday. #KavanaghHearing #KavanaughConfirmation #JeffFlakey https://t.co/IyDoblopoS
.@JeffFlake you‚Äôre even worse than the #CheetoInChief, the original #OrangeClown #Disgraceful #Deplorable #Disgusting
.@LindseyGrahamSC sad to see you have become a Sycophant to this Idiotic Administration and lose the potential to have become a true Statesman. #ByeFelicia
.@JeffFlake @SenatorCollins @lisamurkowski I don‚Äôt care who you believe, #Ford or #Kavanaugh, but the way #Kavanaugh conducted himself today should give you serious pause as to whether he is fit to be an impartial, apolitical jurist on our nations highest court. #VoteNo
Also lest I forget the biggest #hag #joke of them all @Cernovich #lmao #kneepads4life https://t.co/zt4QzknIIt
I find it ironic that these @FoxNews #hags take offense to taking a knee to the flag when they clearly took a knee (or two) to get their jobs. @TomiLahren @IngrahamAngle #paperbag
.@TomiLahren get it through your thick skull that first responders aren‚Äôt racists for whom the knee tolls and it‚Äôs disgusting you would politicize this moment you wretched hag. I know you‚Äôre a dumb blonde who got your job by kneeling as well but give us a break already #hag https://t.co/qnu9vWLSVl
.@realDonaldTrump how can you deny these are your quotes? They‚Äôre not English. Of@course they‚Äôre yours! ##Woodward #Fear #Popularist #moron #beepbeep #loser #potus #usa #maga #moron
.@DonaldJTrumpJr What‚Äôs that in English? You‚Äôre not making sense. Teeth might be in the way. https://t.co/d1OI8qsyKY
.@TomiLahren honey bunny. Get over it! https://t.co/OEv6aEIE7E
Joke of the day‚ÄîLying @tedcruz is using his #SugarDaddy @realDonaldTrump to get him votes. Hey, .@tedcruz remember when he went after your wife and family? #LMAO #Loser
.@realDonaldTrump Just because you say it never makes it true. Ever. https://t.co/Qk9LqBCkXk
.@realDonaldTrump #Nope but nice try. Open a book and learn what the laws of this country are you #moron. https://t.co/tAqUumMO55
#Paranoid #Loser #cantManageHisOwnOffice #TruthHurts #ByeFelicia https://t.co/xUaMmrV2f1
@seanhannity you should kill your self before the law catches up with you. https://t.co/W41015XV6S
What‚Äôs your excuse for the white man who killed his wife and kids??? @TomiLahren deport white men lol. You‚Äôre so dumb?!? #Dumbpeopletown #DumbBlonde https://t.co/ZCLW18qCoZ
#DumbBlonde https://t.co/vFMmXO0GyE
@TomiLahren .@johnmcca
God bless the family and friends of #johnmcain what a hero, gentleman, American. He was a class act. No wonder he hated @realDonaldTrump
@TomiLahren #lmao: pictured‚Äîyour future #MAGA https://t.co/kl7vcntaxK
.@realDonaldTrump https://t.co/7cwXk9Z6aE #ByeFelicia
Remember that time @realDonaldTrump told a former playmate she reminded him of his daughter @IvankaTrump right before he slept with her and then asked his lawyer to commit a felony and pay her to be silent with campaign funds? #WitchHunt #MAGA No wonder hillbillies love him.
.@Cernovich what are we doing about gun violence and to prevent crimes like #MarjoryDouglas #SandyHook #Pulse and #LasVegas to name a few? Deport gun owners? More regulation of guns or their owners? Fortunately your people are too dumb to realize the stupidity in your logic. https://t.co/TkR6UyCRAk
.@TomiLahren so do guns. Stop being a moron, wake up or else you‚Äôll ruin your future career. No one wants an old #DumbBlonde so someday you‚Äôre inane comments will really cost you. Until then, hope the rest of the idiots who believe or support your vitriol enjoy your 15 mins. https://t.co/RCxH3bcn1L
.@TomiLahren by that same logic we should deport gun owners since they‚Äôre the reason for school shootings, Las Vegas and Sandy Hook so if that‚Äôs the case then yes, go for it! #DumbBlonde #FocNewsMorons #BeepBeep #LockHimUp #2ndAmendment or #SecondGradeReadingLevel https://t.co/uszbufmACt
Hey @DonaldJTrumpJr how does that #NothingBurger taste now? #Lmfao Hahahah!!! #ComingForYou #GonnaGetcha
.@TheMadDimension is the cutest chubby bunny! #ChubbyBunny hahaha lol Lfmao
.@TomiLahren Happy Birthday! Can‚Äôt believe you survived another year, but then again, cockroaches seem to survive it all as well! #Blessed üôèüèº
.@IngrahamAngle I know you hate #immigration and #immigrants and prefer a White society, so how do you feel about @FLOTUS ‚Äòs parents? ü§îüëèüèº#SoDumb
#WTF is going on with #NJTransit tonight? They still can‚Äôt figure out how to transport people from #Metlife!?
.@BetsyDeVosED Realize you are a #disgusting individual who is ruining our country‚Äôs #education system, which affects our #children and their #futures. See you in #hell, #BetsyDeVos!!!
@TomiLahren #hi I‚Äôm #Russia and I love you! #ruskie
#god@hates you @TomiLahren  you should just auit life and do us all a favor. https://t.co/iFcQET1CqV
@TomiLahren .@TomiLahren I can‚Äôt wait until a black Muslim lesbian is our president and I can quote you!!! ‚Äúshe‚Äôs our president!!!! How could you?!?!‚Äù Oh wait that #doublestandard passed.
@TomiLahren Bit wasn‚Äôt it fun fun #fun !?!?! #bahahaha #whoops
.@IngrahamAngle has no morals because she has no spine and no brain and is a #dumb #blonde
.@TomiLahren is a #dumbblonde
.@realDonaldTrump is #racists
Our deficit is at 9 trillion more than when it was when Paul Ryan entered office. #Trump #FiscallyConservative #lmao #joke #russia #RussianCollusion
.@realDonaldTrump was it ‚Äúget me a coke!‚Äù or ‚Äúget me some coke?‚Äù It‚Äôs a would / wouldn‚Äôt situation, no?
.@TomiLahren a hostile foreign nation has the ‚Äúpresident‚Äù of our free republic hostage, but that‚Äôs okay to you because you be #dickmatized. We get it gurl, you gotta do you boo to keep your job. Did you get our complementary knee pads?!
@TomiLahren .@TomiLahren how is a hostile country interfering in our free elections not about integrity? Did you not get all the dictionaries we sent you? Hit up ‚Äúintegrity‚Äù and then look up ‚Äúmoron‚Äù and ‚Äúdumb blonde‚Äù and ‚Äúbimbo‚Äù in that order. Or we‚Äôll send someone to read it to you.
@TomiLahren .@TomiLahren by the way, you‚Äôre looking HAGGARD AF! All that lying is taking a TOLL on you girl! Hit the gym, get some concealer and take a few nights (or weeks) off. Sheesh! You auditioning for @KellyannePolls spot!?
@TomiLahren .@TomiLahren what is wrong with you? Did the lobotomy backfire? The democracy of our republic has been subverted. Did you even go to school? Habla Engles? #moron #RussianPuppet #MakeRussiaFirst
Lmao. @realDonaldTrump: #NoCollusion here, just being a lap dog for a hostile nation while subverting the democracy of my own country. #MakeRussiaFirst #MakeAmericaRussiaAgain #BabaYagaHunt What‚Äôs #Putin got on you, boo!?!? #Fraud #MoneyLaundering #PeeTape?
@realDonaldTrump .@realDonaldTrump Yaaasss! #RussieFirst! Make #RussiaFirst again. #Treason #IMPEACHTRUMPNOW #BabaYagaHunt Girl, you know they‚Äôre gonna get to what #Putin has on you so sever that relationship now.
@IngrahamAngle @realDonaldTrump .@IngrahamAngle how do you know it‚Äôs bogus, sweetheart? Honey, let‚Äôs be serious, y we have a special prosecutor and 30 indictments and counting? What does #Putin have on #Trump that makes him put #Russia first and his republic at jeopardy? #TrumpTreason #TrumpPutinSummit
@TomiLahren .@TomiLahren I truly love how dumb you are and how awful you are at spinning thing. What do they have on @realDonaldTrump that he‚Äôs side with enemy over his own republic? #BabYagaHunt!
@TomiLahren Be yourself. You did it before and it was amazing. When you follow the trend you just sound stupid.
@SenateMajLdr #youlooklikeaslug pour salt on tou
.@SenateMajLdr we should at least wait for the midterm elections, no? That‚Äôs what we did before.  #lmao #CORRUPTION
.@NancyPelosi and @chuckschumer we don‚Äôt need to shame women of color for their #resistance. Consider whether you‚Äôre reactions are divisive and unproductive, complacent and against the inevitable flow of the future of #democracy.
@SarahPalinUSA .@SarahPalinUSA I think its #wonderful! #lmao ü§°ü§™ü§£ don‚Äôt create a double standard. Love it. Love it. Learn it.
.@realDonaldTrump listen to your own constituents, even. #DumpPruitt #FirePruitt or #YoureFired Don‚Äôt be a ü§°. What does @ScottPruittOK have on you? #Preach
.@TGowdySC @realDonaldTrump investigation has another year and a half to go...and a lot of hours of testimony #lmao #Remember #Benghazi
@PressSec @POTUS .@PressSec I can‚Äôt wait until you get eventually turned away from @ChickfilA #lmao #those #eyes #WompWomp
@SenateMajLdr @POTUS .@SenateMajLdr why weren‚Äôt you ready to fulfill your #constitutional role to confirm #Garland? You‚Äôre #lame #duck senators, no? #ByeFelicia
@SenateMajLdr @POTUS .@SenateMajLdr if only someone threw #salt on you you #slug. I hope you‚Äôre held to your own standards. #Shame ppl from #Kentucky are so #dumb as to keep you in office
@TomiLahren @CynthiaNixon @lenadunham @CBP .@TomiLahren I thought you would have run out of brain cells by now. How are you still yapping with no common sense?!? #blondes
@TomiLahren @seanhannity Also known as ‚ÄúWhen #moron met #moron‚Äù @TomiLahren @seanhannity lmao can‚Äôt wait to see the #inanity
@realDonaldTrump https://t.co/6VKBuRSdFO
@realDonaldTrump https://t.co/ZNj8QvZ35U
@realDonaldTrump https://t.co/Fmw70ClbHP
@realDonaldTrump https://t.co/7LcnNlRO1u
@realDonaldTrump https://t.co/vCmAl9XkzM
@realDonaldTrump way too #orange #fireyourmakeupartist
@TomiLahren .@TomiLahren I‚Äôm so proud of you. You make it possible for morons everywhere who want air time to aim high and have made sexual favors the norm in the workplace. #ilkowwhatyoudid üòò‚ò∫Ô∏è
.@realDonaldTrump thanks for giving up our country to #SouthKorea and btw you are waaaaay toooo #orange slow down on the toner. Yeeshy
.@realDonaldTrump no wonder your businesses were complete and utter failures. You can‚Äôt even keep you‚Äôre administration on the same script #NoConfusion
@realDonaldTrump .@realDonaldTrump Did you read (or have read to you) the whole report? The IG also found #Comey to be entirely credible. So which is it? #PeeTape
@TomiLahren You‚Äôll ever be a leader because you‚Äôre trash. You‚Äôre disgusting.
@IngrahamAngle You should join @TomiLahren and do a mass suicide and save humanity.
@IngrahamAngle All you do is whine. Let‚Äôs talk about your college. Even so what have you done for America? You are #trash
@IngrahamAngle #disgusting
@IngrahamAngle You‚Äôre disgusting. You‚Äôre immature and not a journalist. You should reflect on your bs and quit and then do something more serious to get rid of your trash. The only reason you‚Äôre on tv is because of the sexual harassment that came before you.
@IngrahamAngle #losing. You are disgusting. The only reason you have a job is thanks to the sexual harassers who came before you.  #quit
@IngrahamAngle You are disgusting.
@IngrahamAngle @DevinNunes @HillaryClinton You are disgusting.
@IngrahamAngle You are disgusting.
@IngrahamAngle You are disgusting.
@IngrahamAngle @realDonaldTrump You are disgusting.
@IngrahamAngle @YouTube You are disgusting.
@IngrahamAngle @davidhogg111 You are disgusting. You have a safe place in hell.
@IngrahamAngle You are disgusting.
@IngrahamAngle You are disgusting.
@IngrahamAngle @Jim_Jordan @RepMarkMeadows You are disgusting.
.@IngrahamAngle you are disgusting.
.@TomiLahren if you want help getting rid of yourself let us know we had TONS of suggestions!!!!
@TomiLahren cough cough cough
@TomiLahren drink the juice shelbie.
@TomiLahren nobody likes you. Not even your boyfriend(s)
@TomiLahren @TomiLahren you mad daddy 	#Trump didn‚Äôt take you on a hotel bed without protection like #StormySunday? I mean, how are you going to get (a)head without #daddy?
@IngrahamAngle @TomiLahren you gals like that @realDonaldTrump pedophilia? He told a porn star she loooked like his daughter and then.... #gross #StormySunday #StormyDanielsDay eyes #POTUS #DonaldTrump #trump #mwah
.@IvankaTrump your dads got the hots for you. CREEPY!!! ‚Äúyou look like ivanka‚Äù #barf #ivanka #trump #IvankaTrump #DonaldTrump #jaredkushner #POTUS
RT @OrangeClownDJT: @realDonaldTrump ‚ÄúYou remind me of my daughter.‚Äù #sickfuck #potus #eww #donaldtrump #trump #gross #IvankaTrump
RT @OrangeClownDJT: .@realDonaldTrump https://t.co/AWUtJLQLRc
.@realDonaldTrump https://t.co/AWUtJLQLRc
@realDonaldTrump ‚ÄúYou remind me of my daughter.‚Äù #sickfuck #potus #eww #donaldtrump #trump #gross #IvankaTrump
.@realDonaldTrump Record numbers at the #MarchForOurLives rally. So many more than at #DonaldTrump #inauguration how do you reconcile that? Maybe you should get on the right side of history.
@TomiLahren How did you get so dumb yet so much air time? Who‚Äôs the Donald Trump to your Stormy Daniels over at FoxNews???
@TomiLahren .@TomiLahren you don‚Äôt inspire anyone but the brain dead in the hopes that they might have some electrical activity. Start using yours.
.@IvankaTrump so you believe your father @realDonaldTrump over your mother when it comes to accusers of #sexualassault? #DaddysGirl
@TomiLahren I hope those few that aren‚Äôt peaceful find solace in you! Prayers and thoughts.
@TomiLahren You are a fuckin moron
@DonaldJTrumpJr .@DonaldJTrumpJr !!! ü§° Now if he could only remember the words!!! #lmao #HAHAHAHAHA ü§°
@TomiLahren #Stop @TomiLahren he‚Äôs just not that into you. ü§°
@MichaelCohen212 @BuzzFeedNews @POTUS @realDonaldTrump Wait, .@MichaelCohen212 the complaint alleges damage against @realDonaldTrump current business. What‚Äôs that? I thought #Trump has no business ties. Did he not divest? Do tell, or wait for the discovery demands. Way to put that in issue!!! #BuzzFeed
@realDonaldTrump .@realDonaldTrump just wait. Enjoy the ride. #LOSER
Can‚Äôt wait for @realDonaldTrump to be ‚Äúon his knees‚Äù and ‚Äúbegging‚Äù to be relieved of his apparent duty to avoid prosecution. The tides are a‚Äô turnin‚Äô
This is just the beginning. #DougJones #Alabama @realDonaldTrump is a #LOSER #RoyMoore is a #LOSER #MAGA is a #LOSER and #SteveBanon is a #LOSER @SebGorka is #NOBODY
.@realDonaldTrump #OrangeClown your mama #EvaBraun would be proud of the #Racist you became. #Racist #Ironic #Orange #Personofcolor
.@realDonaldTrump #OrangeClown you should give a cookie to whomever said you should pander to this nations #morons. He did you right #KingOfTheMorons
.@realDonaldTrump #OrangeClown you are the dumbest person known to man to excel this far in life. You should be both humble and proud.
@realDonaldTrump Why is it in quotes? That‚Äôs their names. #LMAO #Moron #OrangeClown #BeepBeep #ArtOfTheSqueal #Lol #POTUS #BLOTUS
#LMAO. @DonaldJTrumpJr ‚Äî Like your #dad claiming to be a #LegitimatePresident or even #sane!?!?! Pot meet #OrangeClown https://t.co/39uTDQ1Saz
.@NancyPelosi @chuckschumer demand an apology from the ‚ÄúPresident‚Äù like he does from the entertainment sports industry. @realDonaldTrump is a real Donald #Chump. Make #OrangeClown pay!
@TomiLahren @JessicaTarlov @seanhannity Sexual harassment is more serious than merely calling them ‚Äúhands dudes‚Äù. You‚Äôre disgusting and a disgrace. But that you know every morning you look in the mirror. Sorry...assuming you‚Äôre intelligent.
@TomiLahren Ummm...sexual harassment affects millions of Americans in a worse way than this so called ‚Äútax reform‚Äù will. You really should work on stopping talking/tweeting more.
WTf is wrong with the #MTA? Trying to get to my hometown #Queens and it‚Äôs like #Fullujah here. No trains. No cars. WTF @MTA @realDonaldTrump @
#MAGA #LMAO. ‚ÄúMaga‚Äù is Russian for ‚ÄúI ant believe you‚Äôre that dumb‚Äù. #LOL
Twitter is great. Shows just how stupid #Americans are. #MAGA
@montoyarobert61 @Celt410 @chuckwoolery Yes! Exactly! None of them in GOP. #LMAO I know you are super rich and will benefit from this administration. We look forward to doing business with you #LMAO #Not #HowDoYoUSay #WhiteTrash
@FoxBusiness @SebGorka We need to see @SebGorka stop trying to pretend he‚Äôs a ‚Äúdoctor‚Äù. Talk about #fake news
@thehill He knows what he did! #lmao
The purpose is to dismantle the US. What Phoenix rises is up to you. #VoteRussian
@Celt410 It‚Äôs so easy to undo your democracy because you focus on such petty shit. You‚Äôre afraid of a trans woman because you‚Äôre so insecure about your own masculinity. Simple Americans can never embrace democracy
@montoyarobert61 @Celt410 @chuckwoolery Whose been around for 200 years? They dinosaur, no? Hahaha so dumb. No one has lived that long. But it does feel good to have fresh new leadership shaping this country future!!!!!
@Celt410 You may want to check your ‚Äúchromosomes‚Äù of you don‚Äôt understand. #neanderthal and by the way, your Y chromosome hasn‚Äôt stopped you from hitting on dudes at the bar down the road.
Some people are into shit-play (aka #skat) like @Cernovich. He loves it so bad you should send a bag of it to his home. Details to follow.
@RussianEmbassy @Cernovich @TheDemocrats .@Cernovich is the epitome of #FakeNews!!!
@chuckwoolery Ironically, if they did they wouldn‚Äôt be following you @chuckwoolery #lmao
@Celt410 @chuckwoolery She, bigot. How does it feel being a sore LOSER
Even if those who lost in #Virginia lost because they didn‚Äôt embrace #trump, according to #Bannon, why, then, did those who didn‚Äôt embrace #OrangeClown win?
@TomiLahren #Thatsfunny #lol you‚Äôre a joke!
@SenateMajLdr But what did you do today? #Indictments #TrumpRussia #getabackbone
@SarahPalinUSA Who are the #Clintons? Honey, in case you missed it they‚Äôre not in office #LOL #Dumb
.@IngrahamAngle #PussyGrabberGotYourTongue? Silent on today‚Äôs indictments... #Telling
@TomiLahren Damn right, #Tomi! We voted for a terry cloth robe of lies! H/t @realDonaldTrump https://t.co/cE11TXQNkA
@TomiLahren Unfortunately. We all wish you didn‚Äôt have one.
@SebGorka Snooze. Poor logic. You sure you‚Äôre even a #FakeDoctor!?
@TomiLahren Were all praying you get Tomi Lahrengitis!!! #Hahahah
@realDonaldTrump MORON! LMOA
@realDonaldTrump #MoronAlert #Disaster This is actually painful to watch. Almost as dumb sounding as @SHSanders45
.@realDonaldTrump #DISASTER
@TomiLahren Nope, @TomiLahren, just Anti-Orange Clown and his GOP sycophants who kowtow to his every tweet. (Sorry was that too many big words for you?)
@realDonaldTrump Must they? #LOL #Joke #Sad
@DLoesch How many knees did you give to get this far? #LMaO!!!!! #BeepBeep
@MattWalshBlog What Flag? It‚Äôs an ANTHEM! Not a pledge. Ugh. Why are y‚Äôall Sooooooo dumb!?!?? #Sad
I see TWO KNEES! ü§° @realDonaldTrump https://t.co/0UrbPcmiga
@Cernovich Kim Jung is right, though, about Donald Orange Trump. Maybe not how he runs his country, but sometimes it takes crazy to see crazy #AmIRight
@DonaldJTrumpJr ü§° #Mwah #TakeAKnee #TakeTwoKnees #Bahaha #LMAO https://t.co/HjxHIZrO1Y
@realDonaldTrump  https://t.co/P123L1MbwS
@CNN Should have let him in...
This is how sick these people are. Like you should just ignore rampant injustice because you‚Äôre personally okay!?!? https://t.co/DAeGwIdCLR
@AnnCoulter Why weren‚Äôt you there? Ugh. Missed opportunity again! #LMoA #BeepBeep
@Fmarcos426 @realJakeBailey @DonaldJTrumpJr Lmao. Banning from what!?! You SO CRAZY!!! #MueyLoco #GoHome #lmao
@DonaldJTrumpJr Speaking of Traumatic Brain Injury, how‚Äòve you been? The news about Ur upcoming indictment must be scary. #Sad #IndictTrumpJr #ByeByeDonnie
@realDonaldTrump Oh you should stop politicizing the private sector. You‚Äôre gonna get yourself in trouble #Impeach
@realDonaldTrump .@realDonaldTrump Did you take time today to congratulate the new Leader of the Free World, Angela? You‚Äôre the reason US is not #1. #Russia
.@realDonaldTrump you single handedly helped prove again that the nation hates you...this time through football players #LMAO #Sad
@realDonaldTrump You really don‚Äôt get it. #sad #moroninchief
@realDonaldTrump #Sad #Pathetic
@realDonaldTrump #LMAO
.@realDonaldTrump the real irony is the overwhelming majority of Americans didn‚Äôt vote for you. #FireTrump Can‚Äôt wait for the #Impeachment! https://t.co/sFS5zuxm0G
#Dotard in a chief #Lmao #PotKettle @realDonaldTrump @mike_pence @FLOTUS @MELANIATRUMP @DonaldJTrumpJr @IvankaTrump #LOSERS!!!! Hahahaha https://t.co/6aPks5dZgo
D-d-d-d-#dotard @SebGorka @seanhannity @SarahPalinUSA
#Dotard in Chief! #lmao @Cernovich @mike_pence
.@realDonaldTrump is a complete and utter #dotard. And what‚Äôs funny is he doesn‚Äôt even know what that means! #loser @TomiLahren
.@realDonaldTrump #Hahahah #Dotard
@TomiLahren Hey, @TomiLahren I think I might start a blog about stupid sh*t called #HeyTomi. Get #original. Stop following the #dotard
@TomiLahren Hey, @TomiLahren #BEEPBEEP! #hahahahahah
@TomiLahren Hey @TomiLahren your sycophant praise for the only, sadly R. Prez is just as sad as someone symbolically taking a knee. Grow a pair. Grow up
@TomiLahren Hey @TomiLahren remember when you used to ‚Äútake a knee‚Äù!?! only difference is when you did it, IT WAS FOR MONEY &amp; a JOB on #FOX! #BeepBeep!
@TomiLahren Hey, Tomi, you Catholic!? Don‚Äôt you get the difference between something symbolic and a personal conviction? #FAKE #knewIt #goHome #loser
@TomiLahren We also take shits on those we don‚Äôt like, symbolically of course. How does that feel? #LMAO #GodBlessSymbolism
@SheriffClarke Someone should have the decency to muzzle you, but you don‚Äôt see anyone shouting for it. Hahah #LOLz
My @realDonaldTrump is being drugged and manipulated by the #swamp. We need to intercede to #MAGA. Whose with me: @SebGorka
@CitiBikeNYC Will there be bikes in all of these locations by 9/30? Otherwise, what‚Äôs the incentive?
@SebGorka It was horrible. Stop trying to #MAGA, you‚Äôre doing poorly.
@SebGorka @realDonaldTrump The facts don‚Äôt help your case, though, but nice attempt at a spin. Ps, you‚Äôre not a real doctor so stop trying to make that happen
@PressSec Why does your face always look like it‚Äôs disagreeing with what you‚Äôre saying?
@IngrahamAngle @LifeZette .@IngrahamAngle when you disguise #whitesupremacy as #Nationalism then yes, yes it is a sin honey bunny.
@TomiLahren .@TomiLahren what was your ‚Äúkneeling‚Äù for? Career advancement?!? #BeepBeep #LMAO
@seanhannity @larryelder #no but #nicetry. #racist
.@TomiLahren took a lot of ‚Äúknees‚Äù to get where she is today. No brains, and not really any beauty. #Sad https://t.co/Ya5iGwouGg
Hey #Queens! Don‚Äôt forget to vote for the top ass-Clown candidate tomorrow #HitEmInThePussy @HiramMonserrate #LMAO
.@TomiLahren is trying to outdo herself in asinine, moronic comments. #WinnerWinner #ItShouldaBeenYou https://t.co/IAYnLV8lii
.@TomiLahren you are the epitome of asshole AND moron, which I didn‚Äôt realized was scientifically possible. Xoxo #LMAO https://t.co/HAtLi1oi3S
Hahaha! @TomiLahren #NOTHANKS https://t.co/yzFquvRZSA
@DannyMckeighen I don‚Äôt know who looks worse: her or @realDonaldTrump !!! #YIKES #POTUS has met his match? ü§°üíãü§° #LMaO
RT @thehill: Giant inflatable "Trump Rat" pops up in Washington https://t.co/exQTdgclaG https://t.co/ePlvus4oom
.@mike_pence #SickBastard ü§° https://t.co/SAXRN9azWK
@WalshFreedom .@WalshFreedom did you know that #climatechange is also responsible for your waning intelligence and rampant stupidity?!  #Bahaha #Lmao ü§°
@TomiLahren .@EricTrump @TomiLahren YAY!!!! #MAGA #JailTimeforTraitors #Treason #MAGA #JustWetMyselfAgain üá∑üá∫üá∫üá∏ü§°üá∑üá∫üá∫üá∏
.@TomiLahren God Help @FoxNews   You‚Äôre just a rating-magnet for your stupidity and yes, you‚Äôre too dumb to even realize that. #TomiSoDumb https://t.co/6tefQcwy24
@realDonaldTrump #Trump #sad #loser #bye
Someone is clearly f*ing with .@realDonaldTrump cause nothing he does gets him ahead. Poor kid. #sad.loser. #trump
@TomiLahren You should be out there in the hurricane. Reporting, of course. #LMAO
.@realDonaldTrump you should be there! Throw yourself in the path and see if your #orange skin and your yellow steel wool hair could stop it https://t.co/Y2U3HHMmNK
.@AnnCoulter #dude, just like that, #Trump @realDonaldTrump pardons #Arpaio. How are either right, just or moral??? https://t.co/2bMEdbE1hY
So glad .@SebGorka resigned.#GarbagePailKids
.@realDonaldTrump knows he‚Äôs on the way out of the Oval Office so he might as well do what he can. #sad #loser #potus #racist #horrible
.@realDonaldTrump No one‚Äôs paying for your #dumb #wall #loser #trump
.@IngrahamAngle #LMAO I can‚Äôt believe your one follower bought 500 copies!!! #Stalker #Alert https://t.co/2oZo2IJnxf
.@IngrahamAngle is serious and should consider herself for the looney bin, too. I mean, have you read some of her dribble!?!? #drankthejuice https://t.co/6ZOqiOQNmv
.@IngrahamAngle is drunk again. #lmao. Is this #English??? https://t.co/3z8JQ7NrFh
.@IngrahamAngle I know you‚Äôre slow and all but get with it: we aren‚Äôt paying for the #Wall, remember? #Mexico is! #Ol√©! https://t.co/3VMhKsPzVu
.@IngrahamAngle just because you say it doesn‚Äôt make it so, sweet heart. #NiceTry #KeepDrinking https://t.co/ACuFmCQfch
.@IngrahamAngle Do you honestly think @realDonaldTrump has any cred and any currency in this political realm any more?? #DrankTheJuiceMuch https://t.co/1fQDvcjIS9
Uh, yeah! #WalksLikeACreep #TalksLikeACreep #GropesLikeACreep. Did you not watch his Phoenix ‚ÄúRally‚Äù? #lmao https://t.co/7JyNHKYIHo
.@realDonaldTrump hundreds left your so-called ‚Äúrally‚Äù early. You‚Äôre losing people. That‚Äôs what happens to #losers. #sad
@TomiLahren #lmao. Some of them belong to States, sweetie. You can just take things away from the States. You should know that.
@TomiLahren #lol. You‚Äôre not even news. You‚Äôre just a silly soundboard. @TomiLahren #saf
.@stevenmnuchin1 You waited until the SECOND paragraph to ‚Äúcondemn‚Äù racism, hate and white supremacy?! #sad https://t.co/BJAKk17aGg
@SebGorka This sounds SO #sad and #pathetic
@Cernovich There is no such thing as ‚ÄúAlt-Left‚Äù. Stop trying to make it happen. #moron
@TomiLahren Boy, the more you speak ... Of course there‚Äôs HATE for neo Nazis and white supremacists.  What‚Äôs your point?
@Cernovich Hmm. Seems pretty peaceful to the rest of America watching. Maybe take off your white supremacy glasses?
@TomiLahren Omg, you got them @TomiLahren ! Discussion over! Hahahah! #NOT. Stop trying so hard, you‚Äôre going to pull something! #DUMB
@TomiLahren God, you are SO #DUMB @TomiLahren. Almost as dumb as @realDonaldTrump
@SebGorka .@SebGorka is that English?!? I have no idea what you‚Äôre saying. Speak #ENGLISH or go home!!!!!! #FIREGORKA
.@SebGorka doesn‚Äôt even go here! Is she a US Citizen? She doesn‚Äôt speak English. Our English. #FIREGORKA https://t.co/FEmPAgF0C2
I just realized that @realDonaldTrump is orange with green hair. And suddenly I‚Äôm having de ja vu and a chocolate craving.
They all have that face like they just clogged the toilet and are hoping to leave before anyone finds out. https://t.co/8CeoFoYLk3
#POTUS will keep @SebGorka around just long enough that #Gorka just fires himself. #LMAO #FIREGORKA
@Slate Yes! They should focus on removing the #racists from the White House and not pedestals. Begin with .@realDonaldTrump
@realDonaldTrump #GoOn....
I think it‚Äôs time to look at .@SebGorka. She doesn‚Äôt even go here! #FireGorka
@seanhannity @PastorDScott .@seanhannity no sh*t Sherlock, it became the Republican Party thereafter. You know, without your hood and tiki torch, you‚Äôre not on point.
@DonaldJTrumpJr Oh gosh, .@DonaldJTrumpJr , what did #Vladimir post now? #LMAO
@SarahPalinUSA .@SarahPalinUSA Honey, you‚Äôre right. Y‚Äôall have to stop being #Nazis!!! #stop #juststop
RT @politico: Al Gore says it‚Äôs time for President Donald Trump to leave office https://t.co/8AtRTd6deA via @dsamuelsohn https://t.co/nZRle‚Ä¶
#RESIST https://t.co/Xnv0oKN1EF
That time can‚Äôt come soon enough!!! https://t.co/W24yh76P6T
@FoxNews @RCamposDuffy Get the white sheets pressed and the torches lit, .@realDonaldTrump , you gotta reassure your #base Bahahahaha
@RealAlexJones Now THAT‚ÄôS worth watching on repeat! #Lol #Haha
@TomiLahren I can tell you‚Äôre a real blonde just by how stupid you sound. Hahahahaha!!!!
.@AnnCoulter ‚Äî HIMSELF!!! They‚Äôve been saying it for months! #Sad https://t.co/A9kDjWEhDs
@realDonaldTrump .@realDonaldTrump its what‚Äôs IN our borders that we need protection from: YOU &amp; YOUR RACIST FRIENDS !!!! üí©
@realDonaldTrump .@realDonaldTrump is it that time already!? Blame someone else time!? Divert attention time!?
@JackieOMoFo @kimguilfoyle Don‚Äôt see any problem with the hate from BLM, especially when that hate is directed at racism, but then again, you might be a racist.
#tinyhands! #littlehands #babyhands .@realDonaldTrump #LMAO https://t.co/zrEB8qH6uC
@FLOTUS @EricTrump @DonaldJTrumpJr #hahahaha .@realDonaldTrump .@DRUDGE_REPORT
So good .@FLOTUS .@EricTrump .@DonaldJTrumpJr https://t.co/BTUXmhnyKS
#MORON #moroninchief #loser #sad .@realDonaldTrump .@IvankaTrump .@jaredkushner #racist https://t.co/OpI1NfM12A
@realDonaldTrump #killyourself #spareusall
.@realDonaldTrump you realize you‚Äôre the only one who hasn‚Äôt passed any real legislation within your now 200 days...#Sad #PotusSoDumb
#tar and #feather .@realDonaldTrump   Oops! He already looks like he‚Äôs gotten #tarandfeather‚Äôd!!!!!
#IMPEACH #TRUMP .@realDonaldTrump  #byebye
.@realDonaldTrump you are a #disgusting thing. #vultures and #crows won‚Äôt even eat your #nasty #skin https://t.co/bNilz8UGLh
@DRUDGE_REPORT Crows and clvultures won‚Äôt even eat .@realDonaldTrump sallow skain.
@DRUDGE_REPORT #if! #lmao #youmeanwhen
@DRUDGE_REPORT You‚Äôre not the only one that feels that way. Majority of Americans (including the educated) realize America will be decimated within 4 years
Can‚Äôt believe #realnews @FoxNews posted this about .@realDonaldTrump and .@POTUS https://t.co/GYtD09jOGh
.@realDonaldTrump hey helmet top, the entire #military, who you‚Äôre supposed to be chief of, hates you. What gives!?!?!
#BothSides https://t.co/3NtikP95y4
@seanhannity #PutinsFavoriteCongressman !!! Can‚Äôt wait, no spoilers!!!
@DLoesch .@DLoesch Thanks for retweeting, I wouldn‚Äôt have known!!! Love them!!! #WeAreAmerica #Resist!!!
.@DLoesch try not to sound too #dumb. #DirectAction means ‚Äústrikes‚Äù and ‚Äúprotests‚Äù like all the nonviolent ones asking for #Impeachment https://t.co/dovm6Yrnk1
RT @davidaxelrod: Is there any question that @barackobama would have delivered the eulogy at Heather Heyer's service today on behalf of a r‚Ä¶
@realDonaldTrump Nope. You were pretty clear yourself. #Bigot #Sad
.@stevenmnuchin1 Can‚Äôt believe you stood there and took that. What a #disgrace. #sad
.@jaredkushner Doesn‚Äôt it make you uncomfortable that your father-in-law and his peeps want you snuffed out!?!?!
@SarahPalinUSA You‚Äôre next!!!! #LMAO, just kidding‚Äîyou‚Äôre not ‚Äúbeloved‚Äù. #HAHAHA
@IngrahamAngle #IfTheShowFits. Didn‚Äôt hear you disclaiming it!!!! #LMAO!!! #Blonde #PotusSoDumb
@IngrahamAngle Honey, woulda been more productive if ya‚Äôll were up front about it in the 1st place. &amp; don‚Äôt be shy UR white sheets at the dry cleaner too.
@seanhannity @THEHermanCain @larryelder @GeraldoRivera @GreggJarrett @deneenborelli Glad your catch line isn‚Äôt #FairAndBalanced. What a panel! #TellUsHowYouReallyFeel #LMAO
@TomiLahren You don‚Äôt have to worry about being erased @TomiLahren .. no one pays you any attention anyway! #LMAO!!!! #WhatTheySayAboutBlondes
.@IvankaTrump WHY SO QUIET? Silence can, in some context, equal acceptance, you know. #Sad
@SheriffClarke @realDonaldTrump Pretty sure that‚Äôs not going to happen and it‚Äôs certainly not more likely to happen just because you say it now. #Sad #PotusSoDumb
@seanhannity All he ‚Äúset straight‚Äù was his affiliation and support of racists and bigots. #Sad #Fake #PotusSoDumb
@JacobAWohl @realDonaldTrump You really ARE dumb. It doesn‚Äôt work like that. He is not. But nice try. #Sad #Fake #PotusSoDumb
@JacobAWohl @realDonaldTrump You‚Äôre a joke. What nuclear stand-off? North Korea was smart enough to realize they were fucking with someone who is insane and incompetent
@realDonaldTrump #LMAO! YOU CANT FIRE SOMEONE AFTER THEY QUIT!!!! WHAT A #MORON #POTISSODUMB
.@realDonaldTrump #LMFAO! They quit!! You can‚Äôt end something after it‚Äôs over you #MORON! Hahahah!!! #SoDumb #POTUSSODUMB https://t.co/kjVqjNz8OK
.@realDonaldTrump you‚Äôll be remembered too, for condoning the violence that killed her. #accomplaceafterthefact https://t.co/iqBZThSxCK
Way to focus on what #matters, like the domestic #terrorist attack that claimed an American‚Äôs life here on our soil .@seanhannity #realswift https://t.co/NE0TP6yEsp
@seanhannity @JaySekulow @GreggJarrett Zzzzzz
#MoronAlert! people weren‚Äôt satisfied with what #Hitler had to say. Hair dye kills brain cells &amp; you don‚Äôt have any to spare @IngrahamAngle https://t.co/uXTBIoghSs
.@IvankaTrump you sure are awfully quiet about all this...
What about the momentum to remove @realDonaldTrump ??? https://t.co/eIThQzzdX2
.@realDonaldTrump It‚Äôs only Tuesday and already the leader of #NorthKorea has exercised more intelligence than you...what gives!?!?!?
When it comes to #POTUS‚Äôs bigotry and racism, cat got your tongue @SenateMajLdr ?
.@realDonaldTrump #WORST PRESIDENT EVER! LMAO https://t.co/HLDU6jtJtz
This is also why .@realDonaldTrump is NO leader. #Sad. Real leader would have done that FIRST. #disgrace #INCOMPETENT https://t.co/NsxBRFmJle
@dmartosko LOVE ROBIN BYRD! SHES A NYC ICON!!! @RobinByrdNYC
@CoryBooker Sorry Booker, but it‚Äôs not ‚Äúmore of‚Äù... his statement were unequivocal.
.@WalshFreedom is another closeted neo-Nazi white supremasist using this as an opportunity to come out of the closet! #AltRight #Racist https://t.co/ycb1LNoDvz
#ImpeachTrump
@SarahPalinUSA Lmao! You‚Äôre funny, Sarah! Shoulda been a comedian over acting as a politician!!! Loved you on SNL!!! #Roflmao
@SarahPalinUSA Clearly he changed his ‚Äòtude since then! Remember the sh*t you used to say back then!?! Hahaha!
@SarahPalinUSA What changed since 2000??????
@SarahPalinUSA You seriously are mentally impaired and forgive me for ever making fun of your disability. I didn‚Äôt know it was real and honest.
#ShouldaBeenRomney https://t.co/n1tkCV6aTJ
.@realDonaldTrump you, #fakepresident, just incited civil war, supported neo-Nazi white supremacy and an act of domestic terrorism. #Sad https://t.co/FzYk10VMwU
.@realDonaldTrump is disgusting. No longer just a joke, now he‚Äôs disgusting. #NazisGoHome
@realDonaldTrump .@realDonaldTrump you are a pathetic little man imbecile and you know it and that really hurts you.
.@realDonaldTrump ‚Äî he must know something, no? What say you, #RobertMueller? https://t.co/lcVqIwtl9E
RT @CNN: Protesters in Durham, North Carolina, toppled a statue representing a Confederate soldier https://t.co/UYpqI3esEb https://t.co/Srx‚Ä¶
If some dude took two days to respond to you, would you call it ‚Äúforceful‚Äù!?!? Someone get @kimguilfoyle a dictionary!!!! https://t.co/sCWI4ihqsv
RT @thehill: #BREAKING: Under Armour CEO resigns from Trump's manufacturing council https://t.co/9F54bNy9u5 https://t.co/3DPmInCKdc
Of course @realDonaldTrump is against #WhiteSupremacy, he‚Äôs #ORANGE for Christ‚Äôs sake!!!!
@DonaldJTrumpJr .@DonaldJTrumpJr ‚Äî can‚Äôt wait until you‚Äôre behind bars! You‚Äôll have plenty of time to realize how every moment went woefully wrong.
.@mike_pence are you our new #President?
@thehill #BOOP That‚Äôs the priority now? #LMAO. Tell it to the #GrandJury
That may be true for civilians but for a sitting #President that‚Äôs quite unusual and, in this instance, spectacular. #ByeByePOTUS https://t.co/RKdPKaT5C6
I truly do wish .@realDonaldTrump a wonderful, relaxing vacation. Perhaps .@GovChristie will bring him some nachos. https://t.co/hoWQlAu7nN
@seanhannity @realDonaldTrump #ByeBye
.@realDonaldTrump good luck on your rallies. Spewing BS to morons seems to be your calling. If you need some snake oil let us know.
.@realDonaldTrump is a low-life loser who was all talk and accomplished #NOTHING #POTUS #SAD #LOSER
@BreitbartNews Loved him on #Dinosaurs!
#lol .@realDonaldTrump ‚Äúmisspoke‚Äù. #Lied. Learn ‚ÄúEnglish‚Äù and well welcome you to this country under your own policies! Hahahaha https://t.co/GMYNtjImeP
@BreitbartNews If you got money from increasing taxing the 1% it‚Äôd pay for itself.
I‚Äôm beginning to think you‚Äôre getting #exported under this admin .@SarahPalinUSA https://t.co/xvvz8AxrlU
RT @thehill: CNN's Jim Acosta: White House immigration rhetoric a racial "dog whistle" https://t.co/X6VgFcDgI7 https://t.co/FJLImanqnp
#nocomment https://t.co/Vwr6hJQA8x
He didn‚Äôt #lie. He was gargling alternative facts and had no idea where she was looking .@SHSanders45 https://t.co/KhR4PYmkao
.@realDonaldTrump an overwhelming majority of Americans (most of which voted for your adversary .@HillaryClinton) want you out of office!
Maybe .@realDonaldTrump was ‚Äúmisquoted‚Äù but then he shouldn‚Äôt have ‚ÄúEnglish-speaking‚Äù standards when he can‚Äôt even master the language! #LOL https://t.co/7xa0iVKQ5K
@realDonaldTrump Were you ‚Äúmisquoted‚Äù? You should have ‚ÄúEnglish‚Äù as a standard if you haven‚Äôt mastered it yourself. #LMAO #JOKE
@DLoesch That‚Äôs correct, but you as a transgendered individual may not be protected from discrimination is also not ‚Äúlaw‚Äù but it‚Äôs what‚Äôs right, so..
.@SHSanders45 is the most I‚Äôll-equipped person tin the public eye. It‚Äôs #embarrassing https://t.co/DCmc8spLaX
.@realDonaldTrump has the #WORST approval rating of ANY president ever. #LMAO
@SarahPalinUSA Was that a question, .@SarahPalinUSA ? If it‚Äôs too difficult, someone can read the article to you.
@kimguilfoyle @realDonaldTrump @TheFive How about he just starts tweeting the #truth. #LMAO
@TomiLahren Pretty sure it wasn‚Äôt for you, or anyone who gets booed for admitting they‚Äôre benefiting from something they profess to be against.
Lol .@AnnCoulter !!! Come on!!! Even #POTUS has (some) standards. #AmIRight, .@realDonaldTrump ? https://t.co/gDPBK0UvoS
#Slug, didn‚Äôt you threaten to shut down an entire government because you didn‚Äôt get your way? SenateMajLdr https://t.co/VZcWrNzPCM
#Low #Low #Low #Polls. #Loser #Sad .@realDonaldTrump https://t.co/vkMPygX5oF
I thought it sounded #juvenile and #lowreadinglevel .@realDonaldTrump https://t.co/PJOf2ozJ0e
#America is now not ‚Äúfirst‚Äù in anything, esp when we alienate our Allies &amp; looked down upon by the world.  Thanks #Loser .@realDonaldTrump https://t.co/CdWIIuAh4M
YES! Thank you, .@BarackObama !!!! #creditwhereitsdue https://t.co/wXJfrJtimg
@realDonaldTrump Thanks to OBAMA!!!!
@SenateMajLdr @POTUS Someone should pour salt on you and be done with this #disaster!!!!
RT @HuffPost: Donald Trump asked for Russian help in the election 1 year ago today https://t.co/MqB40BUS9C https://t.co/N0S4sEUSBQ
@politico @RepRaulGrijalva #Amen üôèüèºüóΩ
Real #Americans would say ‚Äúgo ahead, make my day...‚Äù .@realDonaldTrump says ‚ÄúRussian Adoption‚Äù or something that I didn‚Äôt know about... https://t.co/ecpy0ZbPDl
Makes no fiscal sense under this Admin‚Äôs policies other than corporations are the greatest Americans of all! .@realDonaldTrump #Moron https://t.co/fULVvD8A0A
.@realDonaldTrump ‚Äòs obsession with undoing Obama accomplishments has no rhyme/reason other than racism, a disgust for his accomplishments.
.@SarahPalinUSA You may actually be dumber than .@realDonaldTrump and he actually ‚Äúwon‚Äù an election, which is saying a lot. https://t.co/sFXKJHocOM
@FoxNews @ericbolling I feel like they‚Äôve been pretty restrained, thanks to the FCC, no expletives on network TV! #Duh #LMAO #Bahahahah .@realDonaldTrump
@FoxNews @kimguilfoyle A rock would fair better than .@realDonaldTrump at this point!
@FoxNewsResearch @BretBaier It‚Äôs okay, .@realDonaldTrump will get them Apprenticeships or jobs at the WH Communications Dept!!! They are, after all, his states!!! #Baha
@Wasatch8892 @TuckerCarlson @IngrahamAngle @FoxNews Not great to look at, honey. I know English is a difficult language but you‚Äôll get there someday. #Dasvidaniya
@seanhannity @KellyannePolls Is tonight‚Äôs episode titled ‚ÄúTales from the Crypt‚Äù? #LMAO
@KatiePavlich You‚Äôre so brave, @KatiePavlich for putting yourself out there and being the poster child for medical atrocities under #ObamaCare. üôèüèº
@TheFive @POTUS @kimguilfoyle Hahahah!! WE ARE SEEING what happens. #DISASTER #SAD .@realDonaldTrump
@washingtonpost #Sad
@thehill They‚Äôre such cute #secretlovers !!! ü§ó
@TuckerCarlson @IngrahamAngle @FoxNews Not great, but if it means we don‚Äôt have to see you we‚Äôll take it!
@JoyAnnReid This #Circus has a new headliner every night! realDonaldTrump is the ringleader, of course! Step right up!
@SenTedCruz @NFIB If they‚Äôre having ‚Äúeconomic successes + opportunities‚Äù how can #Obamacare have a negative impact on them? #TrumpBeatYou #GetInLine
At least we know @KellyannePolls is not the ‚Äúleaker‚Äù ... #DehydratedAF https://t.co/i73eREsebQ
@foxandfriends @KellyannePolls At least we know @KellyannePolls is not the leaker! #DehydratedAF
Because they‚Äôve accomplished so much they should be taking on more work. #LMAO https://t.co/9HCFtQ2HnM
.@AnnCoulter you of all people I expected to stand up for #TransRights! #Sad! https://t.co/QZlWgQTdT2
.@realDonaldTrump #SoDumb he dont realize ‚ÄúRussian Adoption‚Äù code 4 sanctions. You think they want to talk to YOU abt family planning? LMAO!
‚ÄúThis‚Äù is not the degradation...the degradation of the presidency happened when #PussyGrabber @realDonaldTrump was elected and continues. https://t.co/arrCIvEr47
@AnnCoulter Don‚Äôt be jealous because @Scaramucci didn‚Äôt mention that you actually can! https://t.co/ZkB7gGbMJR
.@Scaramucci is a perfect fit for @realDonaldTrump ‚Äòs team. Together with @SHSanders45 the #circus is almost complete!
@marcorubio This is about #OrangeClown #POTUS @realDonaldTrump isn‚Äôt it? From the looks of it he‚Äôs been avoiding his reflection his whole life
@RepHartzler You have no clue what you‚Äôre talking about. Speak truth and not bigotry and maybe you‚Äôll get yourself somewhere, sweetheart.
@RepHartzler @realDonaldTrump And you thought voting against @realDonaldTrump on Health Care was gonna cost you your seat! Hahahah! #Fail #ByeFelicia
@JoeBiden #Amen
@realDonaldTrump You sure would know about letting the American people down!
@SHSanders45 @POTUS Or it could be @DonaldJTrumpJr The two handwritings are close
@SHSanders45 @POTUS #FakeNews. That‚Äôs @SHSanders45 handwriting for sure!!!
@Scaramucci @Reince45 And you‚Äôre the ‚ÄúCommunications Director‚Äù?!?!?! Lolololol #45 #Failures #Losers #Sad
@seanhannity @Scaramucci #Hilarious! #OrangeClown strikes again! Hahahah {{stupid smirk}}
@Scaramucci @FBI @TheJusticeDept @Reince45 You guys are such morons, it‚Äôs refreshing to see some new talent. The Orange Clown routine was starting to get old.
@realDonaldTrump You‚Äôre a #Joke that‚Äôs not funny anymore. Give it up. #epicfailure
Our strength is measured by our people‚Äôs‚Äô ability to stand UNITED.  realDonaldTrump is a bigot. #WorstPresident #TransRightsAreHumanRights
@realDonaldTrump loves superlatives, but at best he‚Äôs the most deplorable. #HorriblePresident #wontLastAYear #Dasvidaniya
A joke told over-and-over stops being funny. @realDonaldTrump is a 186-day joke now... #Sad